Archive member included to satisfy reference by file (symbol)

C:/ST/STM32CubeIDE_2.1.1/STM32CubeIDE/plugins/com.st.stm32cube.ide.mcu.externaltools.gnu-tools-for-stm32.14.3.rel1.win32_1.0.100.202602081740/tools/bin/../lib/gcc/arm-none-eabi/14.3.1/../../../../arm-none-eabi/lib/thumb/v8-m.main+fp/hard\libc_nano.a(libc_a-exit.o)
                              C:/ST/STM32CubeIDE_2.1.1/STM32CubeIDE/plugins/com.st.stm32cube.ide.mcu.externaltools.gnu-tools-for-stm32.14.3.rel1.win32_1.0.100.202602081740/tools/bin/../lib/gcc/arm-none-eabi/14.3.1/../../../../arm-none-eabi/lib/thumb/v8-m.main+fp/hard/crt0.o (exit)
C:/ST/STM32CubeIDE_2.1.1/STM32CubeIDE/plugins/com.st.stm32cube.ide.mcu.externaltools.gnu-tools-for-stm32.14.3.rel1.win32_1.0.100.202602081740/tools/bin/../lib/gcc/arm-none-eabi/14.3.1/../../../../arm-none-eabi/lib/thumb/v8-m.main+fp/hard\libc_nano.a(libc_a-nano-vfprintf_float.o)
                              (_printf_float)
C:/ST/STM32CubeIDE_2.1.1/STM32CubeIDE/plugins/com.st.stm32cube.ide.mcu.externaltools.gnu-tools-for-stm32.14.3.rel1.win32_1.0.100.202602081740/tools/bin/../lib/gcc/arm-none-eabi/14.3.1/../../../../arm-none-eabi/lib/thumb/v8-m.main+fp/hard\libc_nano.a(libc_a-nano-vfprintf_i.o)
                              C:/ST/STM32CubeIDE_2.1.1/STM32CubeIDE/plugins/com.st.stm32cube.ide.mcu.externaltools.gnu-tools-for-stm32.14.3.rel1.win32_1.0.100.202602081740/tools/bin/../lib/gcc/arm-none-eabi/14.3.1/../../../../arm-none-eabi/lib/thumb/v8-m.main+fp/hard\libc_nano.a(libc_a-nano-vfprintf_float.o) (_printf_common)
C:/ST/STM32CubeIDE_2.1.1/STM32CubeIDE/plugins/com.st.stm32cube.ide.mcu.externaltools.gnu-tools-for-stm32.14.3.rel1.win32_1.0.100.202602081740/tools/bin/../lib/gcc/arm-none-eabi/14.3.1/../../../../arm-none-eabi/lib/thumb/v8-m.main+fp/hard\libc_nano.a(libc_a-findfp.o)
                              C:/ST/STM32CubeIDE_2.1.1/STM32CubeIDE/plugins/com.st.stm32cube.ide.mcu.externaltools.gnu-tools-for-stm32.14.3.rel1.win32_1.0.100.202602081740/tools/bin/../lib/gcc/arm-none-eabi/14.3.1/../../../../arm-none-eabi/lib/thumb/v8-m.main+fp/hard\libc_nano.a(libc_a-exit.o) (__stdio_exit_handler)
C:/ST/STM32CubeIDE_2.1.1/STM32CubeIDE/plugins/com.st.stm32cube.ide.mcu.externaltools.gnu-tools-for-stm32.14.3.rel1.win32_1.0.100.202602081740/tools/bin/../lib/gcc/arm-none-eabi/14.3.1/../../../../arm-none-eabi/lib/thumb/v8-m.main+fp/hard\libc_nano.a(libc_a-fwalk.o)
                              C:/ST/STM32CubeIDE_2.1.1/STM32CubeIDE/plugins/com.st.stm32cube.ide.mcu.externaltools.gnu-tools-for-stm32.14.3.rel1.win32_1.0.100.202602081740/tools/bin/../lib/gcc/arm-none-eabi/14.3.1/../../../../arm-none-eabi/lib/thumb/v8-m.main+fp/hard\libc_nano.a(libc_a-findfp.o) (_fwalk_sglue)
C:/ST/STM32CubeIDE_2.1.1/STM32CubeIDE/plugins/com.st.stm32cube.ide.mcu.externaltools.gnu-tools-for-stm32.14.3.rel1.win32_1.0.100.202602081740/tools/bin/../lib/gcc/arm-none-eabi/14.3.1/../../../../arm-none-eabi/lib/thumb/v8-m.main+fp/hard\libc_nano.a(libc_a-stdio.o)
                              C:/ST/STM32CubeIDE_2.1.1/STM32CubeIDE/plugins/com.st.stm32cube.ide.mcu.externaltools.gnu-tools-for-stm32.14.3.rel1.win32_1.0.100.202602081740/tools/bin/../lib/gcc/arm-none-eabi/14.3.1/../../../../arm-none-eabi/lib/thumb/v8-m.main+fp/hard\libc_nano.a(libc_a-findfp.o) (__sread)
C:/ST/STM32CubeIDE_2.1.1/STM32CubeIDE/plugins/com.st.stm32cube.ide.mcu.externaltools.gnu-tools-for-stm32.14.3.rel1.win32_1.0.100.202602081740/tools/bin/../lib/gcc/arm-none-eabi/14.3.1/../../../../arm-none-eabi/lib/thumb/v8-m.main+fp/hard\libc_nano.a(libc_a-memset.o)
                              C:/ST/STM32CubeIDE_2.1.1/STM32CubeIDE/plugins/com.st.stm32cube.ide.mcu.externaltools.gnu-tools-for-stm32.14.3.rel1.win32_1.0.100.202602081740/tools/bin/../lib/gcc/arm-none-eabi/14.3.1/../../../../arm-none-eabi/lib/thumb/v8-m.main+fp/hard/crt0.o (memset)
C:/ST/STM32CubeIDE_2.1.1/STM32CubeIDE/plugins/com.st.stm32cube.ide.mcu.externaltools.gnu-tools-for-stm32.14.3.rel1.win32_1.0.100.202602081740/tools/bin/../lib/gcc/arm-none-eabi/14.3.1/../../../../arm-none-eabi/lib/thumb/v8-m.main+fp/hard\libc_nano.a(libc_a-localeconv.o)
                              C:/ST/STM32CubeIDE_2.1.1/STM32CubeIDE/plugins/com.st.stm32cube.ide.mcu.externaltools.gnu-tools-for-stm32.14.3.rel1.win32_1.0.100.202602081740/tools/bin/../lib/gcc/arm-none-eabi/14.3.1/../../../../arm-none-eabi/lib/thumb/v8-m.main+fp/hard\libc_nano.a(libc_a-nano-vfprintf_float.o) (_localeconv_r)
C:/ST/STM32CubeIDE_2.1.1/STM32CubeIDE/plugins/com.st.stm32cube.ide.mcu.externaltools.gnu-tools-for-stm32.14.3.rel1.win32_1.0.100.202602081740/tools/bin/../lib/gcc/arm-none-eabi/14.3.1/../../../../arm-none-eabi/lib/thumb/v8-m.main+fp/hard\libc_nano.a(libc_a-closer.o)
                              C:/ST/STM32CubeIDE_2.1.1/STM32CubeIDE/plugins/com.st.stm32cube.ide.mcu.externaltools.gnu-tools-for-stm32.14.3.rel1.win32_1.0.100.202602081740/tools/bin/../lib/gcc/arm-none-eabi/14.3.1/../../../../arm-none-eabi/lib/thumb/v8-m.main+fp/hard\libc_nano.a(libc_a-stdio.o) (_close_r)
[...]
Memory Configuration

Name             Origin             Length             Attributes
ROM              0x08000000         0x00040000         xr
RAM              0x20000000         0x00010000         xrw
*default*        0x00000000         0xffffffff

Linker script and memory map

LOAD C:/ST/STM32CubeIDE_2.1.1/STM32CubeIDE/plugins/com.st.stm32cube.ide.mcu.externaltools.gnu-tools-for-stm32.14.3.rel1.win32_1.0.100.202602081740/tools/bin/../lib/gcc/arm-none-eabi/14.3.1/thumb/v8-m.main+fp/hard/crti.o
LOAD C:/ST/STM32CubeIDE_2.1.1/STM32CubeIDE/plugins/com.st.stm32cube.ide.mcu.externaltools.gnu-tools-for-stm32.14.3.rel1.win32_1.0.100.202602081740/tools/bin/../lib/gcc/arm-none-eabi/14.3.1/thumb/v8-m.main+fp/hard/crtbegin.o
LOAD C:/ST/STM32CubeIDE_2.1.1/STM32CubeIDE/plugins/com.st.stm32cube.ide.mcu.externaltools.gnu-tools-for-stm32.14.3.rel1.win32_1.0.100.202602081740/tools/bin/../lib/gcc/arm-none-eabi/14.3.1/../../../../arm-none-eabi/lib/thumb/v8-m.main+fp/hard/crt0.o
START GROUP
LOAD C:/ST/STM32CubeIDE_2.1.1/STM32CubeIDE/plugins/com.st.stm32cube.ide.mcu.externaltools.gnu-tools-for-stm32.14.3.rel1.win32_1.0.100.202602081740/tools/bin/../lib/gcc/arm-none-eabi/14.3.1/../../../../arm-none-eabi/lib/thumb/v8-m.main+fp/hard\libc_nano.a
LOAD C:/ST/STM32CubeIDE_2.1.1/STM32CubeIDE/plugins/com.st.stm32cube.ide.mcu.externaltools.gnu-tools-for-stm32.14.3.rel1.win32_1.0.100.202602081740/tools/bin/../lib/gcc/arm-none-eabi/14.3.1/../../../../arm-none-eabi/lib/thumb/v8-m.main+fp/hard\libm.a
END GROUP
LOAD CMakeFiles/STM32C5_LSM6DSV80X_Project2.dir/main.c.obj
LOAD CMakeFiles/STM32C5_LSM6DSV80X_Project2.dir/lsm6dsv80x_reg.c.obj
LOAD CMakeFiles/STM32C5_LSM6DSV80X_Project2.dir/generated/hal/mx_cortex_mpu.c.obj
LOAD CMakeFiles/STM32C5_LSM6DSV80X_Project2.dir/generated/hal/mx_cortex_nvic.c.obj
LOAD CMakeFiles/STM32C5_LSM6DSV80X_Project2.dir/generated/hal/mx_gpio_default.c.obj
LOAD CMakeFiles/STM32C5_LSM6DSV80X_Project2.dir/generated/hal/mx_i2c1.c.obj
LOAD CMakeFiles/STM32C5_LSM6DSV80X_Project2.dir/generated/hal/mx_icache.c.obj
LOAD CMakeFiles/STM32C5_LSM6DSV80X_Project2.dir/generated/hal/mx_rcc.c.obj
LOAD CMakeFiles/STM32C5_LSM6DSV80X_Project2.dir/generated/hal/mx_system.c.obj
LOAD CMakeFiles/STM32C5_LSM6DSV80X_Project2.dir/generated/hal/mx_usart1.c.obj
LOAD CMakeFiles/STM32C5_LSM6DSV80X_Project2.dir/user_modifiable/Device/STM32C542CCT6/system_stm32c5xx.c.obj
LOAD CMakeFiles/STM32C5_LSM6DSV80X_Project2.dir/user_modifiable/Device/STM32C542CCT6/startup_stm32c542xx.c.obj
LOAD CMakeFiles/STM32C5_LSM6DSV80X_Project2.dir/stm32c5xx_drivers/hal/stm32c5xx_hal.c.obj
LOAD CMakeFiles/STM32C5_LSM6DSV80X_Project2.dir/stm32c5xx_drivers/hal/stm32c5xx_hal_cortex.c.obj
LOAD CMakeFiles/STM32C5_LSM6DSV80X_Project2.dir/stm32c5xx_drivers/hal/stm32c5xx_hal_dma.c.obj
LOAD CMakeFiles/STM32C5_LSM6DSV80X_Project2.dir/stm32c5xx_drivers/hal/stm32c5xx_hal_exti.c.obj
LOAD CMakeFiles/STM32C5_LSM6DSV80X_Project2.dir/stm32c5xx_drivers/hal/stm32c5xx_hal_flash_itf.c.obj
LOAD CMakeFiles/STM32C5_LSM6DSV80X_Project2.dir/stm32c5xx_drivers/hal/stm32c5xx_hal_gpio.c.obj
LOAD CMakeFiles/STM32C5_LSM6DSV80X_Project2.dir/stm32c5xx_drivers/hal/stm32c5xx_hal_i2c.c.obj
LOAD CMakeFiles/STM32C5_LSM6DSV80X_Project2.dir/stm32c5xx_drivers/hal/stm32c5xx_hal_icache.c.obj
LOAD CMakeFiles/STM32C5_LSM6DSV80X_Project2.dir/stm32c5xx_drivers/hal/stm32c5xx_hal_pwr.c.obj
LOAD CMakeFiles/STM32C5_LSM6DSV80X_Project2.dir/stm32c5xx_drivers/hal/stm32c5xx_hal_q.c.obj
LOAD CMakeFiles/STM32C5_LSM6DSV80X_Project2.dir/stm32c5xx_drivers/hal/stm32c5xx_hal_rcc.c.obj
LOAD CMakeFiles/STM32C5_LSM6DSV80X_Project2.dir/stm32c5xx_drivers/hal/stm32c5xx_hal_uart.c.obj
LOAD CMakeFiles/STM32C5_LSM6DSV80X_Project2.dir/utilities/syscalls/syscalls.c.obj
LOAD CMakeFiles/STM32C5_LSM6DSV80X_Project2.dir/utilities/syscalls/sysmem.c.obj
START GROUP
LOAD C:/ST/STM32CubeIDE_2.1.1/STM32CubeIDE/plugins/com.st.stm32cube.ide.mcu.externaltools.gnu-tools-for-stm32.14.3.rel1.win32_1.0.100.202602081740/tools/bin/../lib/gcc/arm-none-eabi/14.3.1/thumb/v8-m.main+fp/hard\libgcc.a
LOAD C:/ST/STM32CubeIDE_2.1.1/STM32CubeIDE/plugins/com.st.stm32cube.ide.mcu.externaltools.gnu-tools-for-stm32.14.3.rel1.win32_1.0.100.202602081740/tools/bin/../lib/gcc/arm-none-eabi/14.3.1/../../../../arm-none-eabi/lib/thumb/v8-m.main+fp/hard\libc_nano.a
END GROUP
START GROUP
LOAD C:/ST/STM32CubeIDE_2.1.1/STM32CubeIDE/plugins/com.st.stm32cube.ide.mcu.externaltools.gnu-tools-for-stm32.14.3.rel1.win32_1.0.100.202602081740/tools/bin/../lib/gcc/arm-none-eabi/14.3.1/thumb/v8-m.main+fp/hard\libgcc.a
LOAD C:/ST/STM32CubeIDE_2.1.1/STM32CubeIDE/plugins/com.st.stm32cube.ide.mcu.externaltools.gnu-tools-for-stm32.14.3.rel1.win32_1.0.100.202602081740/tools/bin/../lib/gcc/arm-none-eabi/14.3.1/../../../../arm-none-eabi/lib/thumb/v8-m.main+fp/hard\libc_nano.a
LOAD C:/ST/STM32CubeIDE_2.1.1/STM32CubeIDE/plugins/com.st.stm32cube.ide.mcu.externaltools.gnu-tools-for-stm32.14.3.rel1.win32_1.0.100.202602081740/tools/bin/../lib/gcc/arm-none-eabi/14.3.1/../../../../arm-none-eabi/lib/thumb/v8-m.main+fp/hard\libnosys.a
END GROUP
START GROUP
LOAD C:/ST/STM32CubeIDE_2.1.1/STM32CubeIDE/plugins/com.st.stm32cube.ide.mcu.externaltools.gnu-tools-for-stm32.14.3.rel1.win32_1.0.100.202602081740/tools/bin/../lib/gcc/arm-none-eabi/14.3.1/thumb/v8-m.main+fp/hard\libgcc.a
LOAD C:/ST/STM32CubeIDE_2.1.1/STM32CubeIDE/plugins/com.st.stm32cube.ide.mcu.externaltools.gnu-tools-for-stm32.14.3.rel1.win32_1.0.100.202602081740/tools/bin/../lib/gcc/arm-none-eabi/14.3.1/../../../../arm-none-eabi/lib/thumb/v8-m.main+fp/hard\libc_nano.a
LOAD C:/ST/STM32CubeIDE_2.1.1/STM32CubeIDE/plugins/com.st.stm32cube.ide.mcu.externaltools.gnu-tools-for-stm32.14.3.rel1.win32_1.0.100.202602081740/tools/bin/../lib/gcc/arm-none-eabi/14.3.1/../../../../arm-none-eabi/lib/thumb/v8-m.main+fp/hard\libnosys.a
END GROUP
LOAD C:/ST/STM32CubeIDE_2.1.1/STM32CubeIDE/plugins/com.st.stm32cube.ide.mcu.externaltools.gnu-tools-for-stm32.14.3.rel1.win32_1.0.100.202602081740/tools/bin/../lib/gcc/arm-none-eabi/14.3.1/thumb/v8-m.main+fp/hard/crtend.o
LOAD C:/ST/STM32CubeIDE_2.1.1/STM32CubeIDE/plugins/com.st.stm32cube.ide.mcu.externaltools.gnu-tools-for-stm32.14.3.rel1.win32_1.0.100.202602081740/tools/bin/../lib/gcc/arm-none-eabi/14.3.1/thumb/v8-m.main+fp/hard/crtn.o
                0x00000200                        HEAP_SIZE = 0x200
                0x00000400                        STACK_SIZE = 0x400

.vectors        0x08000000      0x1a8
                0x08000000                        . = ALIGN (0x8)
 *(.vectors)
 .vectors       0x08000000      0x1a4 CMakeFiles/STM32C5_LSM6DSV80X_Project2.dir/user_modifiable/Device/STM32C542CCT6/startup_stm32c542xx.c.obj
                0x08000000                __Vectors
                0x080001a8                        . = ALIGN (0x8)
 *fill*         0x080001a4        0x4 

.text           0x080001a8     0x9d20
                0x080001a8                        . = ALIGN (0x8)
 *(.text)
 .text          0x080001a8       0x40 C:/ST/STM32CubeIDE_2.1.1/STM32CubeIDE/plugins/com.st.stm32cube.ide.mcu.externaltools.gnu-tools-for-stm32.14.3.rel1.win32_1.0.100.202602081740/tools/bin/../lib/gcc/arm-none-eabi/14.3.1/thumb/v8-m.main+fp/hard/crtbegin.o
 .text          0x080001e8       0x7c C:/ST/STM32CubeIDE_2.1.1/STM32CubeIDE/plugins/com.st.stm32cube.ide.mcu.externaltools.gnu-tools-for-stm32.14.3.rel1.win32_1.0.100.202602081740/tools/bin/../lib/gcc/arm-none-eabi/14.3.1/../../../../arm-none-eabi/lib/thumb/v8-m.main+fp/hard/crt0.o
                0x080001e8                _stack_init
                0x080001f0                _start
                0x080001f0                _mainCRTStartup
 .text          0x08000264       0x10 C:/ST/STM32CubeIDE_2.1.1/STM32CubeIDE/plugins/com.st.stm32cube.ide.mcu.externaltools.gnu-tools-for-stm32.14.3.rel1.win32_1.0.100.202602081740/tools/bin/../lib/gcc/arm-none-eabi/14.3.1/../../../../arm-none-eabi/lib/thumb/v8-m.main+fp/hard\libc_nano.a(libc_a-strlen.o)
                0x08000264                strlen
 .text          0x08000274      0x378 C:/ST/STM32CubeIDE_2.1.1/STM32CubeIDE/plugins/com.st.stm32cube.ide.mcu.externaltools.gnu-tools-for-stm32.14.3.rel1.win32_1.0.100.202602081740/tools/bin/../lib/gcc/arm-none-eabi/14.3.1/thumb/v8-m.main+fp/hard\libgcc.a(_arm_addsubdf3.o)
                0x08000274                __aeabi_drsub
                0x0800027c                __aeabi_dsub
                0x0800027c                __subdf3
                0x08000280                __aeabi_dadd
                0x08000280                __adddf3
                0x080004f8                __floatunsidf
                0x080004f8                __aeabi_ui2d
                0x08000518                __floatsidf
                0x08000518                __aeabi_i2d
                0x0800053c                __aeabi_f2d
                0x0800053c                __extendsfdf2
                0x08000580                __floatundidf
                0x08000580                __aeabi_ul2d
                0x08000590                __floatdidf
                0x08000590                __aeabi_l2d
 .text          0x080005ec      0x424 C:/ST/STM32CubeIDE_2.1.1/STM32CubeIDE/plugins/com.st.stm32cube.ide.mcu.externaltools.gnu-tools-for-stm32.14.3.rel1.win32_1.0.100.202602081740/tools/bin/../lib/gcc/arm-none-eabi/14.3.1/thumb/v8-m.main+fp/hard\libgcc.a(_arm_muldivdf3.o)
                0x080005ec                __aeabi_dmul
                0x080005ec                __muldf3
                0x08000840                __divdf3
                0x08000840                __aeabi_ddiv
 .text          0x08000a10      0x110 C:/ST/STM32CubeIDE_2.1.1/STM32CubeIDE/plugins/com.st.stm32cube.ide.mcu.externaltools.gnu-tools-for-stm32.14.3.rel1.win32_1.0.100.202602081740/tools/bin/../lib/gcc/arm-none-eabi/14.3.1/thumb/v8-m.main+fp/hard\libgcc.a(_arm_cmpdf2.o)
                0x08000a10                __gtdf2
                0x08000a10                __gedf2
                0x08000a18                __ltdf2
                0x08000a18                __ledf2
                0x08000a20                __nedf2
                0x08000a20                __eqdf2
                0x08000a20                __cmpdf2
                0x08000a9c                __aeabi_cdrcmple
                0x08000aac                __aeabi_cdcmpeq
                0x08000aac                __aeabi_cdcmple
                0x08000abc                __aeabi_dcmpeq
                0x08000ad0                __aeabi_dcmplt
                0x08000ae4                __aeabi_dcmple
                0x08000af8                __aeabi_dcmpge
                0x08000b0c                __aeabi_dcmpgt
 .text          0x08000b20       0x2c C:/ST/STM32CubeIDE_2.1.1/STM32CubeIDE/plugins/com.st.stm32cube.ide.mcu.externaltools.gnu-tools-for-stm32.14.3.rel1.win32_1.0.100.202602081740/tools/bin/../lib/gcc/arm-none-eabi/14.3.1/thumb/v8-m.main+fp/hard\libgcc.a(_arm_unorddf2.o)
                0x08000b20                __unorddf2
                0x08000b20                __aeabi_dcmpun
 .text          0x08000b4c       0x50 C:/ST/STM32CubeIDE_2.1.1/STM32CubeIDE/plugins/com.st.stm32cube.ide.mcu.externaltools.gnu-tools-for-stm32.14.3.rel1.win32_1.0.100.202602081740/tools/bin/../lib/gcc/arm-none-eabi/14.3.1/thumb/v8-m.main+fp/hard\libgcc.a(_arm_fixdfsi.o)
                0x08000b4c                __aeabi_d2iz
                0x08000b4c                __fixdfsi
 .text          0x08000b9c       0xa0 C:/ST/STM32CubeIDE_2.1.1/STM32CubeIDE/plugins/com.st.stm32cube.ide.mcu.externaltools.gnu-tools-for-stm32.14.3.rel1.win32_1.0.100.202602081740/tools/bin/../lib/gcc/arm-none-eabi/14.3.1/thumb/v8-m.main+fp/hard\libgcc.a(_arm_truncdfsf2.o)
                0x08000b9c                __truncdfsf2
                0x08000b9c                __aeabi_d2f
 .text          0x08000c3c       0x30 C:/ST/STM32CubeIDE_2.1.1/STM32CubeIDE/plugins/com.st.stm32cube.ide.mcu.externaltools.gnu-tools-for-stm32.14.3.rel1.win32_1.0.100.202602081740/tools/bin/../lib/gcc/arm-none-eabi/14.3.1/thumb/v8-m.main+fp/hard\libgcc.a(_aeabi_uldivmod.o)
                0x08000c3c                __aeabi_uldivmod
 .text          0x08000c6c      0x34c C:/ST/STM32CubeIDE_2.1.1/STM32CubeIDE/plugins/com.st.stm32cube.ide.mcu.externaltools.gnu-tools-for-stm32.14.3.rel1.win32_1.0.100.202602081740/tools/bin/../lib/gcc/arm-none-eabi/14.3.1/thumb/v8-m.main+fp/hard\libgcc.a(_udivmoddi4.o)
                0x08000c6c                __udivmoddi4
 .text          0x08000fb8        0x4 C:/ST/STM32CubeIDE_2.1.1/STM32CubeIDE/plugins/com.st.stm32cube.ide.mcu.externaltools.gnu-tools-for-stm32.14.3.rel1.win32_1.0.100.202602081740/tools/bin/../lib/gcc/arm-none-eabi/14.3.1/thumb/v8-m.main+fp/hard\libgcc.a(_dvmd_tls.o)
                0x08000fb8                __aeabi_idiv0
                0x08000fb8                __aeabi_ldiv0
 *(.text*)
 .text.exit     0x08000fbc       0x24 C:/ST/STM32CubeIDE_2.1.1/STM32CubeIDE/plugins/com.st.stm32cube.ide.mcu.externaltools.gnu-tools-for-stm32.14.3.rel1.win32_1.0.100.202602081740/tools/bin/../lib/gcc/arm-none-eabi/14.3.1/../../../../arm-none-eabi/lib/thumb/v8-m.main+fp/hard\libc_nano.a(libc_a-exit.o)
                0x08000fbc                exit
 .text.__cvt    0x08000fe0       0xca C:/ST/STM32CubeIDE_2.1.1/STM32CubeIDE/plugins/com.st.stm32cube.ide.mcu.externaltools.gnu-tools-for-stm32.14.3.rel1.win32_1.0.100.202602081740/tools/bin/../lib/gcc/arm-none-eabi/14.3.1/../../../../arm-none-eabi/lib/thumb/v8-m.main+fp/hard\libc_nano.a(libc_a-nano-vfprintf_float.o)
                0x08000fe0                __cvt
 .text.__exponent
                0x080010aa       0x72 C:/ST/STM32CubeIDE_2.1.1/STM32CubeIDE/plugins/com.st.stm32cube.ide.mcu.externaltools.gnu-tools-for-stm32.14.3.rel1.win32_1.0.100.202602081740/tools/bin/../lib/gcc/arm-none-eabi/14.3.1/../../../../arm-none-eabi/lib/thumb/v8-m.main+fp/hard\libc_nano.a(libc_a-nano-vfprintf_float.o)
                0x080010aa                __exponent
 .text._printf_float
                0x0800111c      0x450 C:/ST/STM32CubeIDE_2.1.1/STM32CubeIDE/plugins/com.st.stm32cube.ide.mcu.externaltools.gnu-tools-for-stm32.14.3.rel1.win32_1.0.100.202602081740/tools/bin/../lib/gcc/arm-none-eabi/14.3.1/../../../../arm-none-eabi/lib/thumb/v8-m.main+fp/hard\libc_nano.a(libc_a-nano-vfprintf_float.o)
                0x0800111c                _printf_float
 .text._printf_common
                0x0800156c       0xe4 C:/ST/STM32CubeIDE_2.1.1/STM32CubeIDE/plugins/com.st.stm32cube.ide.mcu.externaltools.gnu-tools-for-stm32.14.3.rel1.win32_1.0.100.202602081740/tools/bin/../lib/gcc/arm-none-eabi/14.3.1/../../../../arm-none-eabi/lib/thumb/v8-m.main+fp/hard\libc_nano.a(libc_a-nano-vfprintf_i.o)
                0x0800156c                _printf_common
 .text._printf_i
                0x08001650      0x24c C:/ST/STM32CubeIDE_2.1.1/STM32CubeIDE/plugins/com.st.stm32cube.ide.mcu.externaltools.gnu-tools-for-stm32.14.3.rel1.win32_1.0.100.202602081740/tools/bin/../lib/gcc/arm-none-eabi/14.3.1/../../../../arm-none-eabi/lib/thumb/v8-m.main+fp/hard\libc_nano.a(libc_a-nano-vfprintf_i.o)
                0x08001650                _printf_i
 .text.std      0x0800189c       0x6c C:/ST/STM32CubeIDE_2.1.1/STM32CubeIDE/plugins/com.st.stm32cube.ide.mcu.externaltools.gnu-tools-for-stm32.14.3.rel1.win32_1.0.100.202602081740/tools/bin/../lib/gcc/arm-none-eabi/14.3.1/../../../../arm-none-eabi/lib/thumb/v8-m.main+fp/hard\libc_nano.a(libc_a-findfp.o)
 .text.stdio_exit_handler
                0x08001908       0x18 C:/ST/STM32CubeIDE_2.1.1/STM32CubeIDE/plugins/com.st.stm32cube.ide.mcu.externaltools.gnu-tools-for-stm32.14.3.rel1.win32_1.0.100.202602081740/tools/bin/../lib/gcc/arm-none-eabi/14.3.1/../../../../arm-none-eabi/lib/thumb/v8-m.main+fp/hard\libc_nano.a(libc_a-findfp.o)
 .text.cleanup_stdio
                0x08001920       0x40 C:/ST/STM32CubeIDE_2.1.1/STM32CubeIDE/plugins/com.st.stm32cube.ide.mcu.externaltools.gnu-tools-for-stm32.14.3.rel1.win32_1.0.100.202602081740/tools/bin/../lib/gcc/arm-none-eabi/14.3.1/../../../../arm-none-eabi/lib/thumb/v8-m.main+fp/hard\libc_nano.a(libc_a-findfp.o)
 .text.global_stdio_init.part.0
                0x08001960       0x40 C:/ST/STM32CubeIDE_2.1.1/STM32CubeIDE/plugins/com.st.stm32cube.ide.mcu.externaltools.gnu-tools-for-stm32.14.3.rel1.win32_1.0.100.202602081740/tools/bin/../lib/gcc/arm-none-eabi/14.3.1/../../../../arm-none-eabi/lib/thumb/v8-m.main+fp/hard\libc_nano.a(libc_a-findfp.o)
 .text.__sfp_lock_acquire
                0x080019a0        0xc C:/ST/STM32CubeIDE_2.1.1/STM32CubeIDE/plugins/com.st.stm32cube.ide.mcu.externaltools.gnu-tools-for-stm32.14.3.rel1.win32_1.0.100.202602081740/tools/bin/../lib/gcc/arm-none-eabi/14.3.1/../../../../arm-none-eabi/lib/thumb/v8-m.main+fp/hard\libc_nano.a(libc_a-findfp.o)
                0x080019a0                __sfp_lock_acquire
 .text.__sfp_lock_release
                0x080019ac        0xc C:/ST/STM32CubeIDE_2.1.1/STM32CubeIDE/plugins/com.st.stm32cube.ide.mcu.externaltools.gnu-tools-for-stm32.14.3.rel1.win32_1.0.100.202602081740/tools/bin/../lib/gcc/arm-none-eabi/14.3.1/../../../../arm-none-eabi/lib/thumb/v8-m.main+fp/hard\libc_nano.a(libc_a-findfp.o)
                0x080019ac                __sfp_lock_release
 .text.__sinit  0x080019b8       0x30 C:/ST/STM32CubeIDE_2.1.1/STM32CubeIDE/plugins/com.st.stm32cube.ide.mcu.externaltools.gnu-tools-for-stm32.14.3.rel1.win32_1.0.100.202602081740/tools/bin/../lib/gcc/arm-none-eabi/14.3.1/../../../../arm-none-eabi/lib/thumb/v8-m.main+fp/hard\libc_nano.a(libc_a-findfp.o)
                0x080019b8                __sinit
 .text._fwalk_sglue
                0x080019e8       0x3c C:/ST/STM32CubeIDE_2.1.1/STM32CubeIDE/plugins/com.st.stm32cube.ide.mcu.externaltools.gnu-tools-for-stm32.14.3.rel1.win32_1.0.100.202602081740/tools/bin/../lib/gcc/arm-none-eabi/14.3.1/../../../../arm-none-eabi/lib/thumb/v8-m.main+fp/hard\libc_nano.a(libc_a-fwalk.o)
                0x080019e8                _fwalk_sglue
 .text.__sread  0x08001a24       0x22 C:/ST/STM32CubeIDE_2.1.1/STM32CubeIDE/plugins/com.st.stm32cube.ide.mcu.externaltools.gnu-tools-for-stm32.14.3.rel1.win32_1.0.100.202602081740/tools/bin/../lib/gcc/arm-none-eabi/14.3.1/../../../../arm-none-eabi/lib/thumb/v8-m.main+fp/hard\libc_nano.a(libc_a-stdio.o)
                0x08001a24                __sread
 .text.__swrite
                0x08001a46       0x38 C:/ST/STM32CubeIDE_2.1.1/STM32CubeIDE/plugins/com.st.stm32cube.ide.mcu.externaltools.gnu-tools-for-stm32.14.3.rel1.win32_1.0.100.202602081740/tools/bin/../lib/gcc/arm-none-eabi/14.3.1/../../../../arm-none-eabi/lib/thumb/v8-m.main+fp/hard\libc_nano.a(libc_a-stdio.o)
                0x08001a46                __swrite
 .text.__sseek  0x08001a7e       0x26 C:/ST/STM32CubeIDE_2.1.1/STM32CubeIDE/plugins/com.st.stm32cube.ide.mcu.externaltools.gnu-tools-for-stm32.14.3.rel1.win32_1.0.100.202602081740/tools/bin/../lib/gcc/arm-none-eabi/14.3.1/../../../../arm-none-eabi/lib/thumb/v8-m.main+fp/hard\libc_nano.a(libc_a-stdio.o)
                0x08001a7e                __sseek
 .text.__sclose
                0x08001aa4        0x8 C:/ST/STM32CubeIDE_2.1.1/STM32CubeIDE/plugins/com.st.stm32cube.ide.mcu.externaltools.gnu-tools-for-stm32.14.3.rel1.win32_1.0.100.202602081740/tools/bin/../lib/gcc/arm-none-eabi/14.3.1/../../../../arm-none-eabi/lib/thumb/v8-m.main+fp/hard\libc_nano.a(libc_a-stdio.o)
                0x08001aa4                __sclose
 .text.memset   0x08001aac       0x10 C:/ST/STM32CubeIDE_2.1.1/STM32CubeIDE/plugins/com.st.stm32cube.ide.mcu.externaltools.gnu-tools-for-stm32.14.3.rel1.win32_1.0.100.202602081740/tools/bin/../lib/gcc/arm-none-eabi/14.3.1/../../../../arm-none-eabi/lib/thumb/v8-m.main+fp/hard\libc_nano.a(libc_a-memset.o)
                0x08001aac                memset
 .text._localeconv_r
                0x08001abc        0x8 C:/ST/STM32CubeIDE_2.1.1/STM32CubeIDE/plugins/com.st.stm32cube.ide.mcu.externaltools.gnu-tools-for-stm32.14.3.rel1.win32_1.0.100.202602081740/tools/bin/../lib/gcc/arm-none-eabi/14.3.1/../../../../arm-none-eabi/lib/thumb/v8-m.main+fp/hard\libc_nano.a(libc_a-localeconv.o)
                0x08001abc                _localeconv_r
 .text._close_r
                0x08001ac4       0x20 C:/ST/STM32CubeIDE_2.1.1/STM32CubeIDE/plugins/com.st.stm32cube.ide.mcu.externaltools.gnu-tools-for-stm32.14.3.rel1.win32_1.0.100.202602081740/tools/bin/../lib/gcc/arm-none-eabi/14.3.1/../../../../arm-none-eabi/lib/thumb/v8-m.main+fp/hard\libc_nano.a(libc_a-closer.o)
                0x08001ac4                _close_r
 .text._lseek_r
                0x08001ae4       0x24 C:/ST/STM32CubeIDE_2.1.1/STM32CubeIDE/plugins/com.st.stm32cube.ide.mcu.externaltools.gnu-tools-for-stm32.14.3.rel1.win32_1.0.100.202602081740/tools/bin/../lib/gcc/arm-none-eabi/14.3.1/../../../../arm-none-eabi/lib/thumb/v8-m.main+fp/hard\libc_nano.a(libc_a-lseekr.o)
                0x08001ae4                _lseek_r
 .text._read_r  0x08001b08       0x24 C:/ST/STM32CubeIDE_2.1.1/STM32CubeIDE/plugins/com.st.stm32cube.ide.mcu.externaltools.gnu-tools-for-stm32.14.3.rel1.win32_1.0.100.202602081740/tools/bin/../lib/gcc/arm-none-eabi/14.3.1/../../../../arm-none-eabi/lib/thumb/v8-m.main+fp/hard\libc_nano.a(libc_a-readr.o)
                0x08001b08                _read_r
 .text._write_r
                0x08001b2c       0x24 C:/ST/STM32CubeIDE_2.1.1/STM32CubeIDE/plugins/com.st.stm32cube.ide.mcu.externaltools.gnu-tools-for-stm32.14.3.rel1.win32_1.0.100.202602081740/tools/bin/../lib/gcc/arm-none-eabi/14.3.1/../../../../arm-none-eabi/lib/thumb/v8-m.main+fp/hard\libc_nano.a(libc_a-writer.o)
                0x08001b2c                _write_r
 .text.__libc_init_array
                0x08001b50       0x48 C:/ST/STM32CubeIDE_2.1.1/STM32CubeIDE/plugins/com.st.stm32cube.ide.mcu.externaltools.gnu-tools-for-stm32.14.3.rel1.win32_1.0.100.202602081740/tools/bin/../lib/gcc/arm-none-eabi/14.3.1/../../../../arm-none-eabi/lib/thumb/v8-m.main+fp/hard\libc_nano.a(libc_a-init.o)
                0x08001b50                __libc_init_array
 .text.__retarget_lock_init_recursive
                0x08001b98        0x2 C:/ST/STM32CubeIDE_2.1.1/STM32CubeIDE/plugins/com.st.stm32cube.ide.mcu.externaltools.gnu-tools-for-stm32.14.3.rel1.win32_1.0.100.202602081740/tools/bin/../lib/gcc/arm-none-eabi/14.3.1/../../../../arm-none-eabi/lib/thumb/v8-m.main+fp/hard\libc_nano.a(libc_a-lock.o)
                0x08001b98                __retarget_lock_init_recursive
 .text.__retarget_lock_acquire_recursive
                0x08001b9a        0x2 C:/ST/STM32CubeIDE_2.1.1/STM32CubeIDE/plugins/com.st.stm32cube.ide.mcu.externaltools.gnu-tools-for-stm32.14.3.rel1.win32_1.0.100.202602081740/tools/bin/../lib/gcc/arm-none-eabi/14.3.1/../../../../arm-none-eabi/lib/thumb/v8-m.main+fp/hard\libc_nano.a(libc_a-lock.o)
                0x08001b9a                __retarget_lock_acquire_recursive
 .text.__retarget_lock_release_recursive
                0x08001b9c        0x2 C:/ST/STM32CubeIDE_2.1.1/STM32CubeIDE/plugins/com.st.stm32cube.ide.mcu.externaltools.gnu-tools-for-stm32.14.3.rel1.win32_1.0.100.202602081740/tools/bin/../lib/gcc/arm-none-eabi/14.3.1/../../../../arm-none-eabi/lib/thumb/v8-m.main+fp/hard\libc_nano.a(libc_a-lock.o)
                0x08001b9c                __retarget_lock_release_recursive
 .text.memchr   0x08001b9e       0x1c C:/ST/STM32CubeIDE_2.1.1/STM32CubeIDE/plugins/com.st.stm32cube.ide.mcu.externaltools.gnu-tools-for-stm32.14.3.rel1.win32_1.0.100.202602081740/tools/bin/../lib/gcc/arm-none-eabi/14.3.1/../../../../arm-none-eabi/lib/thumb/v8-m.main+fp/hard\libc_nano.a(libc_a-memchr-stub.o)
                0x08001b9e                memchr
 .text.quorem   0x08001bba      0x11a C:/ST/STM32CubeIDE_2.1.1/STM32CubeIDE/plugins/com.st.stm32cube.ide.mcu.externaltools.gnu-tools-for-stm32.14.3.rel1.win32_1.0.100.202602081740/tools/bin/../lib/gcc/arm-none-eabi/14.3.1/../../../../arm-none-eabi/lib/thumb/v8-m.main+fp/hard\libc_nano.a(libc_a-dtoa.o)
 *fill*         0x08001cd4        0x4 
 .text._dtoa_r  0x08001cd8      0xbb8 C:/ST/STM32CubeIDE_2.1.1/STM32CubeIDE/plugins/com.st.stm32cube.ide.mcu.externaltools.gnu-tools-for-stm32.14.3.rel1.win32_1.0.100.202602081740/tools/bin/../lib/gcc/arm-none-eabi/14.3.1/../../../../arm-none-eabi/lib/thumb/v8-m.main+fp/hard\libc_nano.a(libc_a-dtoa.o)
                0x08001cd8                _dtoa_r
 .text._free_r  0x08002890       0x94 C:/ST/STM32CubeIDE_2.1.1/STM32CubeIDE/plugins/com.st.stm32cube.ide.mcu.externaltools.gnu-tools-for-stm32.14.3.rel1.win32_1.0.100.202602081740/tools/bin/../lib/gcc/arm-none-eabi/14.3.1/../../../../arm-none-eabi/lib/thumb/v8-m.main+fp/hard\libc_nano.a(libc_a-freer.o)
                0x08002890                _free_r
 .text.malloc   0x08002924       0x10 C:/ST/STM32CubeIDE_2.1.1/STM32CubeIDE/plugins/com.st.stm32cube.ide.mcu.externaltools.gnu-tools-for-stm32.14.3.rel1.win32_1.0.100.202602081740/tools/bin/../lib/gcc/arm-none-eabi/14.3.1/../../../../arm-none-eabi/lib/thumb/v8-m.main+fp/hard\libc_nano.a(libc_a-malloc.o)
                0x08002924                malloc
 .text.sbrk_aligned
                0x08002934       0x44 C:/ST/STM32CubeIDE_2.1.1/STM32CubeIDE/plugins/com.st.stm32cube.ide.mcu.externaltools.gnu-tools-for-stm32.14.3.rel1.win32_1.0.100.202602081740/tools/bin/../lib/gcc/arm-none-eabi/14.3.1/../../../../arm-none-eabi/lib/thumb/v8-m.main+fp/hard\libc_nano.a(libc_a-mallocr.o)
 .text._malloc_r
                0x08002978      0x100 C:/ST/STM32CubeIDE_2.1.1/STM32CubeIDE/plugins/com.st.stm32cube.ide.mcu.externaltools.gnu-tools-for-stm32.14.3.rel1.win32_1.0.100.202602081740/tools/bin/../lib/gcc/arm-none-eabi/14.3.1/../../../../arm-none-eabi/lib/thumb/v8-m.main+fp/hard\libc_nano.a(libc_a-mallocr.o)
                0x08002978                _malloc_r
 .text.__malloc_lock
                0x08002a78        0xc C:/ST/STM32CubeIDE_2.1.1/STM32CubeIDE/plugins/com.st.stm32cube.ide.mcu.externaltools.gnu-tools-for-stm32.14.3.rel1.win32_1.0.100.202602081740/tools/bin/../lib/gcc/arm-none-eabi/14.3.1/../../../../arm-none-eabi/lib/thumb/v8-m.main+fp/hard\libc_nano.a(libc_a-mlock.o)
                0x08002a78                __malloc_lock
 .text.__malloc_unlock
                0x08002a84        0xc C:/ST/STM32CubeIDE_2.1.1/STM32CubeIDE/plugins/com.st.stm32cube.ide.mcu.externaltools.gnu-tools-for-stm32.14.3.rel1.win32_1.0.100.202602081740/tools/bin/../lib/gcc/arm-none-eabi/14.3.1/../../../../arm-none-eabi/lib/thumb/v8-m.main+fp/hard\libc_nano.a(libc_a-mlock.o)
                0x08002a84                __malloc_unlock
 .text._Balloc  0x08002a90       0x7c C:/ST/STM32CubeIDE_2.1.1/STM32CubeIDE/plugins/com.st.stm32cube.ide.mcu.externaltools.gnu-tools-for-stm32.14.3.rel1.win32_1.0.100.202602081740/tools/bin/../lib/gcc/arm-none-eabi/14.3.1/../../../../arm-none-eabi/lib/thumb/v8-m.main+fp/hard\libc_nano.a(libc_a-mprec.o)
                0x08002a90                _Balloc
 .text._Bfree   0x08002b0c       0x44 C:/ST/STM32CubeIDE_2.1.1/STM32CubeIDE/plugins/com.st.stm32cube.ide.mcu.externaltools.gnu-tools-for-stm32.14.3.rel1.win32_1.0.100.202602081740/tools/bin/../lib/gcc/arm-none-eabi/14.3.1/../../../../arm-none-eabi/lib/thumb/v8-m.main+fp/hard\libc_nano.a(libc_a-mprec.o)
                0x08002b0c                _Bfree
 .text.__multadd
                0x08002b50       0x90 C:/ST/STM32CubeIDE_2.1.1/STM32CubeIDE/plugins/com.st.stm32cube.ide.mcu.externaltools.gnu-tools-for-stm32.14.3.rel1.win32_1.0.100.202602081740/tools/bin/../lib/gcc/arm-none-eabi/14.3.1/../../../../arm-none-eabi/lib/thumb/v8-m.main+fp/hard\libc_nano.a(libc_a-mprec.o)
                0x08002b50                __multadd
 .text.__hi0bits
                0x08002be0       0x3e C:/ST/STM32CubeIDE_2.1.1/STM32CubeIDE/plugins/com.st.stm32cube.ide.mcu.externaltools.gnu-tools-for-stm32.14.3.rel1.win32_1.0.100.202602081740/tools/bin/../lib/gcc/arm-none-eabi/14.3.1/../../../../arm-none-eabi/lib/thumb/v8-m.main+fp/hard\libc_nano.a(libc_a-mprec.o)
                0x08002be0                __hi0bits
 .text.__lo0bits
                0x08002c1e       0x5a C:/ST/STM32CubeIDE_2.1.1/STM32CubeIDE/plugins/com.st.stm32cube.ide.mcu.externaltools.gnu-tools-for-stm32.14.3.rel1.win32_1.0.100.202602081740/tools/bin/../lib/gcc/arm-none-eabi/14.3.1/../../../../arm-none-eabi/lib/thumb/v8-m.main+fp/hard\libc_nano.a(libc_a-mprec.o)
                0x08002c1e                __lo0bits
 .text.__i2b    0x08002c78       0x2c C:/ST/STM32CubeIDE_2.1.1/STM32CubeIDE/plugins/com.st.stm32cube.ide.mcu.externaltools.gnu-tools-for-stm32.14.3.rel1.win32_1.0.100.202602081740/tools/bin/../lib/gcc/arm-none-eabi/14.3.1/../../../../arm-none-eabi/lib/thumb/v8-m.main+fp/hard\libc_nano.a(libc_a-mprec.o)
                0x08002c78                __i2b
 .text.__multiply
                0x08002ca4      0x154 C:/ST/STM32CubeIDE_2.1.1/STM32CubeIDE/plugins/com.st.stm32cube.ide.mcu.externaltools.gnu-tools-for-stm32.14.3.rel1.win32_1.0.100.202602081740/tools/bin/../lib/gcc/arm-none-eabi/14.3.1/../../../../arm-none-eabi/lib/thumb/v8-m.main+fp/hard\libc_nano.a(libc_a-mprec.o)
                0x08002ca4                __multiply
 .text.__pow5mult
                0x08002df8       0xb8 C:/ST/STM32CubeIDE_2.1.1/STM32CubeIDE/plugins/com.st.stm32cube.ide.mcu.externaltools.gnu-tools-for-stm32.14.3.rel1.win32_1.0.100.202602081740/tools/bin/../lib/gcc/arm-none-eabi/14.3.1/../../../../arm-none-eabi/lib/thumb/v8-m.main+fp/hard\libc_nano.a(libc_a-mprec.o)
                0x08002df8                __pow5mult
 .text.__lshift
                0x08002eb0       0xd8 C:/ST/STM32CubeIDE_2.1.1/STM32CubeIDE/plugins/com.st.stm32cube.ide.mcu.externaltools.gnu-tools-for-stm32.14.3.rel1.win32_1.0.100.202602081740/tools/bin/../lib/gcc/arm-none-eabi/14.3.1/../../../../arm-none-eabi/lib/thumb/v8-m.main+fp/hard\libc_nano.a(libc_a-mprec.o)
                0x08002eb0                __lshift
 .text.__mcmp   0x08002f88       0x36 C:/ST/STM32CubeIDE_2.1.1/STM32CubeIDE/plugins/com.st.stm32cube.ide.mcu.externaltools.gnu-tools-for-stm32.14.3.rel1.win32_1.0.100.202602081740/tools/bin/../lib/gcc/arm-none-eabi/14.3.1/../../../../arm-none-eabi/lib/thumb/v8-m.main+fp/hard\libc_nano.a(libc_a-mprec.o)
                0x08002f88                __mcmp
 *fill*         0x08002fbe        0x2 
 .text.__mdiff  0x08002fc0      0x138 C:/ST/STM32CubeIDE_2.1.1/STM32CubeIDE/plugins/com.st.stm32cube.ide.mcu.externaltools.gnu-tools-for-stm32.14.3.rel1.win32_1.0.100.202602081740/tools/bin/../lib/gcc/arm-none-eabi/14.3.1/../../../../arm-none-eabi/lib/thumb/v8-m.main+fp/hard\libc_nano.a(libc_a-mprec.o)
                0x08002fc0                __mdiff
 .text.__d2b    0x080030f8       0xb0 C:/ST/STM32CubeIDE_2.1.1/STM32CubeIDE/plugins/com.st.stm32cube.ide.mcu.externaltools.gnu-tools-for-stm32.14.3.rel1.win32_1.0.100.202602081740/tools/bin/../lib/gcc/arm-none-eabi/14.3.1/../../../../arm-none-eabi/lib/thumb/v8-m.main+fp/hard\libc_nano.a(libc_a-mprec.o)
                0x080030f8                __d2b
 .text.__sflush_r
                0x080031a8      0x100 C:/ST/STM32CubeIDE_2.1.1/STM32CubeIDE/plugins/com.st.stm32cube.ide.mcu.externaltools.gnu-tools-for-stm32.14.3.rel1.win32_1.0.100.202602081740/tools/bin/../lib/gcc/arm-none-eabi/14.3.1/../../../../arm-none-eabi/lib/thumb/v8-m.main+fp/hard\libc_nano.a(libc_a-fflush.o)
                0x080031a8                __sflush_r
 .text._fflush_r
                0x080032a8       0x50 C:/ST/STM32CubeIDE_2.1.1/STM32CubeIDE/plugins/com.st.stm32cube.ide.mcu.externaltools.gnu-tools-for-stm32.14.3.rel1.win32_1.0.100.202602081740/tools/bin/../lib/gcc/arm-none-eabi/14.3.1/../../../../arm-none-eabi/lib/thumb/v8-m.main+fp/hard\libc_nano.a(libc_a-fflush.o)
                0x080032a8                _fflush_r
 .text._sbrk_r  0x080032f8       0x20 C:/ST/STM32CubeIDE_2.1.1/STM32CubeIDE/plugins/com.st.stm32cube.ide.mcu.externaltools.gnu-tools-for-stm32.14.3.rel1.win32_1.0.100.202602081740/tools/bin/../lib/gcc/arm-none-eabi/14.3.1/../../../../arm-none-eabi/lib/thumb/v8-m.main+fp/hard\libc_nano.a(libc_a-sbrkr.o)
                0x080032f8                _sbrk_r
 .text.memcpy   0x08003318       0x1a C:/ST/STM32CubeIDE_2.1.1/STM32CubeIDE/plugins/com.st.stm32cube.ide.mcu.externaltools.gnu-tools-for-stm32.14.3.rel1.win32_1.0.100.202602081740/tools/bin/../lib/gcc/arm-none-eabi/14.3.1/../../../../arm-none-eabi/lib/thumb/v8-m.main+fp/hard\libc_nano.a(libc_a-memcpy-stub.o)
                0x08003318                memcpy
 *fill*         0x08003332        0x2 
 .text.__assert_func
                0x08003334       0x3c C:/ST/STM32CubeIDE_2.1.1/STM32CubeIDE/plugins/com.st.stm32cube.ide.mcu.externaltools.gnu-tools-for-stm32.14.3.rel1.win32_1.0.100.202602081740/tools/bin/../lib/gcc/arm-none-eabi/14.3.1/../../../../arm-none-eabi/lib/thumb/v8-m.main+fp/hard\libc_nano.a(libc_a-assert.o)
                0x08003334                __assert_func
 .text._calloc_r
                0x08003370       0x28 C:/ST/STM32CubeIDE_2.1.1/STM32CubeIDE/plugins/com.st.stm32cube.ide.mcu.externaltools.gnu-tools-for-stm32.14.3.rel1.win32_1.0.100.202602081740/tools/bin/../lib/gcc/arm-none-eabi/14.3.1/../../../../arm-none-eabi/lib/thumb/v8-m.main+fp/hard\libc_nano.a(libc_a-callocr.o)
                0x08003370                _calloc_r
 .text.__ascii_mbtowc
                0x08003398       0x24 C:/ST/STM32CubeIDE_2.1.1/STM32CubeIDE/plugins/com.st.stm32cube.ide.mcu.externaltools.gnu-tools-for-stm32.14.3.rel1.win32_1.0.100.202602081740/tools/bin/../lib/gcc/arm-none-eabi/14.3.1/../../../../arm-none-eabi/lib/thumb/v8-m.main+fp/hard\libc_nano.a(libc_a-mbtowc_r.o)
                0x08003398                __ascii_mbtowc
 .text.__ascii_wctomb
                0x080033bc       0x1a C:/ST/STM32CubeIDE_2.1.1/STM32CubeIDE/plugins/com.st.stm32cube.ide.mcu.externaltools.gnu-tools-for-stm32.14.3.rel1.win32_1.0.100.202602081740/tools/bin/../lib/gcc/arm-none-eabi/14.3.1/../../../../arm-none-eabi/lib/thumb/v8-m.main+fp/hard\libc_nano.a(libc_a-wctomb_r.o)
                0x080033bc                __ascii_wctomb
 *fill*         0x080033d6        0x2 
 .text.fprintf  0x080033d8       0x24 C:/ST/STM32CubeIDE_2.1.1/STM32CubeIDE/plugins/com.st.stm32cube.ide.mcu.externaltools.gnu-tools-for-stm32.14.3.rel1.win32_1.0.100.202602081740/tools/bin/../lib/gcc/arm-none-eabi/14.3.1/../../../../arm-none-eabi/lib/thumb/v8-m.main+fp/hard\libc_nano.a(libc_a-fprintf.o)
                0x080033d8                fiprintf
                0x080033d8                fprintf
 .text.abort    0x080033fc        0xe C:/ST/STM32CubeIDE_2.1.1/STM32CubeIDE/plugins/com.st.stm32cube.ide.mcu.externaltools.gnu-tools-for-stm32.14.3.rel1.win32_1.0.100.202602081740/tools/bin/../lib/gcc/arm-none-eabi/14.3.1/../../../../arm-none-eabi/lib/thumb/v8-m.main+fp/hard\libc_nano.a(libc_a-abort.o)
                0x080033fc                abort
 .text.__sfputc_r
                0x0800340a       0x2e C:/ST/STM32CubeIDE_2.1.1/STM32CubeIDE/plugins/com.st.stm32cube.ide.mcu.externaltools.gnu-tools-for-stm32.14.3.rel1.win32_1.0.100.202602081740/tools/bin/../lib/gcc/arm-none-eabi/14.3.1/../../../../arm-none-eabi/lib/thumb/v8-m.main+fp/hard\libc_nano.a(libc_a-nano-vfprintf.o)
 .text.__sfputs_r
                0x08003438       0x24 C:/ST/STM32CubeIDE_2.1.1/STM32CubeIDE/plugins/com.st.stm32cube.ide.mcu.externaltools.gnu-tools-for-stm32.14.3.rel1.win32_1.0.100.202602081740/tools/bin/../lib/gcc/arm-none-eabi/14.3.1/../../../../arm-none-eabi/lib/thumb/v8-m.main+fp/hard\libc_nano.a(libc_a-nano-vfprintf.o)
                0x08003438                __sfputs_r
 .text._vfprintf_r
                0x0800345c      0x228 C:/ST/STM32CubeIDE_2.1.1/STM32CubeIDE/plugins/com.st.stm32cube.ide.mcu.externaltools.gnu-tools-for-stm32.14.3.rel1.win32_1.0.100.202602081740/tools/bin/../lib/gcc/arm-none-eabi/14.3.1/../../../../arm-none-eabi/lib/thumb/v8-m.main+fp/hard\libc_nano.a(libc_a-nano-vfprintf.o)
                0x0800345c                _vfprintf_r
                0x0800345c                _vfiprintf_r
 .text.__swbuf_r
                0x08003684       0x7c C:/ST/STM32CubeIDE_2.1.1/STM32CubeIDE/plugins/com.st.stm32cube.ide.mcu.externaltools.gnu-tools-for-stm32.14.3.rel1.win32_1.0.100.202602081740/tools/bin/../lib/gcc/arm-none-eabi/14.3.1/../../../../arm-none-eabi/lib/thumb/v8-m.main+fp/hard\libc_nano.a(libc_a-wbuf.o)
                0x08003684                __swbuf_r
 .text.__swsetup_r
                0x08003700       0xa8 C:/ST/STM32CubeIDE_2.1.1/STM32CubeIDE/plugins/com.st.stm32cube.ide.mcu.externaltools.gnu-tools-for-stm32.14.3.rel1.win32_1.0.100.202602081740/tools/bin/../lib/gcc/arm-none-eabi/14.3.1/../../../../arm-none-eabi/lib/thumb/v8-m.main+fp/hard\libc_nano.a(libc_a-wsetup.o)
                0x08003700                __swsetup_r
 .text._raise_r
                0x080037a8       0x50 C:/ST/STM32CubeIDE_2.1.1/STM32CubeIDE/plugins/com.st.stm32cube.ide.mcu.externaltools.gnu-tools-for-stm32.14.3.rel1.win32_1.0.100.202602081740/tools/bin/../lib/gcc/arm-none-eabi/14.3.1/../../../../arm-none-eabi/lib/thumb/v8-m.main+fp/hard\libc_nano.a(libc_a-signal.o)
                0x080037a8                _raise_r
 .text.raise    0x080037f8       0x10 C:/ST/STM32CubeIDE_2.1.1/STM32CubeIDE/plugins/com.st.stm32cube.ide.mcu.externaltools.gnu-tools-for-stm32.14.3.rel1.win32_1.0.100.202602081740/tools/bin/../lib/gcc/arm-none-eabi/14.3.1/../../../../arm-none-eabi/lib/thumb/v8-m.main+fp/hard\libc_nano.a(libc_a-signal.o)
                0x080037f8                raise
 .text._kill_r  0x08003808       0x24 C:/ST/STM32CubeIDE_2.1.1/STM32CubeIDE/plugins/com.st.stm32cube.ide.mcu.externaltools.gnu-tools-for-stm32.14.3.rel1.win32_1.0.100.202602081740/tools/bin/../lib/gcc/arm-none-eabi/14.3.1/../../../../arm-none-eabi/lib/thumb/v8-m.main+fp/hard\libc_nano.a(libc_a-signalr.o)
                0x08003808                _kill_r
 .text._getpid_r
                0x0800382c        0x4 C:/ST/STM32CubeIDE_2.1.1/STM32CubeIDE/plugins/com.st.stm32cube.ide.mcu.externaltools.gnu-tools-for-stm32.14.3.rel1.win32_1.0.100.202602081740/tools/bin/../lib/gcc/arm-none-eabi/14.3.1/../../../../arm-none-eabi/lib/thumb/v8-m.main+fp/hard\libc_nano.a(libc_a-signalr.o)
                0x0800382c                _getpid_r
 .text.__swhatbuf_r
                0x08003830       0x48 C:/ST/STM32CubeIDE_2.1.1/STM32CubeIDE/plugins/com.st.stm32cube.ide.mcu.externaltools.gnu-tools-for-stm32.14.3.rel1.win32_1.0.100.202602081740/tools/bin/../lib/gcc/arm-none-eabi/14.3.1/../../../../arm-none-eabi/lib/thumb/v8-m.main+fp/hard\libc_nano.a(libc_a-makebuf.o)
                0x08003830                __swhatbuf_r
 .text.__smakebuf_r
                0x08003878       0x72 C:/ST/STM32CubeIDE_2.1.1/STM32CubeIDE/plugins/com.st.stm32cube.ide.mcu.externaltools.gnu-tools-for-stm32.14.3.rel1.win32_1.0.100.202602081740/tools/bin/../lib/gcc/arm-none-eabi/14.3.1/../../../../arm-none-eabi/lib/thumb/v8-m.main+fp/hard\libc_nano.a(libc_a-makebuf.o)
                0x08003878                __smakebuf_r
 *fill*         0x080038ea        0x2 
 .text._fstat_r
                0x080038ec       0x24 C:/ST/STM32CubeIDE_2.1.1/STM32CubeIDE/plugins/com.st.stm32cube.ide.mcu.externaltools.gnu-tools-for-stm32.14.3.rel1.win32_1.0.100.202602081740/tools/bin/../lib/gcc/arm-none-eabi/14.3.1/../../../../arm-none-eabi/lib/thumb/v8-m.main+fp/hard\libc_nano.a(libc_a-fstatr.o)
                0x080038ec                _fstat_r
 .text._isatty_r
                0x08003910       0x20 C:/ST/STM32CubeIDE_2.1.1/STM32CubeIDE/plugins/com.st.stm32cube.ide.mcu.externaltools.gnu-tools-for-stm32.14.3.rel1.win32_1.0.100.202602081740/tools/bin/../lib/gcc/arm-none-eabi/14.3.1/../../../../arm-none-eabi/lib/thumb/v8-m.main+fp/hard\libc_nano.a(libc_a-isattyr.o)
                0x08003910                _isatty_r
 .text._write   0x08003930       0x30 CMakeFiles/STM32C5_LSM6DSV80X_Project2.dir/main.c.obj
                0x08003930                _write
 .text.HAL_EXTI_TriggerCallback
                0x08003960       0x30 CMakeFiles/STM32C5_LSM6DSV80X_Project2.dir/main.c.obj
                0x08003960                HAL_EXTI_TriggerCallback
 .text.main     0x08003990      0x8e8 CMakeFiles/STM32C5_LSM6DSV80X_Project2.dir/main.c.obj
                0x08003990                main
 .text.platform_write
                0x08004278       0x4a CMakeFiles/STM32C5_LSM6DSV80X_Project2.dir/main.c.obj
 .text.platform_read
                0x080042c2       0x4a CMakeFiles/STM32C5_LSM6DSV80X_Project2.dir/main.c.obj
 .text.platform_delay
                0x0800430c       0x16 CMakeFiles/STM32C5_LSM6DSV80X_Project2.dir/main.c.obj
 .text.lsm6dsv80x_read_reg
                0x08004322       0x40 CMakeFiles/STM32C5_LSM6DSV80X_Project2.dir/lsm6dsv80x_reg.c.obj
                0x08004322                lsm6dsv80x_read_reg
 .text.lsm6dsv80x_write_reg
                0x08004362       0x40 CMakeFiles/STM32C5_LSM6DSV80X_Project2.dir/lsm6dsv80x_reg.c.obj
                0x08004362                lsm6dsv80x_write_reg
 .text.bytecpy  0x080043a2       0x2a CMakeFiles/STM32C5_LSM6DSV80X_Project2.dir/lsm6dsv80x_reg.c.obj
 .text.lsm6dsv80x_from_fs2_to_mg
                0x080043cc       0x30 CMakeFiles/STM32C5_LSM6DSV80X_Project2.dir/lsm6dsv80x_reg.c.obj
                0x080043cc                lsm6dsv80x_from_fs2_to_mg
 .text.lsm6dsv80x_from_fs80_to_mg
                0x080043fc       0x30 CMakeFiles/STM32C5_LSM6DSV80X_Project2.dir/lsm6dsv80x_reg.c.obj
                0x080043fc                lsm6dsv80x_from_fs80_to_mg
 .text.lsm6dsv80x_from_fs2000_to_mdps
                0x0800442c       0x30 CMakeFiles/STM32C5_LSM6DSV80X_Project2.dir/lsm6dsv80x_reg.c.obj
                0x0800442c                lsm6dsv80x_from_fs2000_to_mdps
 .text.lsm6dsv80x_from_lsb_to_celsius
                0x0800445c       0x38 CMakeFiles/STM32C5_LSM6DSV80X_Project2.dir/lsm6dsv80x_reg.c.obj
                0x0800445c                lsm6dsv80x_from_lsb_to_celsius
 .text.lsm6dsv80x_sw_por
                0x08004494       0x54 CMakeFiles/STM32C5_LSM6DSV80X_Project2.dir/lsm6dsv80x_reg.c.obj
                0x08004494                lsm6dsv80x_sw_por
 .text.lsm6dsv80x_device_id_get
                0x080044e8       0x26 CMakeFiles/STM32C5_LSM6DSV80X_Project2.dir/lsm6dsv80x_reg.c.obj
                0x080044e8                lsm6dsv80x_device_id_get
 .text.lsm6dsv80x_xl_setup
                0x0800450e      0x260 CMakeFiles/STM32C5_LSM6DSV80X_Project2.dir/lsm6dsv80x_reg.c.obj
                0x0800450e                lsm6dsv80x_xl_setup
 .text.lsm6dsv80x_gy_setup
                0x0800476e      0x20e CMakeFiles/STM32C5_LSM6DSV80X_Project2.dir/lsm6dsv80x_reg.c.obj
                0x0800476e                lsm6dsv80x_gy_setup
 .text.lsm6dsv80x_haodr_set
                0x0800497c      0x26a CMakeFiles/STM32C5_LSM6DSV80X_Project2.dir/lsm6dsv80x_reg.c.obj
                0x0800497c                lsm6dsv80x_haodr_set
 *fill*         0x08004be6        0x2 
 .text.lsm6dsv80x_xl_data_rate_get
                0x08004be8      0x394 CMakeFiles/STM32C5_LSM6DSV80X_Project2.dir/lsm6dsv80x_reg.c.obj
                0x08004be8                lsm6dsv80x_xl_data_rate_get
 .text.lsm6dsv80x_hg_xl_data_rate_set
                0x08004f7c      0x110 CMakeFiles/STM32C5_LSM6DSV80X_Project2.dir/lsm6dsv80x_reg.c.obj
                0x08004f7c                lsm6dsv80x_hg_xl_data_rate_set
 .text.lsm6dsv80x_xl_mode_get
                0x0800508c       0xac CMakeFiles/STM32C5_LSM6DSV80X_Project2.dir/lsm6dsv80x_reg.c.obj
                0x0800508c                lsm6dsv80x_xl_mode_get
 .text.lsm6dsv80x_gy_data_rate_get
                0x08005138      0x394 CMakeFiles/STM32C5_LSM6DSV80X_Project2.dir/lsm6dsv80x_reg.c.obj
                0x08005138                lsm6dsv80x_gy_data_rate_get
 .text.lsm6dsv80x_gy_mode_get
                0x080054cc       0x94 CMakeFiles/STM32C5_LSM6DSV80X_Project2.dir/lsm6dsv80x_reg.c.obj
                0x080054cc                lsm6dsv80x_gy_mode_get
 .text.lsm6dsv80x_block_data_update_set
                0x08005560       0x54 CMakeFiles/STM32C5_LSM6DSV80X_Project2.dir/lsm6dsv80x_reg.c.obj
                0x08005560                lsm6dsv80x_block_data_update_set
 .text.lsm6dsv80x_gy_full_scale_set
                0x080055b4       0xd0 CMakeFiles/STM32C5_LSM6DSV80X_Project2.dir/lsm6dsv80x_reg.c.obj
                0x080055b4                lsm6dsv80x_gy_full_scale_set
 .text.lsm6dsv80x_xl_full_scale_set
                0x08005684       0x54 CMakeFiles/STM32C5_LSM6DSV80X_Project2.dir/lsm6dsv80x_reg.c.obj
                0x08005684                lsm6dsv80x_xl_full_scale_set
 .text.lsm6dsv80x_hg_xl_full_scale_set
                0x080056d8       0x54 CMakeFiles/STM32C5_LSM6DSV80X_Project2.dir/lsm6dsv80x_reg.c.obj
                0x080056d8                lsm6dsv80x_hg_xl_full_scale_set
 .text.lsm6dsv80x_pin_int1_route_hg_set
                0x0800572c       0xe2 CMakeFiles/STM32C5_LSM6DSV80X_Project2.dir/lsm6dsv80x_reg.c.obj
                0x0800572c                lsm6dsv80x_pin_int1_route_hg_set
 .text.lsm6dsv80x_flag_data_ready_get
                0x0800580e       0x7e CMakeFiles/STM32C5_LSM6DSV80X_Project2.dir/lsm6dsv80x_reg.c.obj
                0x0800580e                lsm6dsv80x_flag_data_ready_get
 .text.lsm6dsv80x_temperature_raw_get
                0x0800588c       0x4a CMakeFiles/STM32C5_LSM6DSV80X_Project2.dir/lsm6dsv80x_reg.c.obj
                0x0800588c                lsm6dsv80x_temperature_raw_get
 .text.lsm6dsv80x_angular_rate_raw_get
                0x080058d6       0x7c CMakeFiles/STM32C5_LSM6DSV80X_Project2.dir/lsm6dsv80x_reg.c.obj
                0x080058d6                lsm6dsv80x_angular_rate_raw_get
 .text.lsm6dsv80x_acceleration_raw_get
                0x08005952       0x7c CMakeFiles/STM32C5_LSM6DSV80X_Project2.dir/lsm6dsv80x_reg.c.obj
                0x08005952                lsm6dsv80x_acceleration_raw_get
 .text.lsm6dsv80x_hg_acceleration_raw_get
                0x080059ce       0x7c CMakeFiles/STM32C5_LSM6DSV80X_Project2.dir/lsm6dsv80x_reg.c.obj
                0x080059ce                lsm6dsv80x_hg_acceleration_raw_get
 .text.lsm6dsv80x_filt_settling_mask_set
                0x08005a4a       0xd4 CMakeFiles/STM32C5_LSM6DSV80X_Project2.dir/lsm6dsv80x_reg.c.obj
                0x08005a4a                lsm6dsv80x_filt_settling_mask_set
 .text.lsm6dsv80x_filt_gy_lp1_bandwidth_set
                0x08005b1e       0x54 CMakeFiles/STM32C5_LSM6DSV80X_Project2.dir/lsm6dsv80x_reg.c.obj
                0x08005b1e                lsm6dsv80x_filt_gy_lp1_bandwidth_set
 .text.lsm6dsv80x_filt_gy_lp1_set
                0x08005b72       0x54 CMakeFiles/STM32C5_LSM6DSV80X_Project2.dir/lsm6dsv80x_reg.c.obj
                0x08005b72                lsm6dsv80x_filt_gy_lp1_set
 .text.lsm6dsv80x_filt_xl_lp2_bandwidth_set
                0x08005bc6       0x54 CMakeFiles/STM32C5_LSM6DSV80X_Project2.dir/lsm6dsv80x_reg.c.obj
                0x08005bc6                lsm6dsv80x_filt_xl_lp2_bandwidth_set
 .text.lsm6dsv80x_filt_xl_lp2_set
                0x08005c1a       0x54 CMakeFiles/STM32C5_LSM6DSV80X_Project2.dir/lsm6dsv80x_reg.c.obj
                0x08005c1a                lsm6dsv80x_filt_xl_lp2_set
 *fill*         0x08005c6e        0x2 
 .text.mx_cortex_mpu_init
                0x08005c70       0x5c CMakeFiles/STM32C5_LSM6DSV80X_Project2.dir/generated/hal/mx_cortex_mpu.c.obj
                0x08005c70                mx_cortex_mpu_init
 .text.mx_cortex_nvic_init
                0x08005ccc       0x12 CMakeFiles/STM32C5_LSM6DSV80X_Project2.dir/generated/hal/mx_cortex_nvic.c.obj
                0x08005ccc                mx_cortex_nvic_init
 *fill*         0x08005cde        0x2 
 .text.LL_AHB2_GRP1_EnableClock
                0x08005ce0       0x60 CMakeFiles/STM32C5_LSM6DSV80X_Project2.dir/generated/hal/mx_gpio_default.c.obj
 .text.HAL_RCC_GPIOA_EnableClock
                0x08005d40        0xe CMakeFiles/STM32C5_LSM6DSV80X_Project2.dir/generated/hal/mx_gpio_default.c.obj
 .text.HAL_RCC_GPIOB_EnableClock
                0x08005d4e        0xe CMakeFiles/STM32C5_LSM6DSV80X_Project2.dir/generated/hal/mx_gpio_default.c.obj
 .text.mx_gpio_default_init
                0x08005d5c       0xe0 CMakeFiles/STM32C5_LSM6DSV80X_Project2.dir/generated/hal/mx_gpio_default.c.obj
                0x08005d5c                mx_gpio_default_init
 .text.EXTI0_IRQHandler
                0x08005e3c       0x14 CMakeFiles/STM32C5_LSM6DSV80X_Project2.dir/generated/hal/mx_gpio_default.c.obj
                0x08005e3c                EXTI0_IRQHandler
 .text.LL_AHB2_GRP1_EnableClock
                0x08005e50       0x60 CMakeFiles/STM32C5_LSM6DSV80X_Project2.dir/generated/hal/mx_i2c1.c.obj
 .text.LL_APB1_GRP1_EnableClock
                0x08005eb0       0x60 CMakeFiles/STM32C5_LSM6DSV80X_Project2.dir/generated/hal/mx_i2c1.c.obj
 .text.HAL_RCC_GPIOB_EnableClock
                0x08005f10        0xe CMakeFiles/STM32C5_LSM6DSV80X_Project2.dir/generated/hal/mx_i2c1.c.obj
 .text.HAL_RCC_I2C1_EnableClock
                0x08005f1e       0x10 CMakeFiles/STM32C5_LSM6DSV80X_Project2.dir/generated/hal/mx_i2c1.c.obj
 *fill*         0x08005f2e        0x2 
 .text.mx_i2c1_i2c_init
                0x08005f30       0x9c CMakeFiles/STM32C5_LSM6DSV80X_Project2.dir/generated/hal/mx_i2c1.c.obj
                0x08005f30                mx_i2c1_i2c_init
 .text.mx_i2c1_i2c_gethandle
                0x08005fcc       0x14 CMakeFiles/STM32C5_LSM6DSV80X_Project2.dir/generated/hal/mx_i2c1.c.obj
                0x08005fcc                mx_i2c1_i2c_gethandle
 .text.mx_icache_init
                0x08005fe0       0x28 CMakeFiles/STM32C5_LSM6DSV80X_Project2.dir/generated/hal/mx_icache.c.obj
                0x08005fe0                mx_icache_init
 .text.mx_icache_gethandle
                0x08006008       0x14 CMakeFiles/STM32C5_LSM6DSV80X_Project2.dir/generated/hal/mx_icache.c.obj
                0x08006008                mx_icache_gethandle
 .text.mx_rcc_init
                0x0800601c       0xc0 CMakeFiles/STM32C5_LSM6DSV80X_Project2.dir/generated/hal/mx_rcc.c.obj
                0x0800601c                mx_rcc_init
 .text.mx_rcc_peripherals_clock_config
                0x080060dc       0x12 CMakeFiles/STM32C5_LSM6DSV80X_Project2.dir/generated/hal/mx_rcc.c.obj
                0x080060dc                mx_rcc_peripherals_clock_config
 .text.mx_system_init
                0x080060ee       0xe8 CMakeFiles/STM32C5_LSM6DSV80X_Project2.dir/generated/hal/mx_system.c.obj
                0x080060ee                mx_system_init
 .text.SysTick_Handler
                0x080061d6       0x10 CMakeFiles/STM32C5_LSM6DSV80X_Project2.dir/generated/hal/mx_system.c.obj
                0x080061d6                SysTick_Handler
 .text.pre_system_init_hook
                0x080061e6       0x12 CMakeFiles/STM32C5_LSM6DSV80X_Project2.dir/generated/hal/mx_system.c.obj
                0x080061e6                pre_system_init_hook
 .text.post_system_init_hook
                0x080061f8       0x12 CMakeFiles/STM32C5_LSM6DSV80X_Project2.dir/generated/hal/mx_system.c.obj
                0x080061f8                post_system_init_hook
 *fill*         0x0800620a        0x2 
 .text.LL_AHB2_GRP1_EnableClock
                0x0800620c       0x60 CMakeFiles/STM32C5_LSM6DSV80X_Project2.dir/generated/hal/mx_usart1.c.obj
 .text.LL_APB2_GRP1_EnableClock
                0x0800626c       0x60 CMakeFiles/STM32C5_LSM6DSV80X_Project2.dir/generated/hal/mx_usart1.c.obj
 .text.HAL_RCC_GPIOA_EnableClock
                0x080062cc        0xe CMakeFiles/STM32C5_LSM6DSV80X_Project2.dir/generated/hal/mx_usart1.c.obj
 .text.HAL_RCC_USART1_EnableClock
                0x080062da       0x10 CMakeFiles/STM32C5_LSM6DSV80X_Project2.dir/generated/hal/mx_usart1.c.obj
 *fill*         0x080062ea        0x2 
 .text.mx_usart1_uart_init
                0x080062ec       0xac CMakeFiles/STM32C5_LSM6DSV80X_Project2.dir/generated/hal/mx_usart1.c.obj
                0x080062ec                mx_usart1_uart_init
 .text.mx_usart1_uart_gethandle
                0x08006398       0x14 CMakeFiles/STM32C5_LSM6DSV80X_Project2.dir/generated/hal/mx_usart1.c.obj
                0x08006398                mx_usart1_uart_gethandle
 .text.SCB_SetVTOR
                0x080063ac       0x20 CMakeFiles/STM32C5_LSM6DSV80X_Project2.dir/user_modifiable/Device/STM32C542CCT6/system_stm32c5xx.c.obj
 .text.SCB_EnableFPU
                0x080063cc       0x24 CMakeFiles/STM32C5_LSM6DSV80X_Project2.dir/user_modifiable/Device/STM32C542CCT6/system_stm32c5xx.c.obj
 .text.SystemInit
                0x080063f0       0x18 CMakeFiles/STM32C5_LSM6DSV80X_Project2.dir/user_modifiable/Device/STM32C542CCT6/system_stm32c5xx.c.obj
                0x080063f0                SystemInit
 .text.Reset_Handler
                0x08006408       0xc4 CMakeFiles/STM32C5_LSM6DSV80X_Project2.dir/user_modifiable/Device/STM32C542CCT6/startup_stm32c542xx.c.obj
                0x08006408                Reset_Handler
 .text.HardFault_Handler
                0x080064cc        0x8 CMakeFiles/STM32C5_LSM6DSV80X_Project2.dir/user_modifiable/Device/STM32C542CCT6/startup_stm32c542xx.c.obj
                0x080064cc                HardFault_Handler
 .text.Default_IRQHandler
                0x080064d4        0x8 CMakeFiles/STM32C5_LSM6DSV80X_Project2.dir/user_modifiable/Device/STM32C542CCT6/startup_stm32c542xx.c.obj
                0x080064d4                EXTI2_IRQHandler
                0x080064d4                TIM8_CC_IRQHandler
                0x080064d4                EXTI5_IRQHandler
                0x080064d4                DebugMon_Handler
                0x080064d4                TIM8_TRGI_COM_DIR_IDX_IRQHandler
                0x080064d4                EXTI13_IRQHandler
                0x080064d4                LPDMA2_CH1_IRQHandler
                0x080064d4                I2C1_ERR_IRQHandler
                0x080064d4                TIM1_CC_IRQHandler
                0x080064d4                TAMP_IRQHandler
                0x080064d4                TIM6_IRQHandler
                0x080064d4                EXTI12_IRQHandler
                0x080064d4                CORDIC_IRQHandler
                0x080064d4                PendSV_Handler
                0x080064d4                USB_DRD_FS_IRQHandler
                0x080064d4                NMI_Handler
                0x080064d4                EXTI3_IRQHandler
                0x080064d4                EXTI8_IRQHandler
                0x080064d4                PWR_PVD_IRQHandler
                0x080064d4                FPU_IRQHandler
                0x080064d4                FDCAN1_IT1_IRQHandler
                0x080064d4                RAMCFG_IRQHandler
                0x080064d4                UsageFault_Handler
                0x080064d4                TIM1_UPD_IRQHandler
                0x080064d4                SPI1_IRQHandler
                0x080064d4                ADC1_IRQHandler
                0x080064d4                EXTI15_IRQHandler
                0x080064d4                RTC_IRQHandler
                0x080064d4                EXTI9_IRQHandler
                0x080064d4                UART5_IRQHandler
                0x080064d4                LPDMA2_CH3_IRQHandler
                0x080064d4                LPDMA1_CH1_IRQHandler
                0x080064d4                I2C1_EV_IRQHandler
                0x080064d4                UART4_IRQHandler
                0x080064d4                RCC_IRQHandler
                0x080064d4                COMP2_IRQHandler
                0x080064d4                LPDMA2_CH2_IRQHandler
                0x080064d4                TIM12_IRQHandler
                0x080064d4                TIM7_IRQHandler
                0x080064d4                I3C1_EV_IRQHandler
                0x080064d4                TIM15_IRQHandler
                0x080064d4                TIM8_BRK_TERR_IERR_IRQHandler
                0x080064d4                TIM8_UPD_IRQHandler
                0x080064d4                SPI2_IRQHandler
                0x080064d4                MemManage_Handler
                0x080064d4                LPDMA1_CH3_IRQHandler
                0x080064d4                EXTI14_IRQHandler
                0x080064d4                EXTI11_IRQHandler
                0x080064d4                SVC_Handler
                0x080064d4                CRS_IRQHandler
                0x080064d4                EXTI4_IRQHandler
                0x080064d4                TIM1_BRK_TERR_IERR_IRQHandler
                0x080064d4                RNG_IRQHandler
                0x080064d4                FDCAN2_IT1_IRQHandler
                0x080064d4                TIM1_TRGI_COM_DIR_IDX_IRQHandler
                0x080064d4                LPDMA2_CH0_IRQHandler
                0x080064d4                I3C1_ERR_IRQHandler
                0x080064d4                WWDG_IRQHandler
                0x080064d4                Default_IRQHandler
                0x080064d4                FDCAN2_IT0_IRQHandler
                0x080064d4                IWDG_IRQHandler
                0x080064d4                LPUART1_IRQHandler
                0x080064d4                FDCAN1_IT0_IRQHandler
                0x080064d4                TIM2_IRQHandler
                0x080064d4                LPDMA1_CH2_IRQHandler
                0x080064d4                EXTI7_IRQHandler
                0x080064d4                EXTI1_IRQHandler
                0x080064d4                AES_IRQHandler
                0x080064d4                DAC1_IRQHandler
                0x080064d4                USART2_IRQHandler
                0x080064d4                FLASH_IRQHandler
                0x080064d4                BusFault_Handler
                0x080064d4                USART1_IRQHandler
                0x080064d4                EXTI10_IRQHandler
                0x080064d4                LPDMA1_CH0_IRQHandler
                0x080064d4                EXTI6_IRQHandler
                0x080064d4                COMP1_IRQHandler
                0x080064d4                LPTIM1_IRQHandler
                0x080064d4                ICACHE_IRQHandler
                0x080064d4                HASH_IRQHandler
 .text.Default_IRQHandler_Hook
                0x080064dc        0x8 CMakeFiles/STM32C5_LSM6DSV80X_Project2.dir/user_modifiable/Device/STM32C542CCT6/startup_stm32c542xx.c.obj
                0x080064dc                Default_IRQHandler_Hook
 .text.LL_RCC_GetAHBPrescaler
                0x080064e4       0x1c CMakeFiles/STM32C5_LSM6DSV80X_Project2.dir/stm32c5xx_drivers/hal/stm32c5xx_hal.c.obj
 .text.LL_FLASH_EnablePrefetch
                0x08006500       0x20 CMakeFiles/STM32C5_LSM6DSV80X_Project2.dir/stm32c5xx_drivers/hal/stm32c5xx_hal.c.obj
 .text.HAL_Init
                0x08006520       0x44 CMakeFiles/STM32C5_LSM6DSV80X_Project2.dir/stm32c5xx_drivers/hal/stm32c5xx_hal.c.obj
                0x08006520                HAL_Init
 .text.HAL_InitTick
                0x08006564       0x68 CMakeFiles/STM32C5_LSM6DSV80X_Project2.dir/stm32c5xx_drivers/hal/stm32c5xx_hal.c.obj
                0x08006564                HAL_InitTick
 .text.HAL_UpdateCoreClock
                0x080065cc       0x30 CMakeFiles/STM32C5_LSM6DSV80X_Project2.dir/stm32c5xx_drivers/hal/stm32c5xx_hal.c.obj
                0x080065cc                HAL_UpdateCoreClock
 .text.HAL_IncTick
                0x080065fc       0x28 CMakeFiles/STM32C5_LSM6DSV80X_Project2.dir/stm32c5xx_drivers/hal/stm32c5xx_hal.c.obj
                0x080065fc                HAL_IncTick
 .text.HAL_GetTick
                0x08006624       0x18 CMakeFiles/STM32C5_LSM6DSV80X_Project2.dir/stm32c5xx_drivers/hal/stm32c5xx_hal.c.obj
                0x08006624                HAL_GetTick
 .text.HAL_Delay
                0x0800663c       0x4c CMakeFiles/STM32C5_LSM6DSV80X_Project2.dir/stm32c5xx_drivers/hal/stm32c5xx_hal.c.obj
                0x0800663c                HAL_Delay
 .text.__NVIC_SetPriorityGrouping
                0x08006688       0x48 CMakeFiles/STM32C5_LSM6DSV80X_Project2.dir/stm32c5xx_drivers/hal/stm32c5xx_hal_cortex.c.obj
 .text.__NVIC_GetPriorityGrouping
                0x080066d0       0x1c CMakeFiles/STM32C5_LSM6DSV80X_Project2.dir/stm32c5xx_drivers/hal/stm32c5xx_hal_cortex.c.obj
 .text.__NVIC_EnableIRQ
                0x080066ec       0x3c CMakeFiles/STM32C5_LSM6DSV80X_Project2.dir/stm32c5xx_drivers/hal/stm32c5xx_hal_cortex.c.obj
 .text.__NVIC_SetPriority
                0x08006728       0x54 CMakeFiles/STM32C5_LSM6DSV80X_Project2.dir/stm32c5xx_drivers/hal/stm32c5xx_hal_cortex.c.obj
 .text.NVIC_EncodePriority
                0x0800677c       0x66 CMakeFiles/STM32C5_LSM6DSV80X_Project2.dir/stm32c5xx_drivers/hal/stm32c5xx_hal_cortex.c.obj
 *fill*         0x080067e2        0x2 
 .text.ARM_MPU_Enable
                0x080067e4       0x44 CMakeFiles/STM32C5_LSM6DSV80X_Project2.dir/stm32c5xx_drivers/hal/stm32c5xx_hal_cortex.c.obj
 .text.ARM_MPU_Disable
                0x08006828       0x40 CMakeFiles/STM32C5_LSM6DSV80X_Project2.dir/stm32c5xx_drivers/hal/stm32c5xx_hal_cortex.c.obj
 .text.ARM_MPU_SetMemAttrEx
                0x08006868       0x6a CMakeFiles/STM32C5_LSM6DSV80X_Project2.dir/stm32c5xx_drivers/hal/stm32c5xx_hal_cortex.c.obj
 *fill*         0x080068d2        0x2 
 .text.ARM_MPU_SetMemAttr
                0x080068d4       0x28 CMakeFiles/STM32C5_LSM6DSV80X_Project2.dir/stm32c5xx_drivers/hal/stm32c5xx_hal_cortex.c.obj
 .text.ARM_MPU_SetRegionEx
                0x080068fc       0x2c CMakeFiles/STM32C5_LSM6DSV80X_Project2.dir/stm32c5xx_drivers/hal/stm32c5xx_hal_cortex.c.obj
 .text.ARM_MPU_SetRegion
                0x08006928       0x24 CMakeFiles/STM32C5_LSM6DSV80X_Project2.dir/stm32c5xx_drivers/hal/stm32c5xx_hal_cortex.c.obj
 .text.SysTick_SetClkSource
                0x0800694c       0x38 CMakeFiles/STM32C5_LSM6DSV80X_Project2.dir/stm32c5xx_drivers/hal/stm32c5xx_hal_cortex.c.obj
 .text.SysTick_GetClkSource
                0x08006984       0x1c CMakeFiles/STM32C5_LSM6DSV80X_Project2.dir/stm32c5xx_drivers/hal/stm32c5xx_hal_cortex.c.obj
 .text.SysTick_EnableIT
                0x080069a0       0x20 CMakeFiles/STM32C5_LSM6DSV80X_Project2.dir/stm32c5xx_drivers/hal/stm32c5xx_hal_cortex.c.obj
 .text.SysTick_Enable
                0x080069c0       0x20 CMakeFiles/STM32C5_LSM6DSV80X_Project2.dir/stm32c5xx_drivers/hal/stm32c5xx_hal_cortex.c.obj
 .text.SysTick_SetReload
                0x080069e0       0x30 CMakeFiles/STM32C5_LSM6DSV80X_Project2.dir/stm32c5xx_drivers/hal/stm32c5xx_hal_cortex.c.obj
 .text.SysTick_SetCounter
                0x08006a10       0x20 CMakeFiles/STM32C5_LSM6DSV80X_Project2.dir/stm32c5xx_drivers/hal/stm32c5xx_hal_cortex.c.obj
 .text.HAL_CORTEX_NVIC_SetPriorityGrouping
                0x08006a30       0x1a CMakeFiles/STM32C5_LSM6DSV80X_Project2.dir/stm32c5xx_drivers/hal/stm32c5xx_hal_cortex.c.obj
                0x08006a30                HAL_CORTEX_NVIC_SetPriorityGrouping
 .text.HAL_CORTEX_NVIC_SetPriority
                0x08006a4a       0x36 CMakeFiles/STM32C5_LSM6DSV80X_Project2.dir/stm32c5xx_drivers/hal/stm32c5xx_hal_cortex.c.obj
                0x08006a4a                HAL_CORTEX_NVIC_SetPriority
 .text.HAL_CORTEX_NVIC_EnableIRQ
                0x08006a80       0x1c CMakeFiles/STM32C5_LSM6DSV80X_Project2.dir/stm32c5xx_drivers/hal/stm32c5xx_hal_cortex.c.obj
                0x08006a80                HAL_CORTEX_NVIC_EnableIRQ
 .text.HAL_CORTEX_SYSTICK_SetFreq
                0x08006a9c       0x5a CMakeFiles/STM32C5_LSM6DSV80X_Project2.dir/stm32c5xx_drivers/hal/stm32c5xx_hal_cortex.c.obj
                0x08006a9c                HAL_CORTEX_SYSTICK_SetFreq
 .text.HAL_CORTEX_SYSTICK_SetClkSource
                0x08006af6       0x1a CMakeFiles/STM32C5_LSM6DSV80X_Project2.dir/stm32c5xx_drivers/hal/stm32c5xx_hal_cortex.c.obj
                0x08006af6                HAL_CORTEX_SYSTICK_SetClkSource
 .text.HAL_CORTEX_SYSTICK_IRQHandler
                0x08006b10        0xc CMakeFiles/STM32C5_LSM6DSV80X_Project2.dir/stm32c5xx_drivers/hal/stm32c5xx_hal_cortex.c.obj
                0x08006b10                HAL_CORTEX_SYSTICK_IRQHandler
 .text.HAL_CORTEX_SYSTICK_Callback
                0x08006b1c        0xe CMakeFiles/STM32C5_LSM6DSV80X_Project2.dir/stm32c5xx_drivers/hal/stm32c5xx_hal_cortex.c.obj
                0x08006b1c                HAL_CORTEX_SYSTICK_Callback
 .text.HAL_CORTEX_MPU_Enable
                0x08006b2a       0x26 CMakeFiles/STM32C5_LSM6DSV80X_Project2.dir/stm32c5xx_drivers/hal/stm32c5xx_hal_cortex.c.obj
                0x08006b2a                HAL_CORTEX_MPU_Enable
 .text.HAL_CORTEX_MPU_Disable
                0x08006b50        0xc CMakeFiles/STM32C5_LSM6DSV80X_Project2.dir/stm32c5xx_drivers/hal/stm32c5xx_hal_cortex.c.obj
                0x08006b50                HAL_CORTEX_MPU_Disable
 .text.HAL_CORTEX_MPU_SetCacheMemAttr
                0x08006b5c       0x2a CMakeFiles/STM32C5_LSM6DSV80X_Project2.dir/stm32c5xx_drivers/hal/stm32c5xx_hal_cortex.c.obj
                0x08006b5c                HAL_CORTEX_MPU_SetCacheMemAttr
 .text.HAL_CORTEX_MPU_SetConfigRegion
                0x08006b86       0x48 CMakeFiles/STM32C5_LSM6DSV80X_Project2.dir/stm32c5xx_drivers/hal/stm32c5xx_hal_cortex.c.obj
                0x08006b86                HAL_CORTEX_MPU_SetConfigRegion
 *fill*         0x08006bce        0x2 
 .text.HAL_CORTEX_MPU_EnableRegion
                0x08006bd0       0x2c CMakeFiles/STM32C5_LSM6DSV80X_Project2.dir/stm32c5xx_drivers/hal/stm32c5xx_hal_cortex.c.obj
                0x08006bd0                HAL_CORTEX_MPU_EnableRegion
 .text.LL_EXTI_EnableIT_0_31
                0x08006bfc       0x48 CMakeFiles/STM32C5_LSM6DSV80X_Project2.dir/stm32c5xx_drivers/hal/stm32c5xx_hal_exti.c.obj
 .text.LL_EXTI_EnableIT_32_63
                0x08006c44       0x48 CMakeFiles/STM32C5_LSM6DSV80X_Project2.dir/stm32c5xx_drivers/hal/stm32c5xx_hal_exti.c.obj
 .text.LL_EXTI_DisableIT_0_31
                0x08006c8c       0x48 CMakeFiles/STM32C5_LSM6DSV80X_Project2.dir/stm32c5xx_drivers/hal/stm32c5xx_hal_exti.c.obj
 .text.LL_EXTI_DisableIT_32_63
                0x08006cd4       0x48 CMakeFiles/STM32C5_LSM6DSV80X_Project2.dir/stm32c5xx_drivers/hal/stm32c5xx_hal_exti.c.obj
 .text.LL_EXTI_EnableEvent_0_31
                0x08006d1c       0x48 CMakeFiles/STM32C5_LSM6DSV80X_Project2.dir/stm32c5xx_drivers/hal/stm32c5xx_hal_exti.c.obj
 .text.LL_EXTI_EnableEvent_32_63
                0x08006d64       0x48 CMakeFiles/STM32C5_LSM6DSV80X_Project2.dir/stm32c5xx_drivers/hal/stm32c5xx_hal_exti.c.obj
 .text.LL_EXTI_EnableRisingTrig_0_31
                0x08006dac       0x48 CMakeFiles/STM32C5_LSM6DSV80X_Project2.dir/stm32c5xx_drivers/hal/stm32c5xx_hal_exti.c.obj
 .text.LL_EXTI_EnableRisingTrig_32_63
                0x08006df4       0x48 CMakeFiles/STM32C5_LSM6DSV80X_Project2.dir/stm32c5xx_drivers/hal/stm32c5xx_hal_exti.c.obj
 .text.LL_EXTI_DisableRisingTrig_0_31
                0x08006e3c       0x48 CMakeFiles/STM32C5_LSM6DSV80X_Project2.dir/stm32c5xx_drivers/hal/stm32c5xx_hal_exti.c.obj
 .text.LL_EXTI_DisableRisingTrig_32_63
                0x08006e84       0x48 CMakeFiles/STM32C5_LSM6DSV80X_Project2.dir/stm32c5xx_drivers/hal/stm32c5xx_hal_exti.c.obj
 .text.LL_EXTI_EnableFallingTrig_0_31
                0x08006ecc       0x48 CMakeFiles/STM32C5_LSM6DSV80X_Project2.dir/stm32c5xx_drivers/hal/stm32c5xx_hal_exti.c.obj
 .text.LL_EXTI_EnableFallingTrig_32_63
                0x08006f14       0x48 CMakeFiles/STM32C5_LSM6DSV80X_Project2.dir/stm32c5xx_drivers/hal/stm32c5xx_hal_exti.c.obj
 .text.LL_EXTI_DisableFallingTrig_0_31
                0x08006f5c       0x48 CMakeFiles/STM32C5_LSM6DSV80X_Project2.dir/stm32c5xx_drivers/hal/stm32c5xx_hal_exti.c.obj
 .text.LL_EXTI_DisableFallingTrig_32_63
                0x08006fa4       0x48 CMakeFiles/STM32C5_LSM6DSV80X_Project2.dir/stm32c5xx_drivers/hal/stm32c5xx_hal_exti.c.obj
 .text.LL_EXTI_IsActiveRisingFlag_0_31
                0x08006fec       0x2c CMakeFiles/STM32C5_LSM6DSV80X_Project2.dir/stm32c5xx_drivers/hal/stm32c5xx_hal_exti.c.obj
 .text.LL_EXTI_IsActiveRisingFlag_32_63
                0x08007018       0x2c CMakeFiles/STM32C5_LSM6DSV80X_Project2.dir/stm32c5xx_drivers/hal/stm32c5xx_hal_exti.c.obj
 .text.LL_EXTI_ClearRisingFlag_0_31
                0x08007044       0x20 CMakeFiles/STM32C5_LSM6DSV80X_Project2.dir/stm32c5xx_drivers/hal/stm32c5xx_hal_exti.c.obj
 .text.LL_EXTI_ClearRisingFlag_32_63
                0x08007064       0x20 CMakeFiles/STM32C5_LSM6DSV80X_Project2.dir/stm32c5xx_drivers/hal/stm32c5xx_hal_exti.c.obj
 .text.LL_EXTI_IsActiveFallingFlag_0_31
                0x08007084       0x2c CMakeFiles/STM32C5_LSM6DSV80X_Project2.dir/stm32c5xx_drivers/hal/stm32c5xx_hal_exti.c.obj
 .text.LL_EXTI_IsActiveFallingFlag_32_63
                0x080070b0       0x2c CMakeFiles/STM32C5_LSM6DSV80X_Project2.dir/stm32c5xx_drivers/hal/stm32c5xx_hal_exti.c.obj
 .text.LL_EXTI_ClearFallingFlag_0_31
                0x080070dc       0x20 CMakeFiles/STM32C5_LSM6DSV80X_Project2.dir/stm32c5xx_drivers/hal/stm32c5xx_hal_exti.c.obj
 .text.LL_EXTI_ClearFallingFlag_32_63
                0x080070fc       0x20 CMakeFiles/STM32C5_LSM6DSV80X_Project2.dir/stm32c5xx_drivers/hal/stm32c5xx_hal_exti.c.obj
 .text.LL_EXTI_SetEXTISource
                0x0800711c       0x60 CMakeFiles/STM32C5_LSM6DSV80X_Project2.dir/stm32c5xx_drivers/hal/stm32c5xx_hal_exti.c.obj
 .text.HAL_EXTI_Init
                0x0800717c       0x60 CMakeFiles/STM32C5_LSM6DSV80X_Project2.dir/stm32c5xx_drivers/hal/stm32c5xx_hal_exti.c.obj
                0x0800717c                HAL_EXTI_Init
 .text.HAL_EXTI_SetConfig
                0x080071dc       0xf8 CMakeFiles/STM32C5_LSM6DSV80X_Project2.dir/stm32c5xx_drivers/hal/stm32c5xx_hal_exti.c.obj
                0x080071dc                HAL_EXTI_SetConfig
 .text.HAL_EXTI_Enable
                0x080072d4       0x80 CMakeFiles/STM32C5_LSM6DSV80X_Project2.dir/stm32c5xx_drivers/hal/stm32c5xx_hal_exti.c.obj
                0x080072d4                HAL_EXTI_Enable
 .text.HAL_EXTI_IRQHandler
                0x08007354       0xf4 CMakeFiles/STM32C5_LSM6DSV80X_Project2.dir/stm32c5xx_drivers/hal/stm32c5xx_hal_exti.c.obj
                0x08007354                HAL_EXTI_IRQHandler
 .text.HAL_EXTI_GetInstance
                0x08007448       0x18 CMakeFiles/STM32C5_LSM6DSV80X_Project2.dir/stm32c5xx_drivers/hal/stm32c5xx_hal_exti.c.obj
                0x08007448                HAL_EXTI_GetInstance
 .text.LL_FLASH_SetLatency
                0x08007460       0x26 CMakeFiles/STM32C5_LSM6DSV80X_Project2.dir/stm32c5xx_drivers/hal/stm32c5xx_hal_flash_itf.c.obj
 .text.LL_FLASH_SetProgrammingDelay
                0x08007486       0x26 CMakeFiles/STM32C5_LSM6DSV80X_Project2.dir/stm32c5xx_drivers/hal/stm32c5xx_hal_flash_itf.c.obj
 .text.HAL_FLASH_ITF_SetLatency
                0x080074ac       0x24 CMakeFiles/STM32C5_LSM6DSV80X_Project2.dir/stm32c5xx_drivers/hal/stm32c5xx_hal_flash_itf.c.obj
                0x080074ac                HAL_FLASH_ITF_SetLatency
 .text.HAL_FLASH_ITF_SetProgrammingDelay
                0x080074d0       0x24 CMakeFiles/STM32C5_LSM6DSV80X_Project2.dir/stm32c5xx_drivers/hal/stm32c5xx_hal_flash_itf.c.obj
                0x080074d0                HAL_FLASH_ITF_SetProgrammingDelay
 .text.LL_GPIO_SetPinMode
                0x080074f4       0x9c CMakeFiles/STM32C5_LSM6DSV80X_Project2.dir/stm32c5xx_drivers/hal/stm32c5xx_hal_gpio.c.obj
 .text.LL_GPIO_SetPinOutputType
                0x08007590       0x56 CMakeFiles/STM32C5_LSM6DSV80X_Project2.dir/stm32c5xx_drivers/hal/stm32c5xx_hal_gpio.c.obj
 .text.LL_GPIO_SetPinSpeed
                0x080075e6       0xa0 CMakeFiles/STM32C5_LSM6DSV80X_Project2.dir/stm32c5xx_drivers/hal/stm32c5xx_hal_gpio.c.obj
 .text.LL_GPIO_SetPinPull
                0x08007686       0xa0 CMakeFiles/STM32C5_LSM6DSV80X_Project2.dir/stm32c5xx_drivers/hal/stm32c5xx_hal_gpio.c.obj
 .text.LL_GPIO_SetAFPin_0_7
                0x08007726       0xa0 CMakeFiles/STM32C5_LSM6DSV80X_Project2.dir/stm32c5xx_drivers/hal/stm32c5xx_hal_gpio.c.obj
 .text.LL_GPIO_SetAFPin_8_15
                0x080077c6       0xa4 CMakeFiles/STM32C5_LSM6DSV80X_Project2.dir/stm32c5xx_drivers/hal/stm32c5xx_hal_gpio.c.obj
 .text.LL_GPIO_WriteOutputPin
                0x0800786a       0x2a CMakeFiles/STM32C5_LSM6DSV80X_Project2.dir/stm32c5xx_drivers/hal/stm32c5xx_hal_gpio.c.obj
 .text.HAL_GPIO_Init
                0x08007894      0x128 CMakeFiles/STM32C5_LSM6DSV80X_Project2.dir/stm32c5xx_drivers/hal/stm32c5xx_hal_gpio.c.obj
                0x08007894                HAL_GPIO_Init
 .text.HAL_GPIO_WritePin
                0x080079bc       0x22 CMakeFiles/STM32C5_LSM6DSV80X_Project2.dir/stm32c5xx_drivers/hal/stm32c5xx_hal_gpio.c.obj
                0x080079bc                HAL_GPIO_WritePin
 .text.LL_I2C_Enable
                0x080079de       0x20 CMakeFiles/STM32C5_LSM6DSV80X_Project2.dir/stm32c5xx_drivers/hal/stm32c5xx_hal_i2c.c.obj
 .text.LL_I2C_Disable
                0x080079fe       0x20 CMakeFiles/STM32C5_LSM6DSV80X_Project2.dir/stm32c5xx_drivers/hal/stm32c5xx_hal_i2c.c.obj
 .text.LL_I2C_EnableAnalogFilter
                0x08007a1e       0x20 CMakeFiles/STM32C5_LSM6DSV80X_Project2.dir/stm32c5xx_drivers/hal/stm32c5xx_hal_i2c.c.obj
 .text.LL_I2C_SetMasterAddressingMode
                0x08007a3e       0x26 CMakeFiles/STM32C5_LSM6DSV80X_Project2.dir/stm32c5xx_drivers/hal/stm32c5xx_hal_i2c.c.obj
 .text.LL_I2C_DisableOwnAddress1AndMode
                0x08007a64       0x20 CMakeFiles/STM32C5_LSM6DSV80X_Project2.dir/stm32c5xx_drivers/hal/stm32c5xx_hal_i2c.c.obj
 .text.LL_I2C_ConfigOwnAddress1
                0x08007a84       0x26 CMakeFiles/STM32C5_LSM6DSV80X_Project2.dir/stm32c5xx_drivers/hal/stm32c5xx_hal_i2c.c.obj
 .text.LL_I2C_SetTiming
                0x08007aaa       0x20 CMakeFiles/STM32C5_LSM6DSV80X_Project2.dir/stm32c5xx_drivers/hal/stm32c5xx_hal_i2c.c.obj
 .text.LL_I2C_IsActiveFlag
                0x08007aca       0x2a CMakeFiles/STM32C5_LSM6DSV80X_Project2.dir/stm32c5xx_drivers/hal/stm32c5xx_hal_i2c.c.obj
 .text.LL_I2C_IsActiveFlag_TXE
                0x08007af4       0x26 CMakeFiles/STM32C5_LSM6DSV80X_Project2.dir/stm32c5xx_drivers/hal/stm32c5xx_hal_i2c.c.obj
 .text.LL_I2C_IsActiveFlag_TXIS
                0x08007b1a       0x26 CMakeFiles/STM32C5_LSM6DSV80X_Project2.dir/stm32c5xx_drivers/hal/stm32c5xx_hal_i2c.c.obj
 .text.LL_I2C_IsActiveFlag_STOP
                0x08007b40       0x26 CMakeFiles/STM32C5_LSM6DSV80X_Project2.dir/stm32c5xx_drivers/hal/stm32c5xx_hal_i2c.c.obj
 .text.LL_I2C_IsActiveFlag_BUSY
                0x08007b66       0x28 CMakeFiles/STM32C5_LSM6DSV80X_Project2.dir/stm32c5xx_drivers/hal/stm32c5xx_hal_i2c.c.obj
 .text.LL_I2C_ClearFlag_NACK
                0x08007b8e       0x20 CMakeFiles/STM32C5_LSM6DSV80X_Project2.dir/stm32c5xx_drivers/hal/stm32c5xx_hal_i2c.c.obj
 .text.LL_I2C_ClearFlag_STOP
                0x08007bae       0x20 CMakeFiles/STM32C5_LSM6DSV80X_Project2.dir/stm32c5xx_drivers/hal/stm32c5xx_hal_i2c.c.obj
 .text.LL_I2C_ClearFlag_TXE
                0x08007bce       0x1a CMakeFiles/STM32C5_LSM6DSV80X_Project2.dir/stm32c5xx_drivers/hal/stm32c5xx_hal_i2c.c.obj
 .text.LL_I2C_ClearFlag_BERR
                0x08007be8       0x20 CMakeFiles/STM32C5_LSM6DSV80X_Project2.dir/stm32c5xx_drivers/hal/stm32c5xx_hal_i2c.c.obj
 .text.LL_I2C_ClearFlag_ARLO
                0x08007c08       0x20 CMakeFiles/STM32C5_LSM6DSV80X_Project2.dir/stm32c5xx_drivers/hal/stm32c5xx_hal_i2c.c.obj
 .text.LL_I2C_ClearFlag_OVR
                0x08007c28       0x20 CMakeFiles/STM32C5_LSM6DSV80X_Project2.dir/stm32c5xx_drivers/hal/stm32c5xx_hal_i2c.c.obj
 .text.LL_I2C_GenerateStopCondition
                0x08007c48       0x20 CMakeFiles/STM32C5_LSM6DSV80X_Project2.dir/stm32c5xx_drivers/hal/stm32c5xx_hal_i2c.c.obj
 .text.LL_I2C_ReceiveData8
                0x08007c68       0x1a CMakeFiles/STM32C5_LSM6DSV80X_Project2.dir/stm32c5xx_drivers/hal/stm32c5xx_hal_i2c.c.obj
 .text.LL_I2C_TransmitData8
                0x08007c82       0x1e CMakeFiles/STM32C5_LSM6DSV80X_Project2.dir/stm32c5xx_drivers/hal/stm32c5xx_hal_i2c.c.obj
 .text.HAL_I2C_Init
                0x08007ca0       0x6c CMakeFiles/STM32C5_LSM6DSV80X_Project2.dir/stm32c5xx_drivers/hal/stm32c5xx_hal_i2c.c.obj
                0x08007ca0                HAL_I2C_Init
 .text.HAL_I2C_SetConfig
                0x08007d0c       0x86 CMakeFiles/STM32C5_LSM6DSV80X_Project2.dir/stm32c5xx_drivers/hal/stm32c5xx_hal_i2c.c.obj
                0x08007d0c                HAL_I2C_SetConfig
 .text.HAL_I2C_EnableAnalogFilter
                0x08007d92       0x2c CMakeFiles/STM32C5_LSM6DSV80X_Project2.dir/stm32c5xx_drivers/hal/stm32c5xx_hal_i2c.c.obj
                0x08007d92                HAL_I2C_EnableAnalogFilter
 *fill*         0x08007dbe        0x2 
 .text.HAL_I2C_MASTER_MemWrite
                0x08007dc0      0x1c8 CMakeFiles/STM32C5_LSM6DSV80X_Project2.dir/stm32c5xx_drivers/hal/stm32c5xx_hal_i2c.c.obj
                0x08007dc0                HAL_I2C_MASTER_MemWrite
 .text.HAL_I2C_MASTER_MemRead
                0x08007f88      0x1d4 CMakeFiles/STM32C5_LSM6DSV80X_Project2.dir/stm32c5xx_drivers/hal/stm32c5xx_hal_i2c.c.obj
                0x08007f88                HAL_I2C_MASTER_MemRead
 .text.I2C_RequestMemoryWrite
                0x0800815c       0xa0 CMakeFiles/STM32C5_LSM6DSV80X_Project2.dir/stm32c5xx_drivers/hal/stm32c5xx_hal_i2c.c.obj
 .text.I2C_RequestMemoryRead
                0x080081fc       0xa0 CMakeFiles/STM32C5_LSM6DSV80X_Project2.dir/stm32c5xx_drivers/hal/stm32c5xx_hal_i2c.c.obj
 .text.I2C_Flush_TXDR
                0x0800829c       0x36 CMakeFiles/STM32C5_LSM6DSV80X_Project2.dir/stm32c5xx_drivers/hal/stm32c5xx_hal_i2c.c.obj
 .text.I2C_WaitOnFlagUntilTimeout
                0x080082d2       0x8c CMakeFiles/STM32C5_LSM6DSV80X_Project2.dir/stm32c5xx_drivers/hal/stm32c5xx_hal_i2c.c.obj
 .text.I2C_WaitOnTXISFlagUntilTimeout
                0x0800835e       0x82 CMakeFiles/STM32C5_LSM6DSV80X_Project2.dir/stm32c5xx_drivers/hal/stm32c5xx_hal_i2c.c.obj
 .text.I2C_WaitOnSTOPFlagUntilTimeout
                0x080083e0       0x7a CMakeFiles/STM32C5_LSM6DSV80X_Project2.dir/stm32c5xx_drivers/hal/stm32c5xx_hal_i2c.c.obj
 *fill*         0x0800845a        0x2 
 .text.I2C_IsErrorOccurred
                0x0800845c      0x178 CMakeFiles/STM32C5_LSM6DSV80X_Project2.dir/stm32c5xx_drivers/hal/stm32c5xx_hal_i2c.c.obj
 .text.I2C_TransferConfig
                0x080085d4       0x58 CMakeFiles/STM32C5_LSM6DSV80X_Project2.dir/stm32c5xx_drivers/hal/stm32c5xx_hal_i2c.c.obj
 .text.LL_ICACHE_Enable
                0x0800862c       0x20 CMakeFiles/STM32C5_LSM6DSV80X_Project2.dir/stm32c5xx_drivers/hal/stm32c5xx_hal_icache.c.obj
 .text.LL_ICACHE_EnableIT
                0x0800864c       0x22 CMakeFiles/STM32C5_LSM6DSV80X_Project2.dir/stm32c5xx_drivers/hal/stm32c5xx_hal_icache.c.obj
 .text.HAL_ICACHE_Init
                0x0800866e       0x28 CMakeFiles/STM32C5_LSM6DSV80X_Project2.dir/stm32c5xx_drivers/hal/stm32c5xx_hal_icache.c.obj
                0x0800866e                HAL_ICACHE_Init
 .text.HAL_ICACHE_Start
                0x08008696       0x32 CMakeFiles/STM32C5_LSM6DSV80X_Project2.dir/stm32c5xx_drivers/hal/stm32c5xx_hal_icache.c.obj
                0x08008696                HAL_ICACHE_Start
 .text.LL_RCC_LSI_IsReady
                0x080086c8       0x28 CMakeFiles/STM32C5_LSM6DSV80X_Project2.dir/stm32c5xx_drivers/hal/stm32c5xx_hal_rcc.c.obj
 .text.LL_RCC_HSIS_Enable
                0x080086f0       0x20 CMakeFiles/STM32C5_LSM6DSV80X_Project2.dir/stm32c5xx_drivers/hal/stm32c5xx_hal_rcc.c.obj
 .text.LL_RCC_HSIS_IsReady
                0x08008710       0x24 CMakeFiles/STM32C5_LSM6DSV80X_Project2.dir/stm32c5xx_drivers/hal/stm32c5xx_hal_rcc.c.obj
 .text.LL_RCC_HSIK_IsReady
                0x08008734       0x24 CMakeFiles/STM32C5_LSM6DSV80X_Project2.dir/stm32c5xx_drivers/hal/stm32c5xx_hal_rcc.c.obj
 .text.LL_RCC_HSIK_GetDivider
                0x08008758       0x1c CMakeFiles/STM32C5_LSM6DSV80X_Project2.dir/stm32c5xx_drivers/hal/stm32c5xx_hal_rcc.c.obj
 .text.LL_RCC_PSIS_Enable
                0x08008774       0x20 CMakeFiles/STM32C5_LSM6DSV80X_Project2.dir/stm32c5xx_drivers/hal/stm32c5xx_hal_rcc.c.obj
 .text.LL_RCC_PSIS_IsReady
                0x08008794       0x28 CMakeFiles/STM32C5_LSM6DSV80X_Project2.dir/stm32c5xx_drivers/hal/stm32c5xx_hal_rcc.c.obj
 .text.LL_RCC_PSIDIV3_IsReady
                0x080087bc       0x28 CMakeFiles/STM32C5_LSM6DSV80X_Project2.dir/stm32c5xx_drivers/hal/stm32c5xx_hal_rcc.c.obj
 .text.LL_RCC_PSIK_IsReady
                0x080087e4       0x28 CMakeFiles/STM32C5_LSM6DSV80X_Project2.dir/stm32c5xx_drivers/hal/stm32c5xx_hal_rcc.c.obj
 .text.LL_RCC_PSIK_GetDivider
                0x0800880c       0x1c CMakeFiles/STM32C5_LSM6DSV80X_Project2.dir/stm32c5xx_drivers/hal/stm32c5xx_hal_rcc.c.obj
 .text.LL_RCC_ConfigPSI
                0x08008828       0x38 CMakeFiles/STM32C5_LSM6DSV80X_Project2.dir/stm32c5xx_drivers/hal/stm32c5xx_hal_rcc.c.obj
 .text.LL_RCC_GetConfigPSI
                0x08008860       0x40 CMakeFiles/STM32C5_LSM6DSV80X_Project2.dir/stm32c5xx_drivers/hal/stm32c5xx_hal_rcc.c.obj
 .text.LL_RCC_SetSysClkSource
                0x080088a0       0x28 CMakeFiles/STM32C5_LSM6DSV80X_Project2.dir/stm32c5xx_drivers/hal/stm32c5xx_hal_rcc.c.obj
 .text.LL_RCC_GetSysClkSource
                0x080088c8       0x1c CMakeFiles/STM32C5_LSM6DSV80X_Project2.dir/stm32c5xx_drivers/hal/stm32c5xx_hal_rcc.c.obj
 .text.LL_RCC_GetAHBPrescaler
                0x080088e4       0x1c CMakeFiles/STM32C5_LSM6DSV80X_Project2.dir/stm32c5xx_drivers/hal/stm32c5xx_hal_rcc.c.obj
 .text.LL_RCC_GetSystickClockSource
                0x08008900       0x1c CMakeFiles/STM32C5_LSM6DSV80X_Project2.dir/stm32c5xx_drivers/hal/stm32c5xx_hal_rcc.c.obj
 .text.LL_RCC_GetAPB1Prescaler
                0x0800891c       0x1c CMakeFiles/STM32C5_LSM6DSV80X_Project2.dir/stm32c5xx_drivers/hal/stm32c5xx_hal_rcc.c.obj
 .text.LL_RCC_GetAPB2Prescaler
                0x08008938       0x1c CMakeFiles/STM32C5_LSM6DSV80X_Project2.dir/stm32c5xx_drivers/hal/stm32c5xx_hal_rcc.c.obj
 .text.LL_RCC_GetAPB3Prescaler
                0x08008954       0x1c CMakeFiles/STM32C5_LSM6DSV80X_Project2.dir/stm32c5xx_drivers/hal/stm32c5xx_hal_rcc.c.obj
 .text.LL_RCC_ConfigBusClock
                0x08008970       0x2c CMakeFiles/STM32C5_LSM6DSV80X_Project2.dir/stm32c5xx_drivers/hal/stm32c5xx_hal_rcc.c.obj
 .text.LL_RCC_SetClockSource
                0x0800899c       0x54 CMakeFiles/STM32C5_LSM6DSV80X_Project2.dir/stm32c5xx_drivers/hal/stm32c5xx_hal_rcc.c.obj
 .text.LL_RCC_SetUSARTClockSource
                0x080089f0       0x16 CMakeFiles/STM32C5_LSM6DSV80X_Project2.dir/stm32c5xx_drivers/hal/stm32c5xx_hal_rcc.c.obj
 .text.LL_RCC_SetI2CClockSource
                0x08008a06       0x16 CMakeFiles/STM32C5_LSM6DSV80X_Project2.dir/stm32c5xx_drivers/hal/stm32c5xx_hal_rcc.c.obj
 .text.LL_RCC_GetClockSource
                0x08008a1c       0x48 CMakeFiles/STM32C5_LSM6DSV80X_Project2.dir/stm32c5xx_drivers/hal/stm32c5xx_hal_rcc.c.obj
 .text.LL_RCC_GetUSARTClockSource
                0x08008a64       0x18 CMakeFiles/STM32C5_LSM6DSV80X_Project2.dir/stm32c5xx_drivers/hal/stm32c5xx_hal_rcc.c.obj
 .text.LL_RCC_GetUARTClockSource
                0x08008a7c       0x18 CMakeFiles/STM32C5_LSM6DSV80X_Project2.dir/stm32c5xx_drivers/hal/stm32c5xx_hal_rcc.c.obj
 .text.LL_RCC_GetLPUARTClockSource
                0x08008a94       0x24 CMakeFiles/STM32C5_LSM6DSV80X_Project2.dir/stm32c5xx_drivers/hal/stm32c5xx_hal_rcc.c.obj
 .text.HAL_RCC_HSIS_Enable
                0x08008ab8       0x1c CMakeFiles/STM32C5_LSM6DSV80X_Project2.dir/stm32c5xx_drivers/hal/stm32c5xx_hal_rcc.c.obj
                0x08008ab8                HAL_RCC_HSIS_Enable
 .text.HAL_RCC_PSIS_Enable
                0x08008ad4       0x1c CMakeFiles/STM32C5_LSM6DSV80X_Project2.dir/stm32c5xx_drivers/hal/stm32c5xx_hal_rcc.c.obj
                0x08008ad4                HAL_RCC_PSIS_Enable
 .text.HAL_RCC_PSI_SetConfig
                0x08008af0       0x50 CMakeFiles/STM32C5_LSM6DSV80X_Project2.dir/stm32c5xx_drivers/hal/stm32c5xx_hal_rcc.c.obj
                0x08008af0                HAL_RCC_PSI_SetConfig
 .text.HAL_RCC_PSI_GetConfig
                0x08008b40       0x34 CMakeFiles/STM32C5_LSM6DSV80X_Project2.dir/stm32c5xx_drivers/hal/stm32c5xx_hal_rcc.c.obj
                0x08008b40                HAL_RCC_PSI_GetConfig
 .text.HAL_RCC_SetSYSCLKSource
                0x08008b74       0x52 CMakeFiles/STM32C5_LSM6DSV80X_Project2.dir/stm32c5xx_drivers/hal/stm32c5xx_hal_rcc.c.obj
                0x08008b74                HAL_RCC_SetSYSCLKSource
 .text.HAL_RCC_GetSYSCLKSource
                0x08008bc6       0x12 CMakeFiles/STM32C5_LSM6DSV80X_Project2.dir/stm32c5xx_drivers/hal/stm32c5xx_hal_rcc.c.obj
                0x08008bc6                HAL_RCC_GetSYSCLKSource
 .text.HAL_RCC_SetBusClockConfig
                0x08008bd8       0x38 CMakeFiles/STM32C5_LSM6DSV80X_Project2.dir/stm32c5xx_drivers/hal/stm32c5xx_hal_rcc.c.obj
                0x08008bd8                HAL_RCC_SetBusClockConfig
 .text.HAL_RCC_GetPSIClockFreq
                0x08008c10       0x9c CMakeFiles/STM32C5_LSM6DSV80X_Project2.dir/stm32c5xx_drivers/hal/stm32c5xx_hal_rcc.c.obj
                0x08008c10                HAL_RCC_GetPSIClockFreq
 .text.HAL_RCC_GetSYSCLKFreq
                0x08008cac       0x3c CMakeFiles/STM32C5_LSM6DSV80X_Project2.dir/stm32c5xx_drivers/hal/stm32c5xx_hal_rcc.c.obj
                0x08008cac                HAL_RCC_GetSYSCLKFreq
 .text.HAL_RCC_GetHCLKFreq
                0x08008ce8       0x20 CMakeFiles/STM32C5_LSM6DSV80X_Project2.dir/stm32c5xx_drivers/hal/stm32c5xx_hal_rcc.c.obj
                0x08008ce8                HAL_RCC_GetHCLKFreq
 .text.HAL_RCC_GetPCLK1Freq
                0x08008d08       0x24 CMakeFiles/STM32C5_LSM6DSV80X_Project2.dir/stm32c5xx_drivers/hal/stm32c5xx_hal_rcc.c.obj
                0x08008d08                HAL_RCC_GetPCLK1Freq
 .text.HAL_RCC_GetPCLK2Freq
                0x08008d2c       0x24 CMakeFiles/STM32C5_LSM6DSV80X_Project2.dir/stm32c5xx_drivers/hal/stm32c5xx_hal_rcc.c.obj
                0x08008d2c                HAL_RCC_GetPCLK2Freq
 .text.HAL_RCC_GetPCLK3Freq
                0x08008d50       0x24 CMakeFiles/STM32C5_LSM6DSV80X_Project2.dir/stm32c5xx_drivers/hal/stm32c5xx_hal_rcc.c.obj
                0x08008d50                HAL_RCC_GetPCLK3Freq
 .text.HAL_RCC_USART1_SetKernelClkSource
                0x08008d74       0x1e CMakeFiles/STM32C5_LSM6DSV80X_Project2.dir/stm32c5xx_drivers/hal/stm32c5xx_hal_rcc.c.obj
                0x08008d74                HAL_RCC_USART1_SetKernelClkSource
 .text.HAL_RCC_I2C1_SetKernelClkSource
                0x08008d92       0x1a CMakeFiles/STM32C5_LSM6DSV80X_Project2.dir/stm32c5xx_drivers/hal/stm32c5xx_hal_rcc.c.obj
                0x08008d92                HAL_RCC_I2C1_SetKernelClkSource
 .text.HAL_RCC_UART_GetKernelClkFreq
                0x08008dac       0x88 CMakeFiles/STM32C5_LSM6DSV80X_Project2.dir/stm32c5xx_drivers/hal/stm32c5xx_hal_rcc.c.obj
                0x08008dac                HAL_RCC_UART_GetKernelClkFreq
 .text.HAL_RCC_USART1_GetKernelClkFreq
                0x08008e34       0xb0 CMakeFiles/STM32C5_LSM6DSV80X_Project2.dir/stm32c5xx_drivers/hal/stm32c5xx_hal_rcc.c.obj
                0x08008e34                HAL_RCC_USART1_GetKernelClkFreq
 .text.HAL_RCC_USART2_GetKernelClkFreq
                0x08008ee4       0xb4 CMakeFiles/STM32C5_LSM6DSV80X_Project2.dir/stm32c5xx_drivers/hal/stm32c5xx_hal_rcc.c.obj
                0x08008ee4                HAL_RCC_USART2_GetKernelClkFreq
 .text.HAL_RCC_UART4_GetKernelClkFreq
                0x08008f98       0xb4 CMakeFiles/STM32C5_LSM6DSV80X_Project2.dir/stm32c5xx_drivers/hal/stm32c5xx_hal_rcc.c.obj
                0x08008f98                HAL_RCC_UART4_GetKernelClkFreq
 .text.HAL_RCC_UART5_GetKernelClkFreq
                0x0800904c       0xb4 CMakeFiles/STM32C5_LSM6DSV80X_Project2.dir/stm32c5xx_drivers/hal/stm32c5xx_hal_rcc.c.obj
                0x0800904c                HAL_RCC_UART5_GetKernelClkFreq
 .text.HAL_RCC_LPUART1_GetKernelClkFreq
                0x08009100       0x88 CMakeFiles/STM32C5_LSM6DSV80X_Project2.dir/stm32c5xx_drivers/hal/stm32c5xx_hal_rcc.c.obj
                0x08009100                HAL_RCC_LPUART1_GetKernelClkFreq
 .text.HAL_RCC_GetSysTickExternalClkFreq
                0x08009188       0x3e CMakeFiles/STM32C5_LSM6DSV80X_Project2.dir/stm32c5xx_drivers/hal/stm32c5xx_hal_rcc.c.obj
                0x08009188                HAL_RCC_GetSysTickExternalClkFreq
 .text.RCC_WaitForTimeout
                0x080091c6       0x54 CMakeFiles/STM32C5_LSM6DSV80X_Project2.dir/stm32c5xx_drivers/hal/stm32c5xx_hal_rcc.c.obj
 .text.RCC_GetDividerValue
                0x0800921a      0x132 CMakeFiles/STM32C5_LSM6DSV80X_Project2.dir/stm32c5xx_drivers/hal/stm32c5xx_hal_rcc.c.obj
 .text.LL_USART_Enable
                0x0800934c       0x20 CMakeFiles/STM32C5_LSM6DSV80X_Project2.dir/stm32c5xx_drivers/hal/stm32c5xx_hal_uart.c.obj
 .text.LL_USART_Disable
                0x0800936c       0x20 CMakeFiles/STM32C5_LSM6DSV80X_Project2.dir/stm32c5xx_drivers/hal/stm32c5xx_hal_uart.c.obj
 .text.LL_USART_IsEnabled
                0x0800938c       0x26 CMakeFiles/STM32C5_LSM6DSV80X_Project2.dir/stm32c5xx_drivers/hal/stm32c5xx_hal_uart.c.obj
 *fill*         0x080093b2        0x2 
 .text.LL_USART_ConfigXfer
                0x080093b4       0x3c CMakeFiles/STM32C5_LSM6DSV80X_Project2.dir/stm32c5xx_drivers/hal/stm32c5xx_hal_uart.c.obj
 .text.LL_USART_IsEnabledDirectionRx
                0x080093f0       0x26 CMakeFiles/STM32C5_LSM6DSV80X_Project2.dir/stm32c5xx_drivers/hal/stm32c5xx_hal_uart.c.obj
 .text.LL_USART_IsEnabledDirectionTx
                0x08009416       0x26 CMakeFiles/STM32C5_LSM6DSV80X_Project2.dir/stm32c5xx_drivers/hal/stm32c5xx_hal_uart.c.obj
 .text.LL_USART_SetTransferDirection
                0x0800943c       0x48 CMakeFiles/STM32C5_LSM6DSV80X_Project2.dir/stm32c5xx_drivers/hal/stm32c5xx_hal_uart.c.obj
 .text.LL_USART_SetPrescaler
                0x08009484       0x28 CMakeFiles/STM32C5_LSM6DSV80X_Project2.dir/stm32c5xx_drivers/hal/stm32c5xx_hal_uart.c.obj
 .text.LL_USART_SetHWFlowCtrl
                0x080094ac       0x26 CMakeFiles/STM32C5_LSM6DSV80X_Project2.dir/stm32c5xx_drivers/hal/stm32c5xx_hal_uart.c.obj
 .text.LL_USART_EnableOneBitSample
                0x080094d2       0x20 CMakeFiles/STM32C5_LSM6DSV80X_Project2.dir/stm32c5xx_drivers/hal/stm32c5xx_hal_uart.c.obj
 .text.LL_USART_DisableOneBitSample
                0x080094f2       0x20 CMakeFiles/STM32C5_LSM6DSV80X_Project2.dir/stm32c5xx_drivers/hal/stm32c5xx_hal_uart.c.obj
 *fill*         0x08009512        0x2 
 .text.LL_USART_SetBaudRate
                0x08009514       0x9c CMakeFiles/STM32C5_LSM6DSV80X_Project2.dir/stm32c5xx_drivers/hal/stm32c5xx_hal_uart.c.obj
 .text.LL_USART_IsEnabledHalfDuplex
                0x080095b0       0x26 CMakeFiles/STM32C5_LSM6DSV80X_Project2.dir/stm32c5xx_drivers/hal/stm32c5xx_hal_uart.c.obj
 .text.LL_USART_ConfigAsyncMode
                0x080095d6       0x2c CMakeFiles/STM32C5_LSM6DSV80X_Project2.dir/stm32c5xx_drivers/hal/stm32c5xx_hal_uart.c.obj
 .text.LL_USART_IsActiveFlag_RTO
                0x08009602       0x28 CMakeFiles/STM32C5_LSM6DSV80X_Project2.dir/stm32c5xx_drivers/hal/stm32c5xx_hal_uart.c.obj
 .text.LL_USART_IsActiveFlag_TEACK
                0x0800962a       0x28 CMakeFiles/STM32C5_LSM6DSV80X_Project2.dir/stm32c5xx_drivers/hal/stm32c5xx_hal_uart.c.obj
 .text.LL_USART_IsActiveFlag_REACK
                0x08009652       0x28 CMakeFiles/STM32C5_LSM6DSV80X_Project2.dir/stm32c5xx_drivers/hal/stm32c5xx_hal_uart.c.obj
 .text.LL_USART_ClearFlag_RTO
                0x0800967a       0x1c CMakeFiles/STM32C5_LSM6DSV80X_Project2.dir/stm32c5xx_drivers/hal/stm32c5xx_hal_uart.c.obj
 .text.LL_USART_DisableIT_CR1
                0x08009696       0x46 CMakeFiles/STM32C5_LSM6DSV80X_Project2.dir/stm32c5xx_drivers/hal/stm32c5xx_hal_uart.c.obj
 .text.LL_USART_DisableIT_CR3
                0x080096dc       0x4a CMakeFiles/STM32C5_LSM6DSV80X_Project2.dir/stm32c5xx_drivers/hal/stm32c5xx_hal_uart.c.obj
 .text.LL_USART_TransmitData8
                0x08009726       0x1e CMakeFiles/STM32C5_LSM6DSV80X_Project2.dir/stm32c5xx_drivers/hal/stm32c5xx_hal_uart.c.obj
 .text.LL_USART_TransmitData9
                0x08009744       0x22 CMakeFiles/STM32C5_LSM6DSV80X_Project2.dir/stm32c5xx_drivers/hal/stm32c5xx_hal_uart.c.obj
 *fill*         0x08009766        0x2 
 .text.LL_LPUART_DIV
                0x08009768       0x8c CMakeFiles/STM32C5_LSM6DSV80X_Project2.dir/stm32c5xx_drivers/hal/stm32c5xx_hal_uart.c.obj
 .text.LL_LPUART_ConfigXfer
                0x080097f4       0x3c CMakeFiles/STM32C5_LSM6DSV80X_Project2.dir/stm32c5xx_drivers/hal/stm32c5xx_hal_uart.c.obj
 .text.LL_LPUART_SetBaudRate
                0x08009830       0x2c CMakeFiles/STM32C5_LSM6DSV80X_Project2.dir/stm32c5xx_drivers/hal/stm32c5xx_hal_uart.c.obj
 .text.HAL_UART_Init
                0x0800985c       0x52 CMakeFiles/STM32C5_LSM6DSV80X_Project2.dir/stm32c5xx_drivers/hal/stm32c5xx_hal_uart.c.obj
                0x0800985c                HAL_UART_Init
 *fill*         0x080098ae        0x2 
 .text.HAL_UART_SetConfig
                0x080098b0      0x12c CMakeFiles/STM32C5_LSM6DSV80X_Project2.dir/stm32c5xx_drivers/hal/stm32c5xx_hal_uart.c.obj
                0x080098b0                HAL_UART_SetConfig
 .text.HAL_UART_Transmit
                0x080099dc      0x12c CMakeFiles/STM32C5_LSM6DSV80X_Project2.dir/stm32c5xx_drivers/hal/stm32c5xx_hal_uart.c.obj
                0x080099dc                HAL_UART_Transmit
 .text.UART_CheckEnabledState
                0x08009b08       0xb0 CMakeFiles/STM32C5_LSM6DSV80X_Project2.dir/stm32c5xx_drivers/hal/stm32c5xx_hal_uart.c.obj
 .text.UART_WaitOnFlagUntilTimeout
                0x08009bb8       0xb6 CMakeFiles/STM32C5_LSM6DSV80X_Project2.dir/stm32c5xx_drivers/hal/stm32c5xx_hal_uart.c.obj
 .text._getpid  0x08009c6e       0x10 CMakeFiles/STM32C5_LSM6DSV80X_Project2.dir/utilities/syscalls/syscalls.c.obj
                0x08009c6e                _getpid
 .text._kill    0x08009c7e       0x20 CMakeFiles/STM32C5_LSM6DSV80X_Project2.dir/utilities/syscalls/syscalls.c.obj
                0x08009c7e                _kill
 .text._exit    0x08009c9e       0x16 CMakeFiles/STM32C5_LSM6DSV80X_Project2.dir/utilities/syscalls/syscalls.c.obj
                0x08009c9e                _exit
 .text._read    0x08009cb4       0x3a CMakeFiles/STM32C5_LSM6DSV80X_Project2.dir/utilities/syscalls/syscalls.c.obj
                0x08009cb4                _read
 .text._close   0x08009cee       0x18 CMakeFiles/STM32C5_LSM6DSV80X_Project2.dir/utilities/syscalls/syscalls.c.obj
                0x08009cee                _close
 .text._fstat   0x08009d06       0x20 CMakeFiles/STM32C5_LSM6DSV80X_Project2.dir/utilities/syscalls/syscalls.c.obj
                0x08009d06                _fstat
 .text._isatty  0x08009d26       0x16 CMakeFiles/STM32C5_LSM6DSV80X_Project2.dir/utilities/syscalls/syscalls.c.obj
                0x08009d26                _isatty
 .text._lseek   0x08009d3c       0x1a CMakeFiles/STM32C5_LSM6DSV80X_Project2.dir/utilities/syscalls/syscalls.c.obj
                0x08009d3c                _lseek
 *fill*         0x08009d56        0x2 
 .text._sbrk    0x08009d58       0x6c CMakeFiles/STM32C5_LSM6DSV80X_Project2.dir/utilities/syscalls/sysmem.c.obj