Archive member included to satisfy reference by file (symbol)

C:/ST/STM32CubeIDE_2.1.1/STM32CubeIDE/plugins/com.st.stm32cube.ide.mcu.externaltools.gnu-tools-for-stm32.14.3.rel1.win32_1.0.100.202602081740/tools/bin/../lib/gcc/arm-none-eabi/14.3.1/../../../../arm-none-eabi/lib/thumb/v8-m.main+fp/hard\libc_nano.a(libc_a-exit.o)
                              C:/ST/STM32CubeIDE_2.1.1/STM32CubeIDE/plugins/com.st.stm32cube.ide.mcu.externaltools.gnu-tools-for-stm32.14.3.rel1.win32_1.0.100.202602081740/tools/bin/../lib/gcc/arm-none-eabi/14.3.1/../../../../arm-none-eabi/lib/thumb/v8-m.main+fp/hard/crt0.o (exit)
C:/ST/STM32CubeIDE_2.1.1/STM32CubeIDE/plugins/com.st.stm32cube.ide.mcu.externaltools.gnu-tools-for-stm32.14.3.rel1.win32_1.0.100.202602081740/tools/bin/../lib/gcc/arm-none-eabi/14.3.1/../../../../arm-none-eabi/lib/thumb/v8-m.main+fp/hard\libc_nano.a(libc_a-nano-vfprintf_float.o)
                              (_printf_float)
C:/ST/STM32CubeIDE_2.1.1/STM32CubeIDE/plugins/com.st.stm32cube.ide.mcu.externaltools.gnu-tools-for-stm32.14.3.rel1.win32_1.0.100.202602081740/tools/bin/../lib/gcc/arm-none-eabi/14.3.1/../../../../arm-none-eabi/lib/thumb/v8-m.main+fp/hard\libc_nano.a(libc_a-nano-vfprintf_i.o)
                              C:/ST/STM32CubeIDE_2.1.1/STM32CubeIDE/plugins/com.st.stm32cube.ide.mcu.externaltools.gnu-tools-for-stm32.14.3.rel1.win32_1.0.100.202602081740/tools/bin/../lib/gcc/arm-none-eabi/14.3.1/../../../../arm-none-eabi/lib/thumb/v8-m.main+fp/hard\libc_nano.a(libc_a-nano-vfprintf_float.o) (_printf_common)
C:/ST/STM32CubeIDE_2.1.1/STM32CubeIDE/plugins/com.st.stm32cube.ide.mcu.externaltools.gnu-tools-for-stm32.14.3.rel1.win32_1.0.100.202602081740/tools/bin/../lib/gcc/arm-none-eabi/14.3.1/../../../../arm-none-eabi/lib/thumb/v8-m.main+fp/hard\libc_nano.a(libc_a-findfp.o)
                              C:/ST/STM32CubeIDE_2.1.1/STM32CubeIDE/plugins/com.st.stm32cube.ide.mcu.externaltools.gnu-tools-for-stm32.14.3.rel1.win32_1.0.100.202602081740/tools/bin/../lib/gcc/arm-none-eabi/14.3.1/../../../../arm-none-eabi/lib/thumb/v8-m.main+fp/hard\libc_nano.a(libc_a-exit.o) (__stdio_exit_handler)
C:/ST/STM32CubeIDE_2.1.1/STM32CubeIDE/plugins/com.st.stm32cube.ide.mcu.externaltools.gnu-tools-for-stm32.14.3.rel1.win32_1.0.100.202602081740/tools/bin/../lib/gcc/arm-none-eabi/14.3.1/../../../../arm-none-eabi/lib/thumb/v8-m.main+fp/hard\libc_nano.a(libc_a-fwalk.o)
                              C:/ST/STM32CubeIDE_2.1.1/STM32CubeIDE/plugins/com.st.stm32cube.ide.mcu.externaltools.gnu-tools-for-stm32.14.3.rel1.win32_1.0.100.202602081740/tools/bin/../lib/gcc/arm-none-eabi/14.3.1/../../../../arm-none-eabi/lib/thumb/v8-m.main+fp/hard\libc_nano.a(libc_a-findfp.o) (_fwalk_sglue)
C:/ST/STM32CubeIDE_2.1.1/STM32CubeIDE/plugins/com.st.stm32cube.ide.mcu.externaltools.gnu-tools-for-stm32.14.3.rel1.win32_1.0.100.202602081740/tools/bin/../lib/gcc/arm-none-eabi/14.3.1/../../../../arm-none-eabi/lib/thumb/v8-m.main+fp/hard\libc_nano.a(libc_a-stdio.o)
                              C:/ST/STM32CubeIDE_2.1.1/STM32CubeIDE/plugins/com.st.stm32cube.ide.mcu.externaltools.gnu-tools-for-stm32.14.3.rel1.win32_1.0.100.202602081740/tools/bin/../lib/gcc/arm-none-eabi/14.3.1/../../../../arm-none-eabi/lib/thumb/v8-m.main+fp/hard\libc_nano.a(libc_a-findfp.o) (__sread)
C:/ST/STM32CubeIDE_2.1.1/STM32CubeIDE/plugins/com.st.stm32cube.ide.mcu.externaltools.gnu-tools-for-stm32.14.3.rel1.win32_1.0.100.202602081740/tools/bin/../lib/gcc/arm-none-eabi/14.3.1/../../../../arm-none-eabi/lib/thumb/v8-m.main+fp/hard\libc_nano.a(libc_a-memset.o)
                              C:/ST/STM32CubeIDE_2.1.1/STM32CubeIDE/plugins/com.st.stm32cube.ide.mcu.externaltools.gnu-tools-for-stm32.14.3.rel1.win32_1.0.100.202602081740/tools/bin/../lib/gcc/arm-none-eabi/14.3.1/../../../../arm-none-eabi/lib/thumb/v8-m.main+fp/hard/crt0.o (memset)
C:/ST/STM32CubeIDE_2.1.1/STM32CubeIDE/plugins/com.st.stm32cube.ide.mcu.externaltools.gnu-tools-for-stm32.14.3.rel1.win32_1.0.100.202602081740/tools/bin/../lib/gcc/arm-none-eabi/14.3.1/../../../../arm-none-eabi/lib/thumb/v8-m.main+fp/hard\libc_nano.a(libc_a-localeconv.o)
                              C:/ST/STM32CubeIDE_2.1.1/STM32CubeIDE/plugins/com.st.stm32cube.ide.mcu.externaltools.gnu-tools-for-stm32.14.3.rel1.win32_1.0.100.202602081740/tools/bin/../lib/gcc/arm-none-eabi/14.3.1/../../../../arm-none-eabi/lib/thumb/v8-m.main+fp/hard\libc_nano.a(libc_a-nano-vfprintf_float.o) (_localeconv_r)
C:/ST/STM32CubeIDE_2.1.1/STM32CubeIDE/plugins/com.st.stm32cube.ide.mcu.externaltools.gnu-tools-for-stm32.14.3.rel1.win32_1.0.100.202602081740/tools/bin/../lib/gcc/arm-none-eabi/14.3.1/../../../../arm-none-eabi/lib/thumb/v8-m.main+fp/hard\libc_nano.a(libc_a-closer.o)
                              C:/ST/STM32CubeIDE_2.1.1/STM32CubeIDE/plugins/com.st.stm32cube.ide.mcu.externaltools.gnu-tools-for-stm32.14.3.rel1.win32_1.0.100.202602081740/tools/bin/../lib/gcc/arm-none-eabi/14.3.1/../../../../arm-none-eabi/lib/thumb/v8-m.main+fp/hard\libc_nano.a(libc_a-stdio.o) (_close_r)
[...]
Memory Configuration

Name             Origin             Length             Attributes
ROM              0x08000000         0x00040000         xr
RAM              0x20000000         0x00010000         xrw
*default*        0x00000000         0xffffffff

Linker script and memory map

LOAD C:/ST/STM32CubeIDE_2.1.1/STM32CubeIDE/plugins/com.st.stm32cube.ide.mcu.externaltools.gnu-tools-for-stm32.14.3.rel1.win32_1.0.100.202602081740/tools/bin/../lib/gcc/arm-none-eabi/14.3.1/thumb/v8-m.main+fp/hard/crti.o
LOAD C:/ST/STM32CubeIDE_2.1.1/STM32CubeIDE/plugins/com.st.stm32cube.ide.mcu.externaltools.gnu-tools-for-stm32.14.3.rel1.win32_1.0.100.202602081740/tools/bin/../lib/gcc/arm-none-eabi/14.3.1/thumb/v8-m.main+fp/hard/crtbegin.o
LOAD C:/ST/STM32CubeIDE_2.1.1/STM32CubeIDE/plugins/com.st.stm32cube.ide.mcu.externaltools.gnu-tools-for-stm32.14.3.rel1.win32_1.0.100.202602081740/tools/bin/../lib/gcc/arm-none-eabi/14.3.1/../../../../arm-none-eabi/lib/thumb/v8-m.main+fp/hard/crt0.o
START GROUP
LOAD C:/ST/STM32CubeIDE_2.1.1/STM32CubeIDE/plugins/com.st.stm32cube.ide.mcu.externaltools.gnu-tools-for-stm32.14.3.rel1.win32_1.0.100.202602081740/tools/bin/../lib/gcc/arm-none-eabi/14.3.1/../../../../arm-none-eabi/lib/thumb/v8-m.main+fp/hard\libc_nano.a
LOAD C:/ST/STM32CubeIDE_2.1.1/STM32CubeIDE/plugins/com.st.stm32cube.ide.mcu.externaltools.gnu-tools-for-stm32.14.3.rel1.win32_1.0.100.202602081740/tools/bin/../lib/gcc/arm-none-eabi/14.3.1/../../../../arm-none-eabi/lib/thumb/v8-m.main+fp/hard\libm.a
END GROUP
LOAD CMakeFiles/STM32C5_LSM6DSV80X_Project1.dir/main.c.obj
LOAD CMakeFiles/STM32C5_LSM6DSV80X_Project1.dir/lsm6dsv80x_reg.c.obj
LOAD CMakeFiles/STM32C5_LSM6DSV80X_Project1.dir/generated/hal/mx_cortex_mpu.c.obj
LOAD CMakeFiles/STM32C5_LSM6DSV80X_Project1.dir/generated/hal/mx_cortex_nvic.c.obj
LOAD CMakeFiles/STM32C5_LSM6DSV80X_Project1.dir/generated/hal/mx_gpio_default.c.obj
LOAD CMakeFiles/STM32C5_LSM6DSV80X_Project1.dir/generated/hal/mx_i2c1.c.obj
LOAD CMakeFiles/STM32C5_LSM6DSV80X_Project1.dir/generated/hal/mx_icache.c.obj
LOAD CMakeFiles/STM32C5_LSM6DSV80X_Project1.dir/generated/hal/mx_rcc.c.obj
LOAD CMakeFiles/STM32C5_LSM6DSV80X_Project1.dir/generated/hal/mx_system.c.obj
LOAD CMakeFiles/STM32C5_LSM6DSV80X_Project1.dir/generated/hal/mx_usart1.c.obj
LOAD CMakeFiles/STM32C5_LSM6DSV80X_Project1.dir/user_modifiable/Device/STM32C542CCT6/system_stm32c5xx.c.obj
LOAD CMakeFiles/STM32C5_LSM6DSV80X_Project1.dir/user_modifiable/Device/STM32C542CCT6/startup_stm32c542xx.c.obj
LOAD CMakeFiles/STM32C5_LSM6DSV80X_Project1.dir/stm32c5xx_drivers/hal/stm32c5xx_hal.c.obj
LOAD CMakeFiles/STM32C5_LSM6DSV80X_Project1.dir/stm32c5xx_drivers/hal/stm32c5xx_hal_cortex.c.obj
LOAD CMakeFiles/STM32C5_LSM6DSV80X_Project1.dir/stm32c5xx_drivers/hal/stm32c5xx_hal_dma.c.obj
LOAD CMakeFiles/STM32C5_LSM6DSV80X_Project1.dir/stm32c5xx_drivers/hal/stm32c5xx_hal_flash_itf.c.obj
LOAD CMakeFiles/STM32C5_LSM6DSV80X_Project1.dir/stm32c5xx_drivers/hal/stm32c5xx_hal_gpio.c.obj
LOAD CMakeFiles/STM32C5_LSM6DSV80X_Project1.dir/stm32c5xx_drivers/hal/stm32c5xx_hal_i2c.c.obj
LOAD CMakeFiles/STM32C5_LSM6DSV80X_Project1.dir/stm32c5xx_drivers/hal/stm32c5xx_hal_icache.c.obj
LOAD CMakeFiles/STM32C5_LSM6DSV80X_Project1.dir/stm32c5xx_drivers/hal/stm32c5xx_hal_pwr.c.obj
LOAD CMakeFiles/STM32C5_LSM6DSV80X_Project1.dir/stm32c5xx_drivers/hal/stm32c5xx_hal_q.c.obj
LOAD CMakeFiles/STM32C5_LSM6DSV80X_Project1.dir/stm32c5xx_drivers/hal/stm32c5xx_hal_rcc.c.obj
LOAD CMakeFiles/STM32C5_LSM6DSV80X_Project1.dir/stm32c5xx_drivers/hal/stm32c5xx_hal_uart.c.obj
LOAD CMakeFiles/STM32C5_LSM6DSV80X_Project1.dir/utilities/syscalls/syscalls.c.obj
LOAD CMakeFiles/STM32C5_LSM6DSV80X_Project1.dir/utilities/syscalls/sysmem.c.obj
START GROUP
LOAD C:/ST/STM32CubeIDE_2.1.1/STM32CubeIDE/plugins/com.st.stm32cube.ide.mcu.externaltools.gnu-tools-for-stm32.14.3.rel1.win32_1.0.100.202602081740/tools/bin/../lib/gcc/arm-none-eabi/14.3.1/thumb/v8-m.main+fp/hard\libgcc.a
LOAD C:/ST/STM32CubeIDE_2.1.1/STM32CubeIDE/plugins/com.st.stm32cube.ide.mcu.externaltools.gnu-tools-for-stm32.14.3.rel1.win32_1.0.100.202602081740/tools/bin/../lib/gcc/arm-none-eabi/14.3.1/../../../../arm-none-eabi/lib/thumb/v8-m.main+fp/hard\libc_nano.a
END GROUP
START GROUP
LOAD C:/ST/STM32CubeIDE_2.1.1/STM32CubeIDE/plugins/com.st.stm32cube.ide.mcu.externaltools.gnu-tools-for-stm32.14.3.rel1.win32_1.0.100.202602081740/tools/bin/../lib/gcc/arm-none-eabi/14.3.1/thumb/v8-m.main+fp/hard\libgcc.a
LOAD C:/ST/STM32CubeIDE_2.1.1/STM32CubeIDE/plugins/com.st.stm32cube.ide.mcu.externaltools.gnu-tools-for-stm32.14.3.rel1.win32_1.0.100.202602081740/tools/bin/../lib/gcc/arm-none-eabi/14.3.1/../../../../arm-none-eabi/lib/thumb/v8-m.main+fp/hard\libc_nano.a
LOAD C:/ST/STM32CubeIDE_2.1.1/STM32CubeIDE/plugins/com.st.stm32cube.ide.mcu.externaltools.gnu-tools-for-stm32.14.3.rel1.win32_1.0.100.202602081740/tools/bin/../lib/gcc/arm-none-eabi/14.3.1/../../../../arm-none-eabi/lib/thumb/v8-m.main+fp/hard\libnosys.a
END GROUP
START GROUP
LOAD C:/ST/STM32CubeIDE_2.1.1/STM32CubeIDE/plugins/com.st.stm32cube.ide.mcu.externaltools.gnu-tools-for-stm32.14.3.rel1.win32_1.0.100.202602081740/tools/bin/../lib/gcc/arm-none-eabi/14.3.1/thumb/v8-m.main+fp/hard\libgcc.a
LOAD C:/ST/STM32CubeIDE_2.1.1/STM32CubeIDE/plugins/com.st.stm32cube.ide.mcu.externaltools.gnu-tools-for-stm32.14.3.rel1.win32_1.0.100.202602081740/tools/bin/../lib/gcc/arm-none-eabi/14.3.1/../../../../arm-none-eabi/lib/thumb/v8-m.main+fp/hard\libc_nano.a
LOAD C:/ST/STM32CubeIDE_2.1.1/STM32CubeIDE/plugins/com.st.stm32cube.ide.mcu.externaltools.gnu-tools-for-stm32.14.3.rel1.win32_1.0.100.202602081740/tools/bin/../lib/gcc/arm-none-eabi/14.3.1/../../../../arm-none-eabi/lib/thumb/v8-m.main+fp/hard\libnosys.a
END GROUP
LOAD C:/ST/STM32CubeIDE_2.1.1/STM32CubeIDE/plugins/com.st.stm32cube.ide.mcu.externaltools.gnu-tools-for-stm32.14.3.rel1.win32_1.0.100.202602081740/tools/bin/../lib/gcc/arm-none-eabi/14.3.1/thumb/v8-m.main+fp/hard/crtend.o
LOAD C:/ST/STM32CubeIDE_2.1.1/STM32CubeIDE/plugins/com.st.stm32cube.ide.mcu.externaltools.gnu-tools-for-stm32.14.3.rel1.win32_1.0.100.202602081740/tools/bin/../lib/gcc/arm-none-eabi/14.3.1/thumb/v8-m.main+fp/hard/crtn.o
                0x00000200                        HEAP_SIZE = 0x200
                0x00000400                        STACK_SIZE = 0x400

.vectors        0x08000000      0x1a8
                0x08000000                        . = ALIGN (0x8)
 *(.vectors)
 .vectors       0x08000000      0x1a4 CMakeFiles/STM32C5_LSM6DSV80X_Project1.dir/user_modifiable/Device/STM32C542CCT6/startup_stm32c542xx.c.obj
                0x08000000                __Vectors
                0x080001a8                        . = ALIGN (0x8)
 *fill*         0x080001a4        0x4 

.text           0x080001a8     0x9218
                0x080001a8                        . = ALIGN (0x8)
 *(.text)
 .text          0x080001a8       0x40 C:/ST/STM32CubeIDE_2.1.1/STM32CubeIDE/plugins/com.st.stm32cube.ide.mcu.externaltools.gnu-tools-for-stm32.14.3.rel1.win32_1.0.100.202602081740/tools/bin/../lib/gcc/arm-none-eabi/14.3.1/thumb/v8-m.main+fp/hard/crtbegin.o
 .text          0x080001e8       0x7c C:/ST/STM32CubeIDE_2.1.1/STM32CubeIDE/plugins/com.st.stm32cube.ide.mcu.externaltools.gnu-tools-for-stm32.14.3.rel1.win32_1.0.100.202602081740/tools/bin/../lib/gcc/arm-none-eabi/14.3.1/../../../../arm-none-eabi/lib/thumb/v8-m.main+fp/hard/crt0.o
                0x080001e8                _stack_init
                0x080001f0                _start
                0x080001f0                _mainCRTStartup
 .text          0x08000264       0x10 C:/ST/STM32CubeIDE_2.1.1/STM32CubeIDE/plugins/com.st.stm32cube.ide.mcu.externaltools.gnu-tools-for-stm32.14.3.rel1.win32_1.0.100.202602081740/tools/bin/../lib/gcc/arm-none-eabi/14.3.1/../../../../arm-none-eabi/lib/thumb/v8-m.main+fp/hard\libc_nano.a(libc_a-strlen.o)
                0x08000264                strlen
 .text          0x08000274      0x378 C:/ST/STM32CubeIDE_2.1.1/STM32CubeIDE/plugins/com.st.stm32cube.ide.mcu.externaltools.gnu-tools-for-stm32.14.3.rel1.win32_1.0.100.202602081740/tools/bin/../lib/gcc/arm-none-eabi/14.3.1/thumb/v8-m.main+fp/hard\libgcc.a(_arm_addsubdf3.o)
                0x08000274                __aeabi_drsub
                0x0800027c                __aeabi_dsub
                0x0800027c                __subdf3
                0x08000280                __aeabi_dadd
                0x08000280                __adddf3
                0x080004f8                __floatunsidf
                0x080004f8                __aeabi_ui2d
                0x08000518                __floatsidf
                0x08000518                __aeabi_i2d
                0x0800053c                __aeabi_f2d
                0x0800053c                __extendsfdf2
                0x08000580                __floatundidf
                0x08000580                __aeabi_ul2d
                0x08000590                __floatdidf
                0x08000590                __aeabi_l2d
 .text          0x080005ec      0x424 C:/ST/STM32CubeIDE_2.1.1/STM32CubeIDE/plugins/com.st.stm32cube.ide.mcu.externaltools.gnu-tools-for-stm32.14.3.rel1.win32_1.0.100.202602081740/tools/bin/../lib/gcc/arm-none-eabi/14.3.1/thumb/v8-m.main+fp/hard\libgcc.a(_arm_muldivdf3.o)
                0x080005ec                __aeabi_dmul
                0x080005ec                __muldf3
                0x08000840                __divdf3
                0x08000840                __aeabi_ddiv
 .text          0x08000a10      0x110 C:/ST/STM32CubeIDE_2.1.1/STM32CubeIDE/plugins/com.st.stm32cube.ide.mcu.externaltools.gnu-tools-for-stm32.14.3.rel1.win32_1.0.100.202602081740/tools/bin/../lib/gcc/arm-none-eabi/14.3.1/thumb/v8-m.main+fp/hard\libgcc.a(_arm_cmpdf2.o)
                0x08000a10                __gtdf2
                0x08000a10                __gedf2
                0x08000a18                __ltdf2
                0x08000a18                __ledf2
                0x08000a20                __nedf2
                0x08000a20                __eqdf2
                0x08000a20                __cmpdf2
                0x08000a9c                __aeabi_cdrcmple
                0x08000aac                __aeabi_cdcmpeq
                0x08000aac                __aeabi_cdcmple
                0x08000abc                __aeabi_dcmpeq
                0x08000ad0                __aeabi_dcmplt
                0x08000ae4                __aeabi_dcmple
                0x08000af8                __aeabi_dcmpge
                0x08000b0c                __aeabi_dcmpgt
 .text          0x08000b20       0x2c C:/ST/STM32CubeIDE_2.1.1/STM32CubeIDE/plugins/com.st.stm32cube.ide.mcu.externaltools.gnu-tools-for-stm32.14.3.rel1.win32_1.0.100.202602081740/tools/bin/../lib/gcc/arm-none-eabi/14.3.1/thumb/v8-m.main+fp/hard\libgcc.a(_arm_unorddf2.o)
                0x08000b20                __unorddf2
                0x08000b20                __aeabi_dcmpun
 .text          0x08000b4c       0x50 C:/ST/STM32CubeIDE_2.1.1/STM32CubeIDE/plugins/com.st.stm32cube.ide.mcu.externaltools.gnu-tools-for-stm32.14.3.rel1.win32_1.0.100.202602081740/tools/bin/../lib/gcc/arm-none-eabi/14.3.1/thumb/v8-m.main+fp/hard\libgcc.a(_arm_fixdfsi.o)
                0x08000b4c                __aeabi_d2iz
                0x08000b4c                __fixdfsi
 .text          0x08000b9c       0xa0 C:/ST/STM32CubeIDE_2.1.1/STM32CubeIDE/plugins/com.st.stm32cube.ide.mcu.externaltools.gnu-tools-for-stm32.14.3.rel1.win32_1.0.100.202602081740/tools/bin/../lib/gcc/arm-none-eabi/14.3.1/thumb/v8-m.main+fp/hard\libgcc.a(_arm_truncdfsf2.o)
                0x08000b9c                __truncdfsf2
                0x08000b9c                __aeabi_d2f
 .text          0x08000c3c       0x30 C:/ST/STM32CubeIDE_2.1.1/STM32CubeIDE/plugins/com.st.stm32cube.ide.mcu.externaltools.gnu-tools-for-stm32.14.3.rel1.win32_1.0.100.202602081740/tools/bin/../lib/gcc/arm-none-eabi/14.3.1/thumb/v8-m.main+fp/hard\libgcc.a(_aeabi_uldivmod.o)
                0x08000c3c                __aeabi_uldivmod
 .text          0x08000c6c      0x34c C:/ST/STM32CubeIDE_2.1.1/STM32CubeIDE/plugins/com.st.stm32cube.ide.mcu.externaltools.gnu-tools-for-stm32.14.3.rel1.win32_1.0.100.202602081740/tools/bin/../lib/gcc/arm-none-eabi/14.3.1/thumb/v8-m.main+fp/hard\libgcc.a(_udivmoddi4.o)
                0x08000c6c                __udivmoddi4
 .text          0x08000fb8        0x4 C:/ST/STM32CubeIDE_2.1.1/STM32CubeIDE/plugins/com.st.stm32cube.ide.mcu.externaltools.gnu-tools-for-stm32.14.3.rel1.win32_1.0.100.202602081740/tools/bin/../lib/gcc/arm-none-eabi/14.3.1/thumb/v8-m.main+fp/hard\libgcc.a(_dvmd_tls.o)
                0x08000fb8                __aeabi_idiv0
                0x08000fb8                __aeabi_ldiv0
 *(.text*)
 .text.exit     0x08000fbc       0x24 C:/ST/STM32CubeIDE_2.1.1/STM32CubeIDE/plugins/com.st.stm32cube.ide.mcu.externaltools.gnu-tools-for-stm32.14.3.rel1.win32_1.0.100.202602081740/tools/bin/../lib/gcc/arm-none-eabi/14.3.1/../../../../arm-none-eabi/lib/thumb/v8-m.main+fp/hard\libc_nano.a(libc_a-exit.o)
                0x08000fbc                exit
 .text.__cvt    0x08000fe0       0xca C:/ST/STM32CubeIDE_2.1.1/STM32CubeIDE/plugins/com.st.stm32cube.ide.mcu.externaltools.gnu-tools-for-stm32.14.3.rel1.win32_1.0.100.202602081740/tools/bin/../lib/gcc/arm-none-eabi/14.3.1/../../../../arm-none-eabi/lib/thumb/v8-m.main+fp/hard\libc_nano.a(libc_a-nano-vfprintf_float.o)
                0x08000fe0                __cvt
 .text.__exponent
                0x080010aa       0x72 C:/ST/STM32CubeIDE_2.1.1/STM32CubeIDE/plugins/com.st.stm32cube.ide.mcu.externaltools.gnu-tools-for-stm32.14.3.rel1.win32_1.0.100.202602081740/tools/bin/../lib/gcc/arm-none-eabi/14.3.1/../../../../arm-none-eabi/lib/thumb/v8-m.main+fp/hard\libc_nano.a(libc_a-nano-vfprintf_float.o)
                0x080010aa                __exponent
 .text._printf_float
                0x0800111c      0x450 C:/ST/STM32CubeIDE_2.1.1/STM32CubeIDE/plugins/com.st.stm32cube.ide.mcu.externaltools.gnu-tools-for-stm32.14.3.rel1.win32_1.0.100.202602081740/tools/bin/../lib/gcc/arm-none-eabi/14.3.1/../../../../arm-none-eabi/lib/thumb/v8-m.main+fp/hard\libc_nano.a(libc_a-nano-vfprintf_float.o)
                0x0800111c                _printf_float
 .text._printf_common
                0x0800156c       0xe4 C:/ST/STM32CubeIDE_2.1.1/STM32CubeIDE/plugins/com.st.stm32cube.ide.mcu.externaltools.gnu-tools-for-stm32.14.3.rel1.win32_1.0.100.202602081740/tools/bin/../lib/gcc/arm-none-eabi/14.3.1/../../../../arm-none-eabi/lib/thumb/v8-m.main+fp/hard\libc_nano.a(libc_a-nano-vfprintf_i.o)
                0x0800156c                _printf_common
 .text._printf_i
                0x08001650      0x24c C:/ST/STM32CubeIDE_2.1.1/STM32CubeIDE/plugins/com.st.stm32cube.ide.mcu.externaltools.gnu-tools-for-stm32.14.3.rel1.win32_1.0.100.202602081740/tools/bin/../lib/gcc/arm-none-eabi/14.3.1/../../../../arm-none-eabi/lib/thumb/v8-m.main+fp/hard\libc_nano.a(libc_a-nano-vfprintf_i.o)
                0x08001650                _printf_i
 .text.std      0x0800189c       0x6c C:/ST/STM32CubeIDE_2.1.1/STM32CubeIDE/plugins/com.st.stm32cube.ide.mcu.externaltools.gnu-tools-for-stm32.14.3.rel1.win32_1.0.100.202602081740/tools/bin/../lib/gcc/arm-none-eabi/14.3.1/../../../../arm-none-eabi/lib/thumb/v8-m.main+fp/hard\libc_nano.a(libc_a-findfp.o)
 .text.stdio_exit_handler
                0x08001908       0x18 C:/ST/STM32CubeIDE_2.1.1/STM32CubeIDE/plugins/com.st.stm32cube.ide.mcu.externaltools.gnu-tools-for-stm32.14.3.rel1.win32_1.0.100.202602081740/tools/bin/../lib/gcc/arm-none-eabi/14.3.1/../../../../arm-none-eabi/lib/thumb/v8-m.main+fp/hard\libc_nano.a(libc_a-findfp.o)
 .text.cleanup_stdio
                0x08001920       0x40 C:/ST/STM32CubeIDE_2.1.1/STM32CubeIDE/plugins/com.st.stm32cube.ide.mcu.externaltools.gnu-tools-for-stm32.14.3.rel1.win32_1.0.100.202602081740/tools/bin/../lib/gcc/arm-none-eabi/14.3.1/../../../../arm-none-eabi/lib/thumb/v8-m.main+fp/hard\libc_nano.a(libc_a-findfp.o)
 .text.global_stdio_init.part.0
                0x08001960       0x40 C:/ST/STM32CubeIDE_2.1.1/STM32CubeIDE/plugins/com.st.stm32cube.ide.mcu.externaltools.gnu-tools-for-stm32.14.3.rel1.win32_1.0.100.202602081740/tools/bin/../lib/gcc/arm-none-eabi/14.3.1/../../../../arm-none-eabi/lib/thumb/v8-m.main+fp/hard\libc_nano.a(libc_a-findfp.o)
 .text.__sfp_lock_acquire
                0x080019a0        0xc C:/ST/STM32CubeIDE_2.1.1/STM32CubeIDE/plugins/com.st.stm32cube.ide.mcu.externaltools.gnu-tools-for-stm32.14.3.rel1.win32_1.0.100.202602081740/tools/bin/../lib/gcc/arm-none-eabi/14.3.1/../../../../arm-none-eabi/lib/thumb/v8-m.main+fp/hard\libc_nano.a(libc_a-findfp.o)
                0x080019a0                __sfp_lock_acquire
 .text.__sfp_lock_release
                0x080019ac        0xc C:/ST/STM32CubeIDE_2.1.1/STM32CubeIDE/plugins/com.st.stm32cube.ide.mcu.externaltools.gnu-tools-for-stm32.14.3.rel1.win32_1.0.100.202602081740/tools/bin/../lib/gcc/arm-none-eabi/14.3.1/../../../../arm-none-eabi/lib/thumb/v8-m.main+fp/hard\libc_nano.a(libc_a-findfp.o)
                0x080019ac                __sfp_lock_release
 .text.__sinit  0x080019b8       0x30 C:/ST/STM32CubeIDE_2.1.1/STM32CubeIDE/plugins/com.st.stm32cube.ide.mcu.externaltools.gnu-tools-for-stm32.14.3.rel1.win32_1.0.100.202602081740/tools/bin/../lib/gcc/arm-none-eabi/14.3.1/../../../../arm-none-eabi/lib/thumb/v8-m.main+fp/hard\libc_nano.a(libc_a-findfp.o)
                0x080019b8                __sinit
 .text._fwalk_sglue
                0x080019e8       0x3c C:/ST/STM32CubeIDE_2.1.1/STM32CubeIDE/plugins/com.st.stm32cube.ide.mcu.externaltools.gnu-tools-for-stm32.14.3.rel1.win32_1.0.100.202602081740/tools/bin/../lib/gcc/arm-none-eabi/14.3.1/../../../../arm-none-eabi/lib/thumb/v8-m.main+fp/hard\libc_nano.a(libc_a-fwalk.o)
                0x080019e8                _fwalk_sglue
 .text.__sread  0x08001a24       0x22 C:/ST/STM32CubeIDE_2.1.1/STM32CubeIDE/plugins/com.st.stm32cube.ide.mcu.externaltools.gnu-tools-for-stm32.14.3.rel1.win32_1.0.100.202602081740/tools/bin/../lib/gcc/arm-none-eabi/14.3.1/../../../../arm-none-eabi/lib/thumb/v8-m.main+fp/hard\libc_nano.a(libc_a-stdio.o)
                0x08001a24                __sread
 .text.__swrite
                0x08001a46       0x38 C:/ST/STM32CubeIDE_2.1.1/STM32CubeIDE/plugins/com.st.stm32cube.ide.mcu.externaltools.gnu-tools-for-stm32.14.3.rel1.win32_1.0.100.202602081740/tools/bin/../lib/gcc/arm-none-eabi/14.3.1/../../../../arm-none-eabi/lib/thumb/v8-m.main+fp/hard\libc_nano.a(libc_a-stdio.o)
                0x08001a46                __swrite
 .text.__sseek  0x08001a7e       0x26 C:/ST/STM32CubeIDE_2.1.1/STM32CubeIDE/plugins/com.st.stm32cube.ide.mcu.externaltools.gnu-tools-for-stm32.14.3.rel1.win32_1.0.100.202602081740/tools/bin/../lib/gcc/arm-none-eabi/14.3.1/../../../../arm-none-eabi/lib/thumb/v8-m.main+fp/hard\libc_nano.a(libc_a-stdio.o)
                0x08001a7e                __sseek
 .text.__sclose
                0x08001aa4        0x8 C:/ST/STM32CubeIDE_2.1.1/STM32CubeIDE/plugins/com.st.stm32cube.ide.mcu.externaltools.gnu-tools-for-stm32.14.3.rel1.win32_1.0.100.202602081740/tools/bin/../lib/gcc/arm-none-eabi/14.3.1/../../../../arm-none-eabi/lib/thumb/v8-m.main+fp/hard\libc_nano.a(libc_a-stdio.o)
                0x08001aa4                __sclose
 .text.memset   0x08001aac       0x10 C:/ST/STM32CubeIDE_2.1.1/STM32CubeIDE/plugins/com.st.stm32cube.ide.mcu.externaltools.gnu-tools-for-stm32.14.3.rel1.win32_1.0.100.202602081740/tools/bin/../lib/gcc/arm-none-eabi/14.3.1/../../../../arm-none-eabi/lib/thumb/v8-m.main+fp/hard\libc_nano.a(libc_a-memset.o)
                0x08001aac                memset
 .text._localeconv_r
                0x08001abc        0x8 C:/ST/STM32CubeIDE_2.1.1/STM32CubeIDE/plugins/com.st.stm32cube.ide.mcu.externaltools.gnu-tools-for-stm32.14.3.rel1.win32_1.0.100.202602081740/tools/bin/../lib/gcc/arm-none-eabi/14.3.1/../../../../arm-none-eabi/lib/thumb/v8-m.main+fp/hard\libc_nano.a(libc_a-localeconv.o)
                0x08001abc                _localeconv_r
 .text._close_r
                0x08001ac4       0x20 C:/ST/STM32CubeIDE_2.1.1/STM32CubeIDE/plugins/com.st.stm32cube.ide.mcu.externaltools.gnu-tools-for-stm32.14.3.rel1.win32_1.0.100.202602081740/tools/bin/../lib/gcc/arm-none-eabi/14.3.1/../../../../arm-none-eabi/lib/thumb/v8-m.main+fp/hard\libc_nano.a(libc_a-closer.o)
                0x08001ac4                _close_r
 .text._lseek_r
                0x08001ae4       0x24 C:/ST/STM32CubeIDE_2.1.1/STM32CubeIDE/plugins/com.st.stm32cube.ide.mcu.externaltools.gnu-tools-for-stm32.14.3.rel1.win32_1.0.100.202602081740/tools/bin/../lib/gcc/arm-none-eabi/14.3.1/../../../../arm-none-eabi/lib/thumb/v8-m.main+fp/hard\libc_nano.a(libc_a-lseekr.o)
                0x08001ae4                _lseek_r
 .text._read_r  0x08001b08       0x24 C:/ST/STM32CubeIDE_2.1.1/STM32CubeIDE/plugins/com.st.stm32cube.ide.mcu.externaltools.gnu-tools-for-stm32.14.3.rel1.win32_1.0.100.202602081740/tools/bin/../lib/gcc/arm-none-eabi/14.3.1/../../../../arm-none-eabi/lib/thumb/v8-m.main+fp/hard\libc_nano.a(libc_a-readr.o)
                0x08001b08                _read_r
 .text._write_r
                0x08001b2c       0x24 C:/ST/STM32CubeIDE_2.1.1/STM32CubeIDE/plugins/com.st.stm32cube.ide.mcu.externaltools.gnu-tools-for-stm32.14.3.rel1.win32_1.0.100.202602081740/tools/bin/../lib/gcc/arm-none-eabi/14.3.1/../../../../arm-none-eabi/lib/thumb/v8-m.main+fp/hard\libc_nano.a(libc_a-writer.o)
                0x08001b2c                _write_r
 .text.__libc_init_array
                0x08001b50       0x48 C:/ST/STM32CubeIDE_2.1.1/STM32CubeIDE/plugins/com.st.stm32cube.ide.mcu.externaltools.gnu-tools-for-stm32.14.3.rel1.win32_1.0.100.202602081740/tools/bin/../lib/gcc/arm-none-eabi/14.3.1/../../../../arm-none-eabi/lib/thumb/v8-m.main+fp/hard\libc_nano.a(libc_a-init.o)
                0x08001b50                __libc_init_array
 .text.__retarget_lock_init_recursive
                0x08001b98        0x2 C:/ST/STM32CubeIDE_2.1.1/STM32CubeIDE/plugins/com.st.stm32cube.ide.mcu.externaltools.gnu-tools-for-stm32.14.3.rel1.win32_1.0.100.202602081740/tools/bin/../lib/gcc/arm-none-eabi/14.3.1/../../../../arm-none-eabi/lib/thumb/v8-m.main+fp/hard\libc_nano.a(libc_a-lock.o)
                0x08001b98                __retarget_lock_init_recursive
 .text.__retarget_lock_acquire_recursive
                0x08001b9a        0x2 C:/ST/STM32CubeIDE_2.1.1/STM32CubeIDE/plugins/com.st.stm32cube.ide.mcu.externaltools.gnu-tools-for-stm32.14.3.rel1.win32_1.0.100.202602081740/tools/bin/../lib/gcc/arm-none-eabi/14.3.1/../../../../arm-none-eabi/lib/thumb/v8-m.main+fp/hard\libc_nano.a(libc_a-lock.o)
                0x08001b9a                __retarget_lock_acquire_recursive
 .text.__retarget_lock_release_recursive
                0x08001b9c        0x2 C:/ST/STM32CubeIDE_2.1.1/STM32CubeIDE/plugins/com.st.stm32cube.ide.mcu.externaltools.gnu-tools-for-stm32.14.3.rel1.win32_1.0.100.202602081740/tools/bin/../lib/gcc/arm-none-eabi/14.3.1/../../../../arm-none-eabi/lib/thumb/v8-m.main+fp/hard\libc_nano.a(libc_a-lock.o)
                0x08001b9c                __retarget_lock_release_recursive
 .text.memchr   0x08001b9e       0x1c C:/ST/STM32CubeIDE_2.1.1/STM32CubeIDE/plugins/com.st.stm32cube.ide.mcu.externaltools.gnu-tools-for-stm32.14.3.rel1.win32_1.0.100.202602081740/tools/bin/../lib/gcc/arm-none-eabi/14.3.1/../../../../arm-none-eabi/lib/thumb/v8-m.main+fp/hard\libc_nano.a(libc_a-memchr-stub.o)
                0x08001b9e                memchr
 .text.quorem   0x08001bba      0x11a C:/ST/STM32CubeIDE_2.1.1/STM32CubeIDE/plugins/com.st.stm32cube.ide.mcu.externaltools.gnu-tools-for-stm32.14.3.rel1.win32_1.0.100.202602081740/tools/bin/../lib/gcc/arm-none-eabi/14.3.1/../../../../arm-none-eabi/lib/thumb/v8-m.main+fp/hard\libc_nano.a(libc_a-dtoa.o)
 *fill*         0x08001cd4        0x4 
 .text._dtoa_r  0x08001cd8      0xbb8 C:/ST/STM32CubeIDE_2.1.1/STM32CubeIDE/plugins/com.st.stm32cube.ide.mcu.externaltools.gnu-tools-for-stm32.14.3.rel1.win32_1.0.100.202602081740/tools/bin/../lib/gcc/arm-none-eabi/14.3.1/../../../../arm-none-eabi/lib/thumb/v8-m.main+fp/hard\libc_nano.a(libc_a-dtoa.o)
                0x08001cd8                _dtoa_r
 .text._free_r  0x08002890       0x94 C:/ST/STM32CubeIDE_2.1.1/STM32CubeIDE/plugins/com.st.stm32cube.ide.mcu.externaltools.gnu-tools-for-stm32.14.3.rel1.win32_1.0.100.202602081740/tools/bin/../lib/gcc/arm-none-eabi/14.3.1/../../../../arm-none-eabi/lib/thumb/v8-m.main+fp/hard\libc_nano.a(libc_a-freer.o)
                0x08002890                _free_r
 .text.malloc   0x08002924       0x10 C:/ST/STM32CubeIDE_2.1.1/STM32CubeIDE/plugins/com.st.stm32cube.ide.mcu.externaltools.gnu-tools-for-stm32.14.3.rel1.win32_1.0.100.202602081740/tools/bin/../lib/gcc/arm-none-eabi/14.3.1/../../../../arm-none-eabi/lib/thumb/v8-m.main+fp/hard\libc_nano.a(libc_a-malloc.o)
                0x08002924                malloc
 .text.sbrk_aligned
                0x08002934       0x44 C:/ST/STM32CubeIDE_2.1.1/STM32CubeIDE/plugins/com.st.stm32cube.ide.mcu.externaltools.gnu-tools-for-stm32.14.3.rel1.win32_1.0.100.202602081740/tools/bin/../lib/gcc/arm-none-eabi/14.3.1/../../../../arm-none-eabi/lib/thumb/v8-m.main+fp/hard\libc_nano.a(libc_a-mallocr.o)
 .text._malloc_r
                0x08002978      0x100 C:/ST/STM32CubeIDE_2.1.1/STM32CubeIDE/plugins/com.st.stm32cube.ide.mcu.externaltools.gnu-tools-for-stm32.14.3.rel1.win32_1.0.100.202602081740/tools/bin/../lib/gcc/arm-none-eabi/14.3.1/../../../../arm-none-eabi/lib/thumb/v8-m.main+fp/hard\libc_nano.a(libc_a-mallocr.o)
                0x08002978                _malloc_r
 .text.__malloc_lock
                0x08002a78        0xc C:/ST/STM32CubeIDE_2.1.1/STM32CubeIDE/plugins/com.st.stm32cube.ide.mcu.externaltools.gnu-tools-for-stm32.14.3.rel1.win32_1.0.100.202602081740/tools/bin/../lib/gcc/arm-none-eabi/14.3.1/../../../../arm-none-eabi/lib/thumb/v8-m.main+fp/hard\libc_nano.a(libc_a-mlock.o)
                0x08002a78                __malloc_lock
 .text.__malloc_unlock
                0x08002a84        0xc C:/ST/STM32CubeIDE_2.1.1/STM32CubeIDE/plugins/com.st.stm32cube.ide.mcu.externaltools.gnu-tools-for-stm32.14.3.rel1.win32_1.0.100.202602081740/tools/bin/../lib/gcc/arm-none-eabi/14.3.1/../../../../arm-none-eabi/lib/thumb/v8-m.main+fp/hard\libc_nano.a(libc_a-mlock.o)
                0x08002a84                __malloc_unlock
 .text._Balloc  0x08002a90       0x7c C:/ST/STM32CubeIDE_2.1.1/STM32CubeIDE/plugins/com.st.stm32cube.ide.mcu.externaltools.gnu-tools-for-stm32.14.3.rel1.win32_1.0.100.202602081740/tools/bin/../lib/gcc/arm-none-eabi/14.3.1/../../../../arm-none-eabi/lib/thumb/v8-m.main+fp/hard\libc_nano.a(libc_a-mprec.o)
                0x08002a90                _Balloc
 .text._Bfree   0x08002b0c       0x44 C:/ST/STM32CubeIDE_2.1.1/STM32CubeIDE/plugins/com.st.stm32cube.ide.mcu.externaltools.gnu-tools-for-stm32.14.3.rel1.win32_1.0.100.202602081740/tools/bin/../lib/gcc/arm-none-eabi/14.3.1/../../../../arm-none-eabi/lib/thumb/v8-m.main+fp/hard\libc_nano.a(libc_a-mprec.o)
                0x08002b0c                _Bfree
 .text.__multadd
                0x08002b50       0x90 C:/ST/STM32CubeIDE_2.1.1/STM32CubeIDE/plugins/com.st.stm32cube.ide.mcu.externaltools.gnu-tools-for-stm32.14.3.rel1.win32_1.0.100.202602081740/tools/bin/../lib/gcc/arm-none-eabi/14.3.1/../../../../arm-none-eabi/lib/thumb/v8-m.main+fp/hard\libc_nano.a(libc_a-mprec.o)
                0x08002b50                __multadd
 .text.__hi0bits
                0x08002be0       0x3e C:/ST/STM32CubeIDE_2.1.1/STM32CubeIDE/plugins/com.st.stm32cube.ide.mcu.externaltools.gnu-tools-for-stm32.14.3.rel1.win32_1.0.100.202602081740/tools/bin/../lib/gcc/arm-none-eabi/14.3.1/../../../../arm-none-eabi/lib/thumb/v8-m.main+fp/hard\libc_nano.a(libc_a-mprec.o)
                0x08002be0                __hi0bits
 .text.__lo0bits
                0x08002c1e       0x5a C:/ST/STM32CubeIDE_2.1.1/STM32CubeIDE/plugins/com.st.stm32cube.ide.mcu.externaltools.gnu-tools-for-stm32.14.3.rel1.win32_1.0.100.202602081740/tools/bin/../lib/gcc/arm-none-eabi/14.3.1/../../../../arm-none-eabi/lib/thumb/v8-m.main+fp/hard\libc_nano.a(libc_a-mprec.o)
                0x08002c1e                __lo0bits
 .text.__i2b    0x08002c78       0x2c C:/ST/STM32CubeIDE_2.1.1/STM32CubeIDE/plugins/com.st.stm32cube.ide.mcu.externaltools.gnu-tools-for-stm32.14.3.rel1.win32_1.0.100.202602081740/tools/bin/../lib/gcc/arm-none-eabi/14.3.1/../../../../arm-none-eabi/lib/thumb/v8-m.main+fp/hard\libc_nano.a(libc_a-mprec.o)
                0x08002c78                __i2b
 .text.__multiply
                0x08002ca4      0x154 C:/ST/STM32CubeIDE_2.1.1/STM32CubeIDE/plugins/com.st.stm32cube.ide.mcu.externaltools.gnu-tools-for-stm32.14.3.rel1.win32_1.0.100.202602081740/tools/bin/../lib/gcc/arm-none-eabi/14.3.1/../../../../arm-none-eabi/lib/thumb/v8-m.main+fp/hard\libc_nano.a(libc_a-mprec.o)
                0x08002ca4                __multiply
 .text.__pow5mult
                0x08002df8       0xb8 C:/ST/STM32CubeIDE_2.1.1/STM32CubeIDE/plugins/com.st.stm32cube.ide.mcu.externaltools.gnu-tools-for-stm32.14.3.rel1.win32_1.0.100.202602081740/tools/bin/../lib/gcc/arm-none-eabi/14.3.1/../../../../arm-none-eabi/lib/thumb/v8-m.main+fp/hard\libc_nano.a(libc_a-mprec.o)
                0x08002df8                __pow5mult
 .text.__lshift
                0x08002eb0       0xd8 C:/ST/STM32CubeIDE_2.1.1/STM32CubeIDE/plugins/com.st.stm32cube.ide.mcu.externaltools.gnu-tools-for-stm32.14.3.rel1.win32_1.0.100.202602081740/tools/bin/../lib/gcc/arm-none-eabi/14.3.1/../../../../arm-none-eabi/lib/thumb/v8-m.main+fp/hard\libc_nano.a(libc_a-mprec.o)
                0x08002eb0                __lshift
 .text.__mcmp   0x08002f88       0x36 C:/ST/STM32CubeIDE_2.1.1/STM32CubeIDE/plugins/com.st.stm32cube.ide.mcu.externaltools.gnu-tools-for-stm32.14.3.rel1.win32_1.0.100.202602081740/tools/bin/../lib/gcc/arm-none-eabi/14.3.1/../../../../arm-none-eabi/lib/thumb/v8-m.main+fp/hard\libc_nano.a(libc_a-mprec.o)
                0x08002f88                __mcmp
 *fill*         0x08002fbe        0x2 
 .text.__mdiff  0x08002fc0      0x138 C:/ST/STM32CubeIDE_2.1.1/STM32CubeIDE/plugins/com.st.stm32cube.ide.mcu.externaltools.gnu-tools-for-stm32.14.3.rel1.win32_1.0.100.202602081740/tools/bin/../lib/gcc/arm-none-eabi/14.3.1/../../../../arm-none-eabi/lib/thumb/v8-m.main+fp/hard\libc_nano.a(libc_a-mprec.o)
                0x08002fc0                __mdiff
 .text.__d2b    0x080030f8       0xb0 C:/ST/STM32CubeIDE_2.1.1/STM32CubeIDE/plugins/com.st.stm32cube.ide.mcu.externaltools.gnu-tools-for-stm32.14.3.rel1.win32_1.0.100.202602081740/tools/bin/../lib/gcc/arm-none-eabi/14.3.1/../../../../arm-none-eabi/lib/thumb/v8-m.main+fp/hard\libc_nano.a(libc_a-mprec.o)
                0x080030f8                __d2b
 .text.__sflush_r
                0x080031a8      0x100 C:/ST/STM32CubeIDE_2.1.1/STM32CubeIDE/plugins/com.st.stm32cube.ide.mcu.externaltools.gnu-tools-for-stm32.14.3.rel1.win32_1.0.100.202602081740/tools/bin/../lib/gcc/arm-none-eabi/14.3.1/../../../../arm-none-eabi/lib/thumb/v8-m.main+fp/hard\libc_nano.a(libc_a-fflush.o)
                0x080031a8                __sflush_r
 .text._fflush_r
                0x080032a8       0x50 C:/ST/STM32CubeIDE_2.1.1/STM32CubeIDE/plugins/com.st.stm32cube.ide.mcu.externaltools.gnu-tools-for-stm32.14.3.rel1.win32_1.0.100.202602081740/tools/bin/../lib/gcc/arm-none-eabi/14.3.1/../../../../arm-none-eabi/lib/thumb/v8-m.main+fp/hard\libc_nano.a(libc_a-fflush.o)
                0x080032a8                _fflush_r
 .text._sbrk_r  0x080032f8       0x20 C:/ST/STM32CubeIDE_2.1.1/STM32CubeIDE/plugins/com.st.stm32cube.ide.mcu.externaltools.gnu-tools-for-stm32.14.3.rel1.win32_1.0.100.202602081740/tools/bin/../lib/gcc/arm-none-eabi/14.3.1/../../../../arm-none-eabi/lib/thumb/v8-m.main+fp/hard\libc_nano.a(libc_a-sbrkr.o)
                0x080032f8                _sbrk_r
 .text.memcpy   0x08003318       0x1a C:/ST/STM32CubeIDE_2.1.1/STM32CubeIDE/plugins/com.st.stm32cube.ide.mcu.externaltools.gnu-tools-for-stm32.14.3.rel1.win32_1.0.100.202602081740/tools/bin/../lib/gcc/arm-none-eabi/14.3.1/../../../../arm-none-eabi/lib/thumb/v8-m.main+fp/hard\libc_nano.a(libc_a-memcpy-stub.o)
                0x08003318                memcpy
 *fill*         0x08003332        0x2 
 .text.__assert_func
                0x08003334       0x3c C:/ST/STM32CubeIDE_2.1.1/STM32CubeIDE/plugins/com.st.stm32cube.ide.mcu.externaltools.gnu-tools-for-stm32.14.3.rel1.win32_1.0.100.202602081740/tools/bin/../lib/gcc/arm-none-eabi/14.3.1/../../../../arm-none-eabi/lib/thumb/v8-m.main+fp/hard\libc_nano.a(libc_a-assert.o)
                0x08003334                __assert_func
 .text._calloc_r
                0x08003370       0x28 C:/ST/STM32CubeIDE_2.1.1/STM32CubeIDE/plugins/com.st.stm32cube.ide.mcu.externaltools.gnu-tools-for-stm32.14.3.rel1.win32_1.0.100.202602081740/tools/bin/../lib/gcc/arm-none-eabi/14.3.1/../../../../arm-none-eabi/lib/thumb/v8-m.main+fp/hard\libc_nano.a(libc_a-callocr.o)
                0x08003370                _calloc_r
 .text.__ascii_mbtowc
                0x08003398       0x24 C:/ST/STM32CubeIDE_2.1.1/STM32CubeIDE/plugins/com.st.stm32cube.ide.mcu.externaltools.gnu-tools-for-stm32.14.3.rel1.win32_1.0.100.202602081740/tools/bin/../lib/gcc/arm-none-eabi/14.3.1/../../../../arm-none-eabi/lib/thumb/v8-m.main+fp/hard\libc_nano.a(libc_a-mbtowc_r.o)
                0x08003398                __ascii_mbtowc
 .text.__ascii_wctomb
                0x080033bc       0x1a C:/ST/STM32CubeIDE_2.1.1/STM32CubeIDE/plugins/com.st.stm32cube.ide.mcu.externaltools.gnu-tools-for-stm32.14.3.rel1.win32_1.0.100.202602081740/tools/bin/../lib/gcc/arm-none-eabi/14.3.1/../../../../arm-none-eabi/lib/thumb/v8-m.main+fp/hard\libc_nano.a(libc_a-wctomb_r.o)
                0x080033bc                __ascii_wctomb
 *fill*         0x080033d6        0x2 
 .text.fprintf  0x080033d8       0x24 C:/ST/STM32CubeIDE_2.1.1/STM32CubeIDE/plugins/com.st.stm32cube.ide.mcu.externaltools.gnu-tools-for-stm32.14.3.rel1.win32_1.0.100.202602081740/tools/bin/../lib/gcc/arm-none-eabi/14.3.1/../../../../arm-none-eabi/lib/thumb/v8-m.main+fp/hard\libc_nano.a(libc_a-fprintf.o)
                0x080033d8                fiprintf
                0x080033d8                fprintf
 .text.abort    0x080033fc        0xe C:/ST/STM32CubeIDE_2.1.1/STM32CubeIDE/plugins/com.st.stm32cube.ide.mcu.externaltools.gnu-tools-for-stm32.14.3.rel1.win32_1.0.100.202602081740/tools/bin/../lib/gcc/arm-none-eabi/14.3.1/../../../../arm-none-eabi/lib/thumb/v8-m.main+fp/hard\libc_nano.a(libc_a-abort.o)
                0x080033fc                abort
 .text.__sfputc_r
                0x0800340a       0x2e C:/ST/STM32CubeIDE_2.1.1/STM32CubeIDE/plugins/com.st.stm32cube.ide.mcu.externaltools.gnu-tools-for-stm32.14.3.rel1.win32_1.0.100.202602081740/tools/bin/../lib/gcc/arm-none-eabi/14.3.1/../../../../arm-none-eabi/lib/thumb/v8-m.main+fp/hard\libc_nano.a(libc_a-nano-vfprintf.o)
 .text.__sfputs_r
                0x08003438       0x24 C:/ST/STM32CubeIDE_2.1.1/STM32CubeIDE/plugins/com.st.stm32cube.ide.mcu.externaltools.gnu-tools-for-stm32.14.3.rel1.win32_1.0.100.202602081740/tools/bin/../lib/gcc/arm-none-eabi/14.3.1/../../../../arm-none-eabi/lib/thumb/v8-m.main+fp/hard\libc_nano.a(libc_a-nano-vfprintf.o)
                0x08003438                __sfputs_r
 .text._vfprintf_r
                0x0800345c      0x228 C:/ST/STM32CubeIDE_2.1.1/STM32CubeIDE/plugins/com.st.stm32cube.ide.mcu.externaltools.gnu-tools-for-stm32.14.3.rel1.win32_1.0.100.202602081740/tools/bin/../lib/gcc/arm-none-eabi/14.3.1/../../../../arm-none-eabi/lib/thumb/v8-m.main+fp/hard\libc_nano.a(libc_a-nano-vfprintf.o)
                0x0800345c                _vfprintf_r
                0x0800345c                _vfiprintf_r
 .text.__swbuf_r
                0x08003684       0x7c C:/ST/STM32CubeIDE_2.1.1/STM32CubeIDE/plugins/com.st.stm32cube.ide.mcu.externaltools.gnu-tools-for-stm32.14.3.rel1.win32_1.0.100.202602081740/tools/bin/../lib/gcc/arm-none-eabi/14.3.1/../../../../arm-none-eabi/lib/thumb/v8-m.main+fp/hard\libc_nano.a(libc_a-wbuf.o)
                0x08003684                __swbuf_r
 .text.__swsetup_r
                0x08003700       0xa8 C:/ST/STM32CubeIDE_2.1.1/STM32CubeIDE/plugins/com.st.stm32cube.ide.mcu.externaltools.gnu-tools-for-stm32.14.3.rel1.win32_1.0.100.202602081740/tools/bin/../lib/gcc/arm-none-eabi/14.3.1/../../../../arm-none-eabi/lib/thumb/v8-m.main+fp/hard\libc_nano.a(libc_a-wsetup.o)
                0x08003700                __swsetup_r
 .text._raise_r
                0x080037a8       0x50 C:/ST/STM32CubeIDE_2.1.1/STM32CubeIDE/plugins/com.st.stm32cube.ide.mcu.externaltools.gnu-tools-for-stm32.14.3.rel1.win32_1.0.100.202602081740/tools/bin/../lib/gcc/arm-none-eabi/14.3.1/../../../../arm-none-eabi/lib/thumb/v8-m.main+fp/hard\libc_nano.a(libc_a-signal.o)
                0x080037a8                _raise_r
 .text.raise    0x080037f8       0x10 C:/ST/STM32CubeIDE_2.1.1/STM32CubeIDE/plugins/com.st.stm32cube.ide.mcu.externaltools.gnu-tools-for-stm32.14.3.rel1.win32_1.0.100.202602081740/tools/bin/../lib/gcc/arm-none-eabi/14.3.1/../../../../arm-none-eabi/lib/thumb/v8-m.main+fp/hard\libc_nano.a(libc_a-signal.o)
                0x080037f8                raise
 .text._kill_r  0x08003808       0x24 C:/ST/STM32CubeIDE_2.1.1/STM32CubeIDE/plugins/com.st.stm32cube.ide.mcu.externaltools.gnu-tools-for-stm32.14.3.rel1.win32_1.0.100.202602081740/tools/bin/../lib/gcc/arm-none-eabi/14.3.1/../../../../arm-none-eabi/lib/thumb/v8-m.main+fp/hard\libc_nano.a(libc_a-signalr.o)
                0x08003808                _kill_r
 .text._getpid_r
                0x0800382c        0x4 C:/ST/STM32CubeIDE_2.1.1/STM32CubeIDE/plugins/com.st.stm32cube.ide.mcu.externaltools.gnu-tools-for-stm32.14.3.rel1.win32_1.0.100.202602081740/tools/bin/../lib/gcc/arm-none-eabi/14.3.1/../../../../arm-none-eabi/lib/thumb/v8-m.main+fp/hard\libc_nano.a(libc_a-signalr.o)
                0x0800382c                _getpid_r
 .text.__swhatbuf_r
                0x08003830       0x48 C:/ST/STM32CubeIDE_2.1.1/STM32CubeIDE/plugins/com.st.stm32cube.ide.mcu.externaltools.gnu-tools-for-stm32.14.3.rel1.win32_1.0.100.202602081740/tools/bin/../lib/gcc/arm-none-eabi/14.3.1/../../../../arm-none-eabi/lib/thumb/v8-m.main+fp/hard\libc_nano.a(libc_a-makebuf.o)
                0x08003830                __swhatbuf_r
 .text.__smakebuf_r
                0x08003878       0x72 C:/ST/STM32CubeIDE_2.1.1/STM32CubeIDE/plugins/com.st.stm32cube.ide.mcu.externaltools.gnu-tools-for-stm32.14.3.rel1.win32_1.0.100.202602081740/tools/bin/../lib/gcc/arm-none-eabi/14.3.1/../../../../arm-none-eabi/lib/thumb/v8-m.main+fp/hard\libc_nano.a(libc_a-makebuf.o)
                0x08003878                __smakebuf_r
 *fill*         0x080038ea        0x2 
 .text._fstat_r
                0x080038ec       0x24 C:/ST/STM32CubeIDE_2.1.1/STM32CubeIDE/plugins/com.st.stm32cube.ide.mcu.externaltools.gnu-tools-for-stm32.14.3.rel1.win32_1.0.100.202602081740/tools/bin/../lib/gcc/arm-none-eabi/14.3.1/../../../../arm-none-eabi/lib/thumb/v8-m.main+fp/hard\libc_nano.a(libc_a-fstatr.o)
                0x080038ec                _fstat_r
 .text._isatty_r
                0x08003910       0x20 C:/ST/STM32CubeIDE_2.1.1/STM32CubeIDE/plugins/com.st.stm32cube.ide.mcu.externaltools.gnu-tools-for-stm32.14.3.rel1.win32_1.0.100.202602081740/tools/bin/../lib/gcc/arm-none-eabi/14.3.1/../../../../arm-none-eabi/lib/thumb/v8-m.main+fp/hard\libc_nano.a(libc_a-isattyr.o)
                0x08003910                _isatty_r
 .text._write   0x08003930       0x30 CMakeFiles/STM32C5_LSM6DSV80X_Project1.dir/main.c.obj
                0x08003930                _write
 .text.main     0x08003960      0x820 CMakeFiles/STM32C5_LSM6DSV80X_Project1.dir/main.c.obj
                0x08003960                main
 .text.platform_write
                0x08004180       0x4a CMakeFiles/STM32C5_LSM6DSV80X_Project1.dir/main.c.obj
 .text.platform_read
                0x080041ca       0x4a CMakeFiles/STM32C5_LSM6DSV80X_Project1.dir/main.c.obj
 .text.platform_delay
                0x08004214       0x16 CMakeFiles/STM32C5_LSM6DSV80X_Project1.dir/main.c.obj
 .text.lsm6dsv80x_read_reg
                0x0800422a       0x40 CMakeFiles/STM32C5_LSM6DSV80X_Project1.dir/lsm6dsv80x_reg.c.obj
                0x0800422a                lsm6dsv80x_read_reg
 .text.lsm6dsv80x_write_reg
                0x0800426a       0x40 CMakeFiles/STM32C5_LSM6DSV80X_Project1.dir/lsm6dsv80x_reg.c.obj
                0x0800426a                lsm6dsv80x_write_reg
 .text.bytecpy  0x080042aa       0x2a CMakeFiles/STM32C5_LSM6DSV80X_Project1.dir/lsm6dsv80x_reg.c.obj
 .text.lsm6dsv80x_from_fs2_to_mg
                0x080042d4       0x30 CMakeFiles/STM32C5_LSM6DSV80X_Project1.dir/lsm6dsv80x_reg.c.obj
                0x080042d4                lsm6dsv80x_from_fs2_to_mg
 .text.lsm6dsv80x_from_fs80_to_mg
                0x08004304       0x30 CMakeFiles/STM32C5_LSM6DSV80X_Project1.dir/lsm6dsv80x_reg.c.obj
                0x08004304                lsm6dsv80x_from_fs80_to_mg
 .text.lsm6dsv80x_from_fs2000_to_mdps
                0x08004334       0x30 CMakeFiles/STM32C5_LSM6DSV80X_Project1.dir/lsm6dsv80x_reg.c.obj
                0x08004334                lsm6dsv80x_from_fs2000_to_mdps
 .text.lsm6dsv80x_from_lsb_to_celsius
                0x08004364       0x38 CMakeFiles/STM32C5_LSM6DSV80X_Project1.dir/lsm6dsv80x_reg.c.obj
                0x08004364                lsm6dsv80x_from_lsb_to_celsius
 .text.lsm6dsv80x_sw_por
                0x0800439c       0x54 CMakeFiles/STM32C5_LSM6DSV80X_Project1.dir/lsm6dsv80x_reg.c.obj
                0x0800439c                lsm6dsv80x_sw_por
 .text.lsm6dsv80x_device_id_get
                0x080043f0       0x26 CMakeFiles/STM32C5_LSM6DSV80X_Project1.dir/lsm6dsv80x_reg.c.obj
                0x080043f0                lsm6dsv80x_device_id_get
 .text.lsm6dsv80x_xl_setup
                0x08004416      0x260 CMakeFiles/STM32C5_LSM6DSV80X_Project1.dir/lsm6dsv80x_reg.c.obj
                0x08004416                lsm6dsv80x_xl_setup
 .text.lsm6dsv80x_gy_setup
                0x08004676      0x20e CMakeFiles/STM32C5_LSM6DSV80X_Project1.dir/lsm6dsv80x_reg.c.obj
                0x08004676                lsm6dsv80x_gy_setup
 .text.lsm6dsv80x_haodr_set
                0x08004884      0x26a CMakeFiles/STM32C5_LSM6DSV80X_Project1.dir/lsm6dsv80x_reg.c.obj
                0x08004884                lsm6dsv80x_haodr_set
 *fill*         0x08004aee        0x2 
 .text.lsm6dsv80x_xl_data_rate_get
                0x08004af0      0x394 CMakeFiles/STM32C5_LSM6DSV80X_Project1.dir/lsm6dsv80x_reg.c.obj
                0x08004af0                lsm6dsv80x_xl_data_rate_get
 .text.lsm6dsv80x_hg_xl_data_rate_set
                0x08004e84      0x110 CMakeFiles/STM32C5_LSM6DSV80X_Project1.dir/lsm6dsv80x_reg.c.obj
                0x08004e84                lsm6dsv80x_hg_xl_data_rate_set
 .text.lsm6dsv80x_xl_mode_get
                0x08004f94       0xac CMakeFiles/STM32C5_LSM6DSV80X_Project1.dir/lsm6dsv80x_reg.c.obj
                0x08004f94                lsm6dsv80x_xl_mode_get
 .text.lsm6dsv80x_gy_data_rate_get
                0x08005040      0x394 CMakeFiles/STM32C5_LSM6DSV80X_Project1.dir/lsm6dsv80x_reg.c.obj
                0x08005040                lsm6dsv80x_gy_data_rate_get
 .text.lsm6dsv80x_gy_mode_get
                0x080053d4       0x94 CMakeFiles/STM32C5_LSM6DSV80X_Project1.dir/lsm6dsv80x_reg.c.obj
                0x080053d4                lsm6dsv80x_gy_mode_get
 .text.lsm6dsv80x_block_data_update_set
                0x08005468       0x54 CMakeFiles/STM32C5_LSM6DSV80X_Project1.dir/lsm6dsv80x_reg.c.obj
                0x08005468                lsm6dsv80x_block_data_update_set
 .text.lsm6dsv80x_gy_full_scale_set
                0x080054bc       0xd0 CMakeFiles/STM32C5_LSM6DSV80X_Project1.dir/lsm6dsv80x_reg.c.obj
                0x080054bc                lsm6dsv80x_gy_full_scale_set
 .text.lsm6dsv80x_xl_full_scale_set
                0x0800558c       0x54 CMakeFiles/STM32C5_LSM6DSV80X_Project1.dir/lsm6dsv80x_reg.c.obj
                0x0800558c                lsm6dsv80x_xl_full_scale_set
 .text.lsm6dsv80x_hg_xl_full_scale_set
                0x080055e0       0x54 CMakeFiles/STM32C5_LSM6DSV80X_Project1.dir/lsm6dsv80x_reg.c.obj
                0x080055e0                lsm6dsv80x_hg_xl_full_scale_set
 .text.lsm6dsv80x_flag_data_ready_get
                0x08005634       0x7e CMakeFiles/STM32C5_LSM6DSV80X_Project1.dir/lsm6dsv80x_reg.c.obj
                0x08005634                lsm6dsv80x_flag_data_ready_get
 .text.lsm6dsv80x_temperature_raw_get
                0x080056b2       0x4a CMakeFiles/STM32C5_LSM6DSV80X_Project1.dir/lsm6dsv80x_reg.c.obj
                0x080056b2                lsm6dsv80x_temperature_raw_get
 .text.lsm6dsv80x_angular_rate_raw_get
                0x080056fc       0x7c CMakeFiles/STM32C5_LSM6DSV80X_Project1.dir/lsm6dsv80x_reg.c.obj
                0x080056fc                lsm6dsv80x_angular_rate_raw_get
 .text.lsm6dsv80x_acceleration_raw_get
                0x08005778       0x7c CMakeFiles/STM32C5_LSM6DSV80X_Project1.dir/lsm6dsv80x_reg.c.obj
                0x08005778                lsm6dsv80x_acceleration_raw_get
 .text.lsm6dsv80x_hg_acceleration_raw_get
                0x080057f4       0x7c CMakeFiles/STM32C5_LSM6DSV80X_Project1.dir/lsm6dsv80x_reg.c.obj
                0x080057f4                lsm6dsv80x_hg_acceleration_raw_get
 .text.lsm6dsv80x_filt_settling_mask_set
                0x08005870       0xd4 CMakeFiles/STM32C5_LSM6DSV80X_Project1.dir/lsm6dsv80x_reg.c.obj
                0x08005870                lsm6dsv80x_filt_settling_mask_set
 .text.lsm6dsv80x_filt_gy_lp1_bandwidth_set
                0x08005944       0x54 CMakeFiles/STM32C5_LSM6DSV80X_Project1.dir/lsm6dsv80x_reg.c.obj
                0x08005944                lsm6dsv80x_filt_gy_lp1_bandwidth_set
 .text.lsm6dsv80x_filt_gy_lp1_set
                0x08005998       0x54 CMakeFiles/STM32C5_LSM6DSV80X_Project1.dir/lsm6dsv80x_reg.c.obj
                0x08005998                lsm6dsv80x_filt_gy_lp1_set
 .text.lsm6dsv80x_filt_xl_lp2_bandwidth_set
                0x080059ec       0x54 CMakeFiles/STM32C5_LSM6DSV80X_Project1.dir/lsm6dsv80x_reg.c.obj
                0x080059ec                lsm6dsv80x_filt_xl_lp2_bandwidth_set
 .text.lsm6dsv80x_filt_xl_lp2_set
                0x08005a40       0x54 CMakeFiles/STM32C5_LSM6DSV80X_Project1.dir/lsm6dsv80x_reg.c.obj
                0x08005a40                lsm6dsv80x_filt_xl_lp2_set
 .text.mx_cortex_mpu_init
                0x08005a94       0x5c CMakeFiles/STM32C5_LSM6DSV80X_Project1.dir/generated/hal/mx_cortex_mpu.c.obj
                0x08005a94                mx_cortex_mpu_init
 .text.mx_cortex_nvic_init
                0x08005af0       0x12 CMakeFiles/STM32C5_LSM6DSV80X_Project1.dir/generated/hal/mx_cortex_nvic.c.obj
                0x08005af0                mx_cortex_nvic_init
 *fill*         0x08005b02        0x2 
 .text.LL_AHB2_GRP1_EnableClock
                0x08005b04       0x60 CMakeFiles/STM32C5_LSM6DSV80X_Project1.dir/generated/hal/mx_gpio_default.c.obj
 .text.HAL_RCC_GPIOA_EnableClock
                0x08005b64        0xe CMakeFiles/STM32C5_LSM6DSV80X_Project1.dir/generated/hal/mx_gpio_default.c.obj
 .text.HAL_RCC_GPIOB_EnableClock
                0x08005b72        0xe CMakeFiles/STM32C5_LSM6DSV80X_Project1.dir/generated/hal/mx_gpio_default.c.obj
 .text.mx_gpio_default_init
                0x08005b80       0x80 CMakeFiles/STM32C5_LSM6DSV80X_Project1.dir/generated/hal/mx_gpio_default.c.obj
                0x08005b80                mx_gpio_default_init
 .text.LL_AHB2_GRP1_EnableClock
                0x08005c00       0x60 CMakeFiles/STM32C5_LSM6DSV80X_Project1.dir/generated/hal/mx_i2c1.c.obj
 .text.LL_APB1_GRP1_EnableClock
                0x08005c60       0x60 CMakeFiles/STM32C5_LSM6DSV80X_Project1.dir/generated/hal/mx_i2c1.c.obj
 .text.HAL_RCC_GPIOB_EnableClock
                0x08005cc0        0xe CMakeFiles/STM32C5_LSM6DSV80X_Project1.dir/generated/hal/mx_i2c1.c.obj
 .text.HAL_RCC_I2C1_EnableClock
                0x08005cce       0x10 CMakeFiles/STM32C5_LSM6DSV80X_Project1.dir/generated/hal/mx_i2c1.c.obj
 *fill*         0x08005cde        0x2 
 .text.mx_i2c1_i2c_init
                0x08005ce0       0x9c CMakeFiles/STM32C5_LSM6DSV80X_Project1.dir/generated/hal/mx_i2c1.c.obj
                0x08005ce0                mx_i2c1_i2c_init
 .text.mx_i2c1_i2c_gethandle
                0x08005d7c       0x14 CMakeFiles/STM32C5_LSM6DSV80X_Project1.dir/generated/hal/mx_i2c1.c.obj
                0x08005d7c                mx_i2c1_i2c_gethandle
 .text.mx_icache_init
                0x08005d90       0x28 CMakeFiles/STM32C5_LSM6DSV80X_Project1.dir/generated/hal/mx_icache.c.obj
                0x08005d90                mx_icache_init
 .text.mx_icache_gethandle
                0x08005db8       0x14 CMakeFiles/STM32C5_LSM6DSV80X_Project1.dir/generated/hal/mx_icache.c.obj
                0x08005db8                mx_icache_gethandle
 .text.mx_rcc_init
                0x08005dcc       0xc0 CMakeFiles/STM32C5_LSM6DSV80X_Project1.dir/generated/hal/mx_rcc.c.obj
                0x08005dcc                mx_rcc_init
 .text.mx_rcc_peripherals_clock_config
                0x08005e8c       0x12 CMakeFiles/STM32C5_LSM6DSV80X_Project1.dir/generated/hal/mx_rcc.c.obj
                0x08005e8c                mx_rcc_peripherals_clock_config
 .text.mx_system_init
                0x08005e9e       0xe8 CMakeFiles/STM32C5_LSM6DSV80X_Project1.dir/generated/hal/mx_system.c.obj
                0x08005e9e                mx_system_init
 .text.SysTick_Handler
                0x08005f86       0x10 CMakeFiles/STM32C5_LSM6DSV80X_Project1.dir/generated/hal/mx_system.c.obj
                0x08005f86                SysTick_Handler
 .text.pre_system_init_hook
                0x08005f96       0x12 CMakeFiles/STM32C5_LSM6DSV80X_Project1.dir/generated/hal/mx_system.c.obj
                0x08005f96                pre_system_init_hook
 .text.post_system_init_hook
                0x08005fa8       0x12 CMakeFiles/STM32C5_LSM6DSV80X_Project1.dir/generated/hal/mx_system.c.obj
                0x08005fa8                post_system_init_hook
 *fill*         0x08005fba        0x2 
 .text.LL_AHB2_GRP1_EnableClock
                0x08005fbc       0x60 CMakeFiles/STM32C5_LSM6DSV80X_Project1.dir/generated/hal/mx_usart1.c.obj
 .text.LL_APB2_GRP1_EnableClock
                0x0800601c       0x60 CMakeFiles/STM32C5_LSM6DSV80X_Project1.dir/generated/hal/mx_usart1.c.obj
 .text.HAL_RCC_GPIOA_EnableClock
                0x0800607c        0xe CMakeFiles/STM32C5_LSM6DSV80X_Project1.dir/generated/hal/mx_usart1.c.obj
 .text.HAL_RCC_USART1_EnableClock
                0x0800608a       0x10 CMakeFiles/STM32C5_LSM6DSV80X_Project1.dir/generated/hal/mx_usart1.c.obj
 *fill*         0x0800609a        0x2 
 .text.mx_usart1_uart_init
                0x0800609c       0xac CMakeFiles/STM32C5_LSM6DSV80X_Project1.dir/generated/hal/mx_usart1.c.obj
                0x0800609c                mx_usart1_uart_init
 .text.mx_usart1_uart_gethandle
                0x08006148       0x14 CMakeFiles/STM32C5_LSM6DSV80X_Project1.dir/generated/hal/mx_usart1.c.obj
                0x08006148                mx_usart1_uart_gethandle
 .text.SCB_SetVTOR
                0x0800615c       0x20 CMakeFiles/STM32C5_LSM6DSV80X_Project1.dir/user_modifiable/Device/STM32C542CCT6/system_stm32c5xx.c.obj
 .text.SCB_EnableFPU
                0x0800617c       0x24 CMakeFiles/STM32C5_LSM6DSV80X_Project1.dir/user_modifiable/Device/STM32C542CCT6/system_stm32c5xx.c.obj
 .text.SystemInit
                0x080061a0       0x18 CMakeFiles/STM32C5_LSM6DSV80X_Project1.dir/user_modifiable/Device/STM32C542CCT6/system_stm32c5xx.c.obj
                0x080061a0                SystemInit
 .text.Reset_Handler
                0x080061b8       0xc4 CMakeFiles/STM32C5_LSM6DSV80X_Project1.dir/user_modifiable/Device/STM32C542CCT6/startup_stm32c542xx.c.obj
                0x080061b8                Reset_Handler
 .text.HardFault_Handler
                0x0800627c        0x8 CMakeFiles/STM32C5_LSM6DSV80X_Project1.dir/user_modifiable/Device/STM32C542CCT6/startup_stm32c542xx.c.obj
                0x0800627c                HardFault_Handler
 .text.Default_IRQHandler
                0x08006284        0x8 CMakeFiles/STM32C5_LSM6DSV80X_Project1.dir/user_modifiable/Device/STM32C542CCT6/startup_stm32c542xx.c.obj
                0x08006284                EXTI2_IRQHandler
                0x08006284                TIM8_CC_IRQHandler
                0x08006284                EXTI5_IRQHandler
                0x08006284                DebugMon_Handler
                0x08006284                TIM8_TRGI_COM_DIR_IDX_IRQHandler
                0x08006284                EXTI13_IRQHandler
                0x08006284                LPDMA2_CH1_IRQHandler
                0x08006284                I2C1_ERR_IRQHandler
                0x08006284                TIM1_CC_IRQHandler
                0x08006284                TAMP_IRQHandler
                0x08006284                TIM6_IRQHandler
                0x08006284                EXTI12_IRQHandler
                0x08006284                CORDIC_IRQHandler
                0x08006284                PendSV_Handler
                0x08006284                USB_DRD_FS_IRQHandler
                0x08006284                NMI_Handler
                0x08006284                EXTI3_IRQHandler
                0x08006284                EXTI8_IRQHandler
                0x08006284                PWR_PVD_IRQHandler
                0x08006284                EXTI0_IRQHandler
                0x08006284                FPU_IRQHandler
                0x08006284                FDCAN1_IT1_IRQHandler
                0x08006284                RAMCFG_IRQHandler
                0x08006284                UsageFault_Handler
                0x08006284                TIM1_UPD_IRQHandler
                0x08006284                SPI1_IRQHandler
                0x08006284                ADC1_IRQHandler
                0x08006284                EXTI15_IRQHandler
                0x08006284                RTC_IRQHandler
                0x08006284                EXTI9_IRQHandler
                0x08006284                UART5_IRQHandler
                0x08006284                LPDMA2_CH3_IRQHandler
                0x08006284                LPDMA1_CH1_IRQHandler
                0x08006284                I2C1_EV_IRQHandler
                0x08006284                UART4_IRQHandler
                0x08006284                RCC_IRQHandler
                0x08006284                COMP2_IRQHandler
                0x08006284                LPDMA2_CH2_IRQHandler
                0x08006284                TIM12_IRQHandler
                0x08006284                TIM7_IRQHandler
                0x08006284                I3C1_EV_IRQHandler
                0x08006284                TIM15_IRQHandler
                0x08006284                TIM8_BRK_TERR_IERR_IRQHandler
                0x08006284                TIM8_UPD_IRQHandler
                0x08006284                SPI2_IRQHandler
                0x08006284                MemManage_Handler
                0x08006284                LPDMA1_CH3_IRQHandler
                0x08006284                EXTI14_IRQHandler
                0x08006284                EXTI11_IRQHandler
                0x08006284                SVC_Handler
                0x08006284                CRS_IRQHandler
                0x08006284                EXTI4_IRQHandler
                0x08006284                TIM1_BRK_TERR_IERR_IRQHandler
                0x08006284                RNG_IRQHandler
                0x08006284                FDCAN2_IT1_IRQHandler
                0x08006284                TIM1_TRGI_COM_DIR_IDX_IRQHandler
                0x08006284                LPDMA2_CH0_IRQHandler
                0x08006284                I3C1_ERR_IRQHandler
                0x08006284                WWDG_IRQHandler
                0x08006284                Default_IRQHandler
                0x08006284                FDCAN2_IT0_IRQHandler
                0x08006284                IWDG_IRQHandler
                0x08006284                LPUART1_IRQHandler
                0x08006284                FDCAN1_IT0_IRQHandler
                0x08006284                TIM2_IRQHandler
                0x08006284                LPDMA1_CH2_IRQHandler
                0x08006284                EXTI7_IRQHandler
                0x08006284                EXTI1_IRQHandler
                0x08006284                AES_IRQHandler
                0x08006284                DAC1_IRQHandler
                0x08006284                USART2_IRQHandler
                0x08006284                FLASH_IRQHandler
                0x08006284                BusFault_Handler
                0x08006284                USART1_IRQHandler
                0x08006284                EXTI10_IRQHandler
                0x08006284                LPDMA1_CH0_IRQHandler
                0x08006284                EXTI6_IRQHandler
                0x08006284                COMP1_IRQHandler
                0x08006284                LPTIM1_IRQHandler
                0x08006284                ICACHE_IRQHandler
                0x08006284                HASH_IRQHandler
 .text.Default_IRQHandler_Hook
                0x0800628c        0x8 CMakeFiles/STM32C5_LSM6DSV80X_Project1.dir/user_modifiable/Device/STM32C542CCT6/startup_stm32c542xx.c.obj
                0x0800628c                Default_IRQHandler_Hook
 .text.LL_RCC_GetAHBPrescaler
                0x08006294       0x1c CMakeFiles/STM32C5_LSM6DSV80X_Project1.dir/stm32c5xx_drivers/hal/stm32c5xx_hal.c.obj
 .text.LL_FLASH_EnablePrefetch
                0x080062b0       0x20 CMakeFiles/STM32C5_LSM6DSV80X_Project1.dir/stm32c5xx_drivers/hal/stm32c5xx_hal.c.obj
 .text.HAL_Init
                0x080062d0       0x44 CMakeFiles/STM32C5_LSM6DSV80X_Project1.dir/stm32c5xx_drivers/hal/stm32c5xx_hal.c.obj
                0x080062d0                HAL_Init
 .text.HAL_InitTick
                0x08006314       0x68 CMakeFiles/STM32C5_LSM6DSV80X_Project1.dir/stm32c5xx_drivers/hal/stm32c5xx_hal.c.obj
                0x08006314                HAL_InitTick
 .text.HAL_UpdateCoreClock
                0x0800637c       0x30 CMakeFiles/STM32C5_LSM6DSV80X_Project1.dir/stm32c5xx_drivers/hal/stm32c5xx_hal.c.obj
                0x0800637c                HAL_UpdateCoreClock
 .text.HAL_IncTick
                0x080063ac       0x28 CMakeFiles/STM32C5_LSM6DSV80X_Project1.dir/stm32c5xx_drivers/hal/stm32c5xx_hal.c.obj
                0x080063ac                HAL_IncTick
 .text.HAL_GetTick
                0x080063d4       0x18 CMakeFiles/STM32C5_LSM6DSV80X_Project1.dir/stm32c5xx_drivers/hal/stm32c5xx_hal.c.obj
                0x080063d4                HAL_GetTick
 .text.HAL_Delay
                0x080063ec       0x4c CMakeFiles/STM32C5_LSM6DSV80X_Project1.dir/stm32c5xx_drivers/hal/stm32c5xx_hal.c.obj
                0x080063ec                HAL_Delay
 .text.__NVIC_SetPriorityGrouping
                0x08006438       0x48 CMakeFiles/STM32C5_LSM6DSV80X_Project1.dir/stm32c5xx_drivers/hal/stm32c5xx_hal_cortex.c.obj
 .text.__NVIC_GetPriorityGrouping
                0x08006480       0x1c CMakeFiles/STM32C5_LSM6DSV80X_Project1.dir/stm32c5xx_drivers/hal/stm32c5xx_hal_cortex.c.obj
 .text.__NVIC_SetPriority
                0x0800649c       0x54 CMakeFiles/STM32C5_LSM6DSV80X_Project1.dir/stm32c5xx_drivers/hal/stm32c5xx_hal_cortex.c.obj
 .text.NVIC_EncodePriority
                0x080064f0       0x66 CMakeFiles/STM32C5_LSM6DSV80X_Project1.dir/stm32c5xx_drivers/hal/stm32c5xx_hal_cortex.c.obj
 *fill*         0x08006556        0x2 
 .text.ARM_MPU_Enable
                0x08006558       0x44 CMakeFiles/STM32C5_LSM6DSV80X_Project1.dir/stm32c5xx_drivers/hal/stm32c5xx_hal_cortex.c.obj
 .text.ARM_MPU_Disable
                0x0800659c       0x40 CMakeFiles/STM32C5_LSM6DSV80X_Project1.dir/stm32c5xx_drivers/hal/stm32c5xx_hal_cortex.c.obj
 .text.ARM_MPU_SetMemAttrEx
                0x080065dc       0x6a CMakeFiles/STM32C5_LSM6DSV80X_Project1.dir/stm32c5xx_drivers/hal/stm32c5xx_hal_cortex.c.obj
 *fill*         0x08006646        0x2 
 .text.ARM_MPU_SetMemAttr
                0x08006648       0x28 CMakeFiles/STM32C5_LSM6DSV80X_Project1.dir/stm32c5xx_drivers/hal/stm32c5xx_hal_cortex.c.obj
 .text.ARM_MPU_SetRegionEx
                0x08006670       0x2c CMakeFiles/STM32C5_LSM6DSV80X_Project1.dir/stm32c5xx_drivers/hal/stm32c5xx_hal_cortex.c.obj
 .text.ARM_MPU_SetRegion
                0x0800669c       0x24 CMakeFiles/STM32C5_LSM6DSV80X_Project1.dir/stm32c5xx_drivers/hal/stm32c5xx_hal_cortex.c.obj
 .text.SysTick_SetClkSource
                0x080066c0       0x38 CMakeFiles/STM32C5_LSM6DSV80X_Project1.dir/stm32c5xx_drivers/hal/stm32c5xx_hal_cortex.c.obj
 .text.SysTick_GetClkSource
                0x080066f8       0x1c CMakeFiles/STM32C5_LSM6DSV80X_Project1.dir/stm32c5xx_drivers/hal/stm32c5xx_hal_cortex.c.obj
 .text.SysTick_EnableIT
                0x08006714       0x20 CMakeFiles/STM32C5_LSM6DSV80X_Project1.dir/stm32c5xx_drivers/hal/stm32c5xx_hal_cortex.c.obj
 .text.SysTick_Enable
                0x08006734       0x20 CMakeFiles/STM32C5_LSM6DSV80X_Project1.dir/stm32c5xx_drivers/hal/stm32c5xx_hal_cortex.c.obj
 .text.SysTick_SetReload
                0x08006754       0x30 CMakeFiles/STM32C5_LSM6DSV80X_Project1.dir/stm32c5xx_drivers/hal/stm32c5xx_hal_cortex.c.obj
 .text.SysTick_SetCounter
                0x08006784       0x20 CMakeFiles/STM32C5_LSM6DSV80X_Project1.dir/stm32c5xx_drivers/hal/stm32c5xx_hal_cortex.c.obj
 .text.HAL_CORTEX_NVIC_SetPriorityGrouping
                0x080067a4       0x1a CMakeFiles/STM32C5_LSM6DSV80X_Project1.dir/stm32c5xx_drivers/hal/stm32c5xx_hal_cortex.c.obj
                0x080067a4                HAL_CORTEX_NVIC_SetPriorityGrouping
 .text.HAL_CORTEX_NVIC_SetPriority
                0x080067be       0x36 CMakeFiles/STM32C5_LSM6DSV80X_Project1.dir/stm32c5xx_drivers/hal/stm32c5xx_hal_cortex.c.obj
                0x080067be                HAL_CORTEX_NVIC_SetPriority
 .text.HAL_CORTEX_SYSTICK_SetFreq
                0x080067f4       0x5a CMakeFiles/STM32C5_LSM6DSV80X_Project1.dir/stm32c5xx_drivers/hal/stm32c5xx_hal_cortex.c.obj
                0x080067f4                HAL_CORTEX_SYSTICK_SetFreq
 .text.HAL_CORTEX_SYSTICK_SetClkSource
                0x0800684e       0x1a CMakeFiles/STM32C5_LSM6DSV80X_Project1.dir/stm32c5xx_drivers/hal/stm32c5xx_hal_cortex.c.obj
                0x0800684e                HAL_CORTEX_SYSTICK_SetClkSource
 .text.HAL_CORTEX_SYSTICK_IRQHandler
                0x08006868        0xc CMakeFiles/STM32C5_LSM6DSV80X_Project1.dir/stm32c5xx_drivers/hal/stm32c5xx_hal_cortex.c.obj
                0x08006868                HAL_CORTEX_SYSTICK_IRQHandler
 .text.HAL_CORTEX_SYSTICK_Callback
                0x08006874        0xe CMakeFiles/STM32C5_LSM6DSV80X_Project1.dir/stm32c5xx_drivers/hal/stm32c5xx_hal_cortex.c.obj
                0x08006874                HAL_CORTEX_SYSTICK_Callback
 .text.HAL_CORTEX_MPU_Enable
                0x08006882       0x26 CMakeFiles/STM32C5_LSM6DSV80X_Project1.dir/stm32c5xx_drivers/hal/stm32c5xx_hal_cortex.c.obj
                0x08006882                HAL_CORTEX_MPU_Enable
 .text.HAL_CORTEX_MPU_Disable
                0x080068a8        0xc CMakeFiles/STM32C5_LSM6DSV80X_Project1.dir/stm32c5xx_drivers/hal/stm32c5xx_hal_cortex.c.obj
                0x080068a8                HAL_CORTEX_MPU_Disable
 .text.HAL_CORTEX_MPU_SetCacheMemAttr
                0x080068b4       0x2a CMakeFiles/STM32C5_LSM6DSV80X_Project1.dir/stm32c5xx_drivers/hal/stm32c5xx_hal_cortex.c.obj
                0x080068b4                HAL_CORTEX_MPU_SetCacheMemAttr
 .text.HAL_CORTEX_MPU_SetConfigRegion
                0x080068de       0x48 CMakeFiles/STM32C5_LSM6DSV80X_Project1.dir/stm32c5xx_drivers/hal/stm32c5xx_hal_cortex.c.obj
                0x080068de                HAL_CORTEX_MPU_SetConfigRegion
 *fill*         0x08006926        0x2 
 .text.HAL_CORTEX_MPU_EnableRegion
                0x08006928       0x2c CMakeFiles/STM32C5_LSM6DSV80X_Project1.dir/stm32c5xx_drivers/hal/stm32c5xx_hal_cortex.c.obj
                0x08006928                HAL_CORTEX_MPU_EnableRegion
 .text.LL_FLASH_SetLatency
                0x08006954       0x26 CMakeFiles/STM32C5_LSM6DSV80X_Project1.dir/stm32c5xx_drivers/hal/stm32c5xx_hal_flash_itf.c.obj
 .text.LL_FLASH_SetProgrammingDelay
                0x0800697a       0x26 CMakeFiles/STM32C5_LSM6DSV80X_Project1.dir/stm32c5xx_drivers/hal/stm32c5xx_hal_flash_itf.c.obj
 .text.HAL_FLASH_ITF_SetLatency
                0x080069a0       0x24 CMakeFiles/STM32C5_LSM6DSV80X_Project1.dir/stm32c5xx_drivers/hal/stm32c5xx_hal_flash_itf.c.obj
                0x080069a0                HAL_FLASH_ITF_SetLatency
 .text.HAL_FLASH_ITF_SetProgrammingDelay
                0x080069c4       0x24 CMakeFiles/STM32C5_LSM6DSV80X_Project1.dir/stm32c5xx_drivers/hal/stm32c5xx_hal_flash_itf.c.obj
                0x080069c4                HAL_FLASH_ITF_SetProgrammingDelay
 .text.LL_GPIO_SetPinMode
                0x080069e8       0x9c CMakeFiles/STM32C5_LSM6DSV80X_Project1.dir/stm32c5xx_drivers/hal/stm32c5xx_hal_gpio.c.obj
 .text.LL_GPIO_SetPinOutputType
                0x08006a84       0x56 CMakeFiles/STM32C5_LSM6DSV80X_Project1.dir/stm32c5xx_drivers/hal/stm32c5xx_hal_gpio.c.obj
 .text.LL_GPIO_SetPinSpeed
                0x08006ada       0xa0 CMakeFiles/STM32C5_LSM6DSV80X_Project1.dir/stm32c5xx_drivers/hal/stm32c5xx_hal_gpio.c.obj
 .text.LL_GPIO_SetPinPull
                0x08006b7a       0xa0 CMakeFiles/STM32C5_LSM6DSV80X_Project1.dir/stm32c5xx_drivers/hal/stm32c5xx_hal_gpio.c.obj
 .text.LL_GPIO_SetAFPin_0_7
                0x08006c1a       0xa0 CMakeFiles/STM32C5_LSM6DSV80X_Project1.dir/stm32c5xx_drivers/hal/stm32c5xx_hal_gpio.c.obj
 .text.LL_GPIO_SetAFPin_8_15
                0x08006cba       0xa4 CMakeFiles/STM32C5_LSM6DSV80X_Project1.dir/stm32c5xx_drivers/hal/stm32c5xx_hal_gpio.c.obj
 .text.LL_GPIO_WriteOutputPin
                0x08006d5e       0x2a CMakeFiles/STM32C5_LSM6DSV80X_Project1.dir/stm32c5xx_drivers/hal/stm32c5xx_hal_gpio.c.obj
 .text.HAL_GPIO_Init
                0x08006d88      0x128 CMakeFiles/STM32C5_LSM6DSV80X_Project1.dir/stm32c5xx_drivers/hal/stm32c5xx_hal_gpio.c.obj
                0x08006d88                HAL_GPIO_Init
 .text.HAL_GPIO_WritePin
                0x08006eb0       0x22 CMakeFiles/STM32C5_LSM6DSV80X_Project1.dir/stm32c5xx_drivers/hal/stm32c5xx_hal_gpio.c.obj
                0x08006eb0                HAL_GPIO_WritePin
 .text.LL_I2C_Enable
                0x08006ed2       0x20 CMakeFiles/STM32C5_LSM6DSV80X_Project1.dir/stm32c5xx_drivers/hal/stm32c5xx_hal_i2c.c.obj
 .text.LL_I2C_Disable
                0x08006ef2       0x20 CMakeFiles/STM32C5_LSM6DSV80X_Project1.dir/stm32c5xx_drivers/hal/stm32c5xx_hal_i2c.c.obj
 .text.LL_I2C_EnableAnalogFilter
                0x08006f12       0x20 CMakeFiles/STM32C5_LSM6DSV80X_Project1.dir/stm32c5xx_drivers/hal/stm32c5xx_hal_i2c.c.obj
 .text.LL_I2C_SetMasterAddressingMode
                0x08006f32       0x26 CMakeFiles/STM32C5_LSM6DSV80X_Project1.dir/stm32c5xx_drivers/hal/stm32c5xx_hal_i2c.c.obj
 .text.LL_I2C_DisableOwnAddress1AndMode
                0x08006f58       0x20 CMakeFiles/STM32C5_LSM6DSV80X_Project1.dir/stm32c5xx_drivers/hal/stm32c5xx_hal_i2c.c.obj
 .text.LL_I2C_ConfigOwnAddress1
                0x08006f78       0x26 CMakeFiles/STM32C5_LSM6DSV80X_Project1.dir/stm32c5xx_drivers/hal/stm32c5xx_hal_i2c.c.obj
 .text.LL_I2C_SetTiming
                0x08006f9e       0x20 CMakeFiles/STM32C5_LSM6DSV80X_Project1.dir/stm32c5xx_drivers/hal/stm32c5xx_hal_i2c.c.obj
 .text.LL_I2C_IsActiveFlag
                0x08006fbe       0x2a CMakeFiles/STM32C5_LSM6DSV80X_Project1.dir/stm32c5xx_drivers/hal/stm32c5xx_hal_i2c.c.obj
 .text.LL_I2C_IsActiveFlag_TXE
                0x08006fe8       0x26 CMakeFiles/STM32C5_LSM6DSV80X_Project1.dir/stm32c5xx_drivers/hal/stm32c5xx_hal_i2c.c.obj
 .text.LL_I2C_IsActiveFlag_TXIS
                0x0800700e       0x26 CMakeFiles/STM32C5_LSM6DSV80X_Project1.dir/stm32c5xx_drivers/hal/stm32c5xx_hal_i2c.c.obj
 .text.LL_I2C_IsActiveFlag_STOP
                0x08007034       0x26 CMakeFiles/STM32C5_LSM6DSV80X_Project1.dir/stm32c5xx_drivers/hal/stm32c5xx_hal_i2c.c.obj
 .text.LL_I2C_IsActiveFlag_BUSY
                0x0800705a       0x28 CMakeFiles/STM32C5_LSM6DSV80X_Project1.dir/stm32c5xx_drivers/hal/stm32c5xx_hal_i2c.c.obj
 .text.LL_I2C_ClearFlag_NACK
                0x08007082       0x20 CMakeFiles/STM32C5_LSM6DSV80X_Project1.dir/stm32c5xx_drivers/hal/stm32c5xx_hal_i2c.c.obj
 .text.LL_I2C_ClearFlag_STOP
                0x080070a2       0x20 CMakeFiles/STM32C5_LSM6DSV80X_Project1.dir/stm32c5xx_drivers/hal/stm32c5xx_hal_i2c.c.obj
 .text.LL_I2C_ClearFlag_TXE
                0x080070c2       0x1a CMakeFiles/STM32C5_LSM6DSV80X_Project1.dir/stm32c5xx_drivers/hal/stm32c5xx_hal_i2c.c.obj
 .text.LL_I2C_ClearFlag_BERR
                0x080070dc       0x20 CMakeFiles/STM32C5_LSM6DSV80X_Project1.dir/stm32c5xx_drivers/hal/stm32c5xx_hal_i2c.c.obj
 .text.LL_I2C_ClearFlag_ARLO
                0x080070fc       0x20 CMakeFiles/STM32C5_LSM6DSV80X_Project1.dir/stm32c5xx_drivers/hal/stm32c5xx_hal_i2c.c.obj
 .text.LL_I2C_ClearFlag_OVR
                0x0800711c       0x20 CMakeFiles/STM32C5_LSM6DSV80X_Project1.dir/stm32c5xx_drivers/hal/stm32c5xx_hal_i2c.c.obj
 .text.LL_I2C_GenerateStopCondition
                0x0800713c       0x20 CMakeFiles/STM32C5_LSM6DSV80X_Project1.dir/stm32c5xx_drivers/hal/stm32c5xx_hal_i2c.c.obj
 .text.LL_I2C_ReceiveData8
                0x0800715c       0x1a CMakeFiles/STM32C5_LSM6DSV80X_Project1.dir/stm32c5xx_drivers/hal/stm32c5xx_hal_i2c.c.obj
 .text.LL_I2C_TransmitData8
                0x08007176       0x1e CMakeFiles/STM32C5_LSM6DSV80X_Project1.dir/stm32c5xx_drivers/hal/stm32c5xx_hal_i2c.c.obj
 .text.HAL_I2C_Init
                0x08007194       0x6c CMakeFiles/STM32C5_LSM6DSV80X_Project1.dir/stm32c5xx_drivers/hal/stm32c5xx_hal_i2c.c.obj
                0x08007194                HAL_I2C_Init
 .text.HAL_I2C_SetConfig
                0x08007200       0x86 CMakeFiles/STM32C5_LSM6DSV80X_Project1.dir/stm32c5xx_drivers/hal/stm32c5xx_hal_i2c.c.obj
                0x08007200                HAL_I2C_SetConfig
 .text.HAL_I2C_EnableAnalogFilter
                0x08007286       0x2c CMakeFiles/STM32C5_LSM6DSV80X_Project1.dir/stm32c5xx_drivers/hal/stm32c5xx_hal_i2c.c.obj
                0x08007286                HAL_I2C_EnableAnalogFilter
 *fill*         0x080072b2        0x2 
 .text.HAL_I2C_MASTER_MemWrite
                0x080072b4      0x1c8 CMakeFiles/STM32C5_LSM6DSV80X_Project1.dir/stm32c5xx_drivers/hal/stm32c5xx_hal_i2c.c.obj
                0x080072b4                HAL_I2C_MASTER_MemWrite
 .text.HAL_I2C_MASTER_MemRead
                0x0800747c      0x1d4 CMakeFiles/STM32C5_LSM6DSV80X_Project1.dir/stm32c5xx_drivers/hal/stm32c5xx_hal_i2c.c.obj
                0x0800747c                HAL_I2C_MASTER_MemRead
 .text.I2C_RequestMemoryWrite
                0x08007650       0xa0 CMakeFiles/STM32C5_LSM6DSV80X_Project1.dir/stm32c5xx_drivers/hal/stm32c5xx_hal_i2c.c.obj
 .text.I2C_RequestMemoryRead
                0x080076f0       0xa0 CMakeFiles/STM32C5_LSM6DSV80X_Project1.dir/stm32c5xx_drivers/hal/stm32c5xx_hal_i2c.c.obj
 .text.I2C_Flush_TXDR
                0x08007790       0x36 CMakeFiles/STM32C5_LSM6DSV80X_Project1.dir/stm32c5xx_drivers/hal/stm32c5xx_hal_i2c.c.obj
 .text.I2C_WaitOnFlagUntilTimeout
                0x080077c6       0x8c CMakeFiles/STM32C5_LSM6DSV80X_Project1.dir/stm32c5xx_drivers/hal/stm32c5xx_hal_i2c.c.obj
 .text.I2C_WaitOnTXISFlagUntilTimeout
                0x08007852       0x82 CMakeFiles/STM32C5_LSM6DSV80X_Project1.dir/stm32c5xx_drivers/hal/stm32c5xx_hal_i2c.c.obj
 .text.I2C_WaitOnSTOPFlagUntilTimeout
                0x080078d4       0x7a CMakeFiles/STM32C5_LSM6DSV80X_Project1.dir/stm32c5xx_drivers/hal/stm32c5xx_hal_i2c.c.obj
 *fill*         0x0800794e        0x2 
 .text.I2C_IsErrorOccurred
                0x08007950      0x178 CMakeFiles/STM32C5_LSM6DSV80X_Project1.dir/stm32c5xx_drivers/hal/stm32c5xx_hal_i2c.c.obj
 .text.I2C_TransferConfig
                0x08007ac8       0x58 CMakeFiles/STM32C5_LSM6DSV80X_Project1.dir/stm32c5xx_drivers/hal/stm32c5xx_hal_i2c.c.obj
 .text.LL_ICACHE_Enable
                0x08007b20       0x20 CMakeFiles/STM32C5_LSM6DSV80X_Project1.dir/stm32c5xx_drivers/hal/stm32c5xx_hal_icache.c.obj
 .text.LL_ICACHE_EnableIT
                0x08007b40       0x22 CMakeFiles/STM32C5_LSM6DSV80X_Project1.dir/stm32c5xx_drivers/hal/stm32c5xx_hal_icache.c.obj
 .text.HAL_ICACHE_Init
                0x08007b62       0x28 CMakeFiles/STM32C5_LSM6DSV80X_Project1.dir/stm32c5xx_drivers/hal/stm32c5xx_hal_icache.c.obj
                0x08007b62                HAL_ICACHE_Init
 .text.HAL_ICACHE_Start
                0x08007b8a       0x32 CMakeFiles/STM32C5_LSM6DSV80X_Project1.dir/stm32c5xx_drivers/hal/stm32c5xx_hal_icache.c.obj
                0x08007b8a                HAL_ICACHE_Start
 .text.LL_RCC_LSI_IsReady
                0x08007bbc       0x28 CMakeFiles/STM32C5_LSM6DSV80X_Project1.dir/stm32c5xx_drivers/hal/stm32c5xx_hal_rcc.c.obj
 .text.LL_RCC_HSIS_Enable
                0x08007be4       0x20 CMakeFiles/STM32C5_LSM6DSV80X_Project1.dir/stm32c5xx_drivers/hal/stm32c5xx_hal_rcc.c.obj
 .text.LL_RCC_HSIS_IsReady
                0x08007c04       0x24 CMakeFiles/STM32C5_LSM6DSV80X_Project1.dir/stm32c5xx_drivers/hal/stm32c5xx_hal_rcc.c.obj
 .text.LL_RCC_HSIK_IsReady
                0x08007c28       0x24 CMakeFiles/STM32C5_LSM6DSV80X_Project1.dir/stm32c5xx_drivers/hal/stm32c5xx_hal_rcc.c.obj
 .text.LL_RCC_HSIK_GetDivider
                0x08007c4c       0x1c CMakeFiles/STM32C5_LSM6DSV80X_Project1.dir/stm32c5xx_drivers/hal/stm32c5xx_hal_rcc.c.obj
 .text.LL_RCC_PSIS_Enable
                0x08007c68       0x20 CMakeFiles/STM32C5_LSM6DSV80X_Project1.dir/stm32c5xx_drivers/hal/stm32c5xx_hal_rcc.c.obj
 .text.LL_RCC_PSIS_IsReady
                0x08007c88       0x28 CMakeFiles/STM32C5_LSM6DSV80X_Project1.dir/stm32c5xx_drivers/hal/stm32c5xx_hal_rcc.c.obj
 .text.LL_RCC_PSIDIV3_IsReady
                0x08007cb0       0x28 CMakeFiles/STM32C5_LSM6DSV80X_Project1.dir/stm32c5xx_drivers/hal/stm32c5xx_hal_rcc.c.obj
 .text.LL_RCC_PSIK_IsReady
                0x08007cd8       0x28 CMakeFiles/STM32C5_LSM6DSV80X_Project1.dir/stm32c5xx_drivers/hal/stm32c5xx_hal_rcc.c.obj
 .text.LL_RCC_PSIK_GetDivider
                0x08007d00       0x1c CMakeFiles/STM32C5_LSM6DSV80X_Project1.dir/stm32c5xx_drivers/hal/stm32c5xx_hal_rcc.c.obj
 .text.LL_RCC_ConfigPSI
                0x08007d1c       0x38 CMakeFiles/STM32C5_LSM6DSV80X_Project1.dir/stm32c5xx_drivers/hal/stm32c5xx_hal_rcc.c.obj
 .text.LL_RCC_GetConfigPSI
                0x08007d54       0x40 CMakeFiles/STM32C5_LSM6DSV80X_Project1.dir/stm32c5xx_drivers/hal/stm32c5xx_hal_rcc.c.obj
 .text.LL_RCC_SetSysClkSource
                0x08007d94       0x28 CMakeFiles/STM32C5_LSM6DSV80X_Project1.dir/stm32c5xx_drivers/hal/stm32c5xx_hal_rcc.c.obj
 .text.LL_RCC_GetSysClkSource
                0x08007dbc       0x1c CMakeFiles/STM32C5_LSM6DSV80X_Project1.dir/stm32c5xx_drivers/hal/stm32c5xx_hal_rcc.c.obj
 .text.LL_RCC_GetAHBPrescaler
                0x08007dd8       0x1c CMakeFiles/STM32C5_LSM6DSV80X_Project1.dir/stm32c5xx_drivers/hal/stm32c5xx_hal_rcc.c.obj
 .text.LL_RCC_GetSystickClockSource
                0x08007df4       0x1c CMakeFiles/STM32C5_LSM6DSV80X_Project1.dir/stm32c5xx_drivers/hal/stm32c5xx_hal_rcc.c.obj
 .text.LL_RCC_GetAPB1Prescaler
                0x08007e10       0x1c CMakeFiles/STM32C5_LSM6DSV80X_Project1.dir/stm32c5xx_drivers/hal/stm32c5xx_hal_rcc.c.obj
 .text.LL_RCC_GetAPB2Prescaler
                0x08007e2c       0x1c CMakeFiles/STM32C5_LSM6DSV80X_Project1.dir/stm32c5xx_drivers/hal/stm32c5xx_hal_rcc.c.obj
 .text.LL_RCC_GetAPB3Prescaler
                0x08007e48       0x1c CMakeFiles/STM32C5_LSM6DSV80X_Project1.dir/stm32c5xx_drivers/hal/stm32c5xx_hal_rcc.c.obj
 .text.LL_RCC_ConfigBusClock
                0x08007e64       0x2c CMakeFiles/STM32C5_LSM6DSV80X_Project1.dir/stm32c5xx_drivers/hal/stm32c5xx_hal_rcc.c.obj
 .text.LL_RCC_SetClockSource
                0x08007e90       0x54 CMakeFiles/STM32C5_LSM6DSV80X_Project1.dir/stm32c5xx_drivers/hal/stm32c5xx_hal_rcc.c.obj
 .text.LL_RCC_SetUSARTClockSource
                0x08007ee4       0x16 CMakeFiles/STM32C5_LSM6DSV80X_Project1.dir/stm32c5xx_drivers/hal/stm32c5xx_hal_rcc.c.obj
 .text.LL_RCC_SetI2CClockSource
                0x08007efa       0x16 CMakeFiles/STM32C5_LSM6DSV80X_Project1.dir/stm32c5xx_drivers/hal/stm32c5xx_hal_rcc.c.obj
 .text.LL_RCC_GetClockSource
                0x08007f10       0x48 CMakeFiles/STM32C5_LSM6DSV80X_Project1.dir/stm32c5xx_drivers/hal/stm32c5xx_hal_rcc.c.obj
 .text.LL_RCC_GetUSARTClockSource
                0x08007f58       0x18 CMakeFiles/STM32C5_LSM6DSV80X_Project1.dir/stm32c5xx_drivers/hal/stm32c5xx_hal_rcc.c.obj
 .text.LL_RCC_GetUARTClockSource
                0x08007f70       0x18 CMakeFiles/STM32C5_LSM6DSV80X_Project1.dir/stm32c5xx_drivers/hal/stm32c5xx_hal_rcc.c.obj
 .text.LL_RCC_GetLPUARTClockSource
                0x08007f88       0x24 CMakeFiles/STM32C5_LSM6DSV80X_Project1.dir/stm32c5xx_drivers/hal/stm32c5xx_hal_rcc.c.obj
 .text.HAL_RCC_HSIS_Enable
                0x08007fac       0x1c CMakeFiles/STM32C5_LSM6DSV80X_Project1.dir/stm32c5xx_drivers/hal/stm32c5xx_hal_rcc.c.obj
                0x08007fac                HAL_RCC_HSIS_Enable
 .text.HAL_RCC_PSIS_Enable
                0x08007fc8       0x1c CMakeFiles/STM32C5_LSM6DSV80X_Project1.dir/stm32c5xx_drivers/hal/stm32c5xx_hal_rcc.c.obj
                0x08007fc8                HAL_RCC_PSIS_Enable
 .text.HAL_RCC_PSI_SetConfig
                0x08007fe4       0x50 CMakeFiles/STM32C5_LSM6DSV80X_Project1.dir/stm32c5xx_drivers/hal/stm32c5xx_hal_rcc.c.obj
                0x08007fe4                HAL_RCC_PSI_SetConfig
 .text.HAL_RCC_PSI_GetConfig
                0x08008034       0x34 CMakeFiles/STM32C5_LSM6DSV80X_Project1.dir/stm32c5xx_drivers/hal/stm32c5xx_hal_rcc.c.obj
                0x08008034                HAL_RCC_PSI_GetConfig
 .text.HAL_RCC_SetSYSCLKSource
                0x08008068       0x52 CMakeFiles/STM32C5_LSM6DSV80X_Project1.dir/stm32c5xx_drivers/hal/stm32c5xx_hal_rcc.c.obj
                0x08008068                HAL_RCC_SetSYSCLKSource
 .text.HAL_RCC_GetSYSCLKSource
                0x080080ba       0x12 CMakeFiles/STM32C5_LSM6DSV80X_Project1.dir/stm32c5xx_drivers/hal/stm32c5xx_hal_rcc.c.obj
                0x080080ba                HAL_RCC_GetSYSCLKSource
 .text.HAL_RCC_SetBusClockConfig
                0x080080cc       0x38 CMakeFiles/STM32C5_LSM6DSV80X_Project1.dir/stm32c5xx_drivers/hal/stm32c5xx_hal_rcc.c.obj
                0x080080cc                HAL_RCC_SetBusClockConfig
 .text.HAL_RCC_GetPSIClockFreq
                0x08008104       0x9c CMakeFiles/STM32C5_LSM6DSV80X_Project1.dir/stm32c5xx_drivers/hal/stm32c5xx_hal_rcc.c.obj
                0x08008104                HAL_RCC_GetPSIClockFreq
 .text.HAL_RCC_GetSYSCLKFreq
                0x080081a0       0x3c CMakeFiles/STM32C5_LSM6DSV80X_Project1.dir/stm32c5xx_drivers/hal/stm32c5xx_hal_rcc.c.obj
                0x080081a0                HAL_RCC_GetSYSCLKFreq
 .text.HAL_RCC_GetHCLKFreq
                0x080081dc       0x20 CMakeFiles/STM32C5_LSM6DSV80X_Project1.dir/stm32c5xx_drivers/hal/stm32c5xx_hal_rcc.c.obj
                0x080081dc                HAL_RCC_GetHCLKFreq
 .text.HAL_RCC_GetPCLK1Freq
                0x080081fc       0x24 CMakeFiles/STM32C5_LSM6DSV80X_Project1.dir/stm32c5xx_drivers/hal/stm32c5xx_hal_rcc.c.obj
                0x080081fc                HAL_RCC_GetPCLK1Freq
 .text.HAL_RCC_GetPCLK2Freq
                0x08008220       0x24 CMakeFiles/STM32C5_LSM6DSV80X_Project1.dir/stm32c5xx_drivers/hal/stm32c5xx_hal_rcc.c.obj
                0x08008220                HAL_RCC_GetPCLK2Freq
 .text.HAL_RCC_GetPCLK3Freq
                0x08008244       0x24 CMakeFiles/STM32C5_LSM6DSV80X_Project1.dir/stm32c5xx_drivers/hal/stm32c5xx_hal_rcc.c.obj
                0x08008244                HAL_RCC_GetPCLK3Freq
 .text.HAL_RCC_USART1_SetKernelClkSource
                0x08008268       0x1e CMakeFiles/STM32C5_LSM6DSV80X_Project1.dir/stm32c5xx_drivers/hal/stm32c5xx_hal_rcc.c.obj
                0x08008268                HAL_RCC_USART1_SetKernelClkSource
 .text.HAL_RCC_I2C1_SetKernelClkSource
                0x08008286       0x1a CMakeFiles/STM32C5_LSM6DSV80X_Project1.dir/stm32c5xx_drivers/hal/stm32c5xx_hal_rcc.c.obj
                0x08008286                HAL_RCC_I2C1_SetKernelClkSource
 .text.HAL_RCC_UART_GetKernelClkFreq
                0x080082a0       0x88 CMakeFiles/STM32C5_LSM6DSV80X_Project1.dir/stm32c5xx_drivers/hal/stm32c5xx_hal_rcc.c.obj
                0x080082a0                HAL_RCC_UART_GetKernelClkFreq
 .text.HAL_RCC_USART1_GetKernelClkFreq
                0x08008328       0xb0 CMakeFiles/STM32C5_LSM6DSV80X_Project1.dir/stm32c5xx_drivers/hal/stm32c5xx_hal_rcc.c.obj
                0x08008328                HAL_RCC_USART1_GetKernelClkFreq
 .text.HAL_RCC_USART2_GetKernelClkFreq
                0x080083d8       0xb4 CMakeFiles/STM32C5_LSM6DSV80X_Project1.dir/stm32c5xx_drivers/hal/stm32c5xx_hal_rcc.c.obj
                0x080083d8                HAL_RCC_USART2_GetKernelClkFreq
 .text.HAL_RCC_UART4_GetKernelClkFreq
                0x0800848c       0xb4 CMakeFiles/STM32C5_LSM6DSV80X_Project1.dir/stm32c5xx_drivers/hal/stm32c5xx_hal_rcc.c.obj
                0x0800848c                HAL_RCC_UART4_GetKernelClkFreq
 .text.HAL_RCC_UART5_GetKernelClkFreq
                0x08008540       0xb4 CMakeFiles/STM32C5_LSM6DSV80X_Project1.dir/stm32c5xx_drivers/hal/stm32c5xx_hal_rcc.c.obj
                0x08008540                HAL_RCC_UART5_GetKernelClkFreq
 .text.HAL_RCC_LPUART1_GetKernelClkFreq
                0x080085f4       0x88 CMakeFiles/STM32C5_LSM6DSV80X_Project1.dir/stm32c5xx_drivers/hal/stm32c5xx_hal_rcc.c.obj
                0x080085f4                HAL_RCC_LPUART1_GetKernelClkFreq
 .text.HAL_RCC_GetSysTickExternalClkFreq
                0x0800867c       0x3e CMakeFiles/STM32C5_LSM6DSV80X_Project1.dir/stm32c5xx_drivers/hal/stm32c5xx_hal_rcc.c.obj
                0x0800867c                HAL_RCC_GetSysTickExternalClkFreq
 .text.RCC_WaitForTimeout
                0x080086ba       0x54 CMakeFiles/STM32C5_LSM6DSV80X_Project1.dir/stm32c5xx_drivers/hal/stm32c5xx_hal_rcc.c.obj
 .text.RCC_GetDividerValue
                0x0800870e      0x132 CMakeFiles/STM32C5_LSM6DSV80X_Project1.dir/stm32c5xx_drivers/hal/stm32c5xx_hal_rcc.c.obj
 .text.LL_USART_Enable
                0x08008840       0x20 CMakeFiles/STM32C5_LSM6DSV80X_Project1.dir/stm32c5xx_drivers/hal/stm32c5xx_hal_uart.c.obj
 .text.LL_USART_Disable
                0x08008860       0x20 CMakeFiles/STM32C5_LSM6DSV80X_Project1.dir/stm32c5xx_drivers/hal/stm32c5xx_hal_uart.c.obj
 .text.LL_USART_IsEnabled
                0x08008880       0x26 CMakeFiles/STM32C5_LSM6DSV80X_Project1.dir/stm32c5xx_drivers/hal/stm32c5xx_hal_uart.c.obj
 *fill*         0x080088a6        0x2 
 .text.LL_USART_ConfigXfer
                0x080088a8       0x3c CMakeFiles/STM32C5_LSM6DSV80X_Project1.dir/stm32c5xx_drivers/hal/stm32c5xx_hal_uart.c.obj
 .text.LL_USART_IsEnabledDirectionRx
                0x080088e4       0x26 CMakeFiles/STM32C5_LSM6DSV80X_Project1.dir/stm32c5xx_drivers/hal/stm32c5xx_hal_uart.c.obj
 .text.LL_USART_IsEnabledDirectionTx
                0x0800890a       0x26 CMakeFiles/STM32C5_LSM6DSV80X_Project1.dir/stm32c5xx_drivers/hal/stm32c5xx_hal_uart.c.obj
 .text.LL_USART_SetTransferDirection
                0x08008930       0x48 CMakeFiles/STM32C5_LSM6DSV80X_Project1.dir/stm32c5xx_drivers/hal/stm32c5xx_hal_uart.c.obj
 .text.LL_USART_SetPrescaler
                0x08008978       0x28 CMakeFiles/STM32C5_LSM6DSV80X_Project1.dir/stm32c5xx_drivers/hal/stm32c5xx_hal_uart.c.obj
 .text.LL_USART_SetHWFlowCtrl
                0x080089a0       0x26 CMakeFiles/STM32C5_LSM6DSV80X_Project1.dir/stm32c5xx_drivers/hal/stm32c5xx_hal_uart.c.obj
 .text.LL_USART_EnableOneBitSample
                0x080089c6       0x20 CMakeFiles/STM32C5_LSM6DSV80X_Project1.dir/stm32c5xx_drivers/hal/stm32c5xx_hal_uart.c.obj
 .text.LL_USART_DisableOneBitSample
                0x080089e6       0x20 CMakeFiles/STM32C5_LSM6DSV80X_Project1.dir/stm32c5xx_drivers/hal/stm32c5xx_hal_uart.c.obj
 *fill*         0x08008a06        0x2 
 .text.LL_USART_SetBaudRate
                0x08008a08       0x9c CMakeFiles/STM32C5_LSM6DSV80X_Project1.dir/stm32c5xx_drivers/hal/stm32c5xx_hal_uart.c.obj
 .text.LL_USART_IsEnabledHalfDuplex
                0x08008aa4       0x26 CMakeFiles/STM32C5_LSM6DSV80X_Project1.dir/stm32c5xx_drivers/hal/stm32c5xx_hal_uart.c.obj
 .text.LL_USART_ConfigAsyncMode
                0x08008aca       0x2c CMakeFiles/STM32C5_LSM6DSV80X_Project1.dir/stm32c5xx_drivers/hal/stm32c5xx_hal_uart.c.obj
 .text.LL_USART_IsActiveFlag_RTO
                0x08008af6       0x28 CMakeFiles/STM32C5_LSM6DSV80X_Project1.dir/stm32c5xx_drivers/hal/stm32c5xx_hal_uart.c.obj
 .text.LL_USART_IsActiveFlag_TEACK
                0x08008b1e       0x28 CMakeFiles/STM32C5_LSM6DSV80X_Project1.dir/stm32c5xx_drivers/hal/stm32c5xx_hal_uart.c.obj
 .text.LL_USART_IsActiveFlag_REACK
                0x08008b46       0x28 CMakeFiles/STM32C5_LSM6DSV80X_Project1.dir/stm32c5xx_drivers/hal/stm32c5xx_hal_uart.c.obj
 .text.LL_USART_ClearFlag_RTO
                0x08008b6e       0x1c CMakeFiles/STM32C5_LSM6DSV80X_Project1.dir/stm32c5xx_drivers/hal/stm32c5xx_hal_uart.c.obj
 .text.LL_USART_DisableIT_CR1
                0x08008b8a       0x46 CMakeFiles/STM32C5_LSM6DSV80X_Project1.dir/stm32c5xx_drivers/hal/stm32c5xx_hal_uart.c.obj
 .text.LL_USART_DisableIT_CR3
                0x08008bd0       0x4a CMakeFiles/STM32C5_LSM6DSV80X_Project1.dir/stm32c5xx_drivers/hal/stm32c5xx_hal_uart.c.obj
 .text.LL_USART_TransmitData8
                0x08008c1a       0x1e CMakeFiles/STM32C5_LSM6DSV80X_Project1.dir/stm32c5xx_drivers/hal/stm32c5xx_hal_uart.c.obj
 .text.LL_USART_TransmitData9
                0x08008c38       0x22 CMakeFiles/STM32C5_LSM6DSV80X_Project1.dir/stm32c5xx_drivers/hal/stm32c5xx_hal_uart.c.obj
 *fill*         0x08008c5a        0x2 
 .text.LL_LPUART_DIV
                0x08008c5c       0x8c CMakeFiles/STM32C5_LSM6DSV80X_Project1.dir/stm32c5xx_drivers/hal/stm32c5xx_hal_uart.c.obj
 .text.LL_LPUART_ConfigXfer
                0x08008ce8       0x3c CMakeFiles/STM32C5_LSM6DSV80X_Project1.dir/stm32c5xx_drivers/hal/stm32c5xx_hal_uart.c.obj
 .text.LL_LPUART_SetBaudRate
                0x08008d24       0x2c CMakeFiles/STM32C5_LSM6DSV80X_Project1.dir/stm32c5xx_drivers/hal/stm32c5xx_hal_uart.c.obj
 .text.HAL_UART_Init
                0x08008d50       0x52 CMakeFiles/STM32C5_LSM6DSV80X_Project1.dir/stm32c5xx_drivers/hal/stm32c5xx_hal_uart.c.obj
                0x08008d50                HAL_UART_Init
 *fill*         0x08008da2        0x2 
 .text.HAL_UART_SetConfig
                0x08008da4      0x12c CMakeFiles/STM32C5_LSM6DSV80X_Project1.dir/stm32c5xx_drivers/hal/stm32c5xx_hal_uart.c.obj
                0x08008da4                HAL_UART_SetConfig
 .text.HAL_UART_Transmit
                0x08008ed0      0x12c CMakeFiles/STM32C5_LSM6DSV80X_Project1.dir/stm32c5xx_drivers/hal/stm32c5xx_hal_uart.c.obj
                0x08008ed0                HAL_UART_Transmit
 .text.UART_CheckEnabledState
                0x08008ffc       0xb0 CMakeFiles/STM32C5_LSM6DSV80X_Project1.dir/stm32c5xx_drivers/hal/stm32c5xx_hal_uart.c.obj
 .text.UART_WaitOnFlagUntilTimeout
                0x080090ac       0xb6 CMakeFiles/STM32C5_LSM6DSV80X_Project1.dir/stm32c5xx_drivers/hal/stm32c5xx_hal_uart.c.obj
 .text._getpid  0x08009162       0x10 CMakeFiles/STM32C5_LSM6DSV80X_Project1.dir/utilities/syscalls/syscalls.c.obj
                0x08009162                _getpid
 .text._kill    0x08009172       0x20 CMakeFiles/STM32C5_LSM6DSV80X_Project1.dir/utilities/syscalls/syscalls.c.obj
                0x08009172                _kill
 .text._exit    0x08009192       0x16 CMakeFiles/STM32C5_LSM6DSV80X_Project1.dir/utilities/syscalls/syscalls.c.obj
                0x08009192                _exit
 .text._read    0x080091a8       0x3a CMakeFiles/STM32C5_LSM6DSV80X_Project1.dir/utilities/syscalls/syscalls.c.obj
                0x080091a8                _read
 .text._close   0x080091e2       0x18 CMakeFiles/STM32C5_LSM6DSV80X_Project1.dir/utilities/syscalls/syscalls.c.obj
                0x080091e2                _close
 .text._fstat   0x080091fa       0x20 CMakeFiles/STM32C5_LSM6DSV80X_Project1.dir/utilities/syscalls/syscalls.c.obj
                0x080091fa                _fstat
 .text._isatty  0x0800921a       0x16 CMakeFiles/STM32C5_LSM6DSV80X_Project1.dir/utilities/syscalls/syscalls.c.obj
                0x0800921a                _isatty
 .text._lseek   0x08009230       0x1a CMakeFiles/STM32C5_LSM6DSV80X_Project1.dir/utilities/syscalls/syscalls.c.obj
                0x08009230                _lseek
 *fill*         0x0800924a        0x2 
 .text._sbrk    0x0800924c       0x6c CMakeFiles/STM32C5_LSM6DSV80X_Project1.dir/utilities/syscalls/sysmem.c.obj
                0x0800924c                _sbrk
 .text.printf   0x080092b8       0x24 C:/ST/STM32CubeIDE_2.1.1/STM32CubeIDE/plugins/com.st.stm32cube.ide.mcu.externaltools.gnu-tools-for-stm32.14.3.rel1.win32_1.0.100.202602081740/tools/bin/../lib/gcc/arm-none-eabi/14.3.1/../../../../arm-none-eabi/lib/thumb/v8-m.main+fp/hard\libc_nano.a(libc_a-printf.o)
                0x080092b8                iprintf
                0x080092b8                printf
 .text._puts_r  0x080092dc       0xaa C:/ST/STM32CubeIDE_2.1.1/STM32CubeIDE/plugins/com.st.stm32cube.ide.mcu.externaltools.gnu-tools-for-stm32.14.3.rel1.win32_1.0.100.202602081740/tools/bin/../lib/gcc/arm-none-eabi/14.3.1/../../../../arm-none-eabi/lib/thumb/v8-m.main+fp/hard\libc_nano.a(libc_a-puts.o)
                0x080092dc                _puts_r
 *fill*         0x08009386        0x2 
 .text.puts     0x08009388       0x10 C:/ST/STM32CubeIDE_2.1.1/STM32CubeIDE/plugins/com.st.stm32cube.ide.mcu.externaltools.gnu-tools-for-stm32.14.3.rel1.win32_1.0.100.202602081740/tools/bin/../lib/gcc/arm-none-eabi/14.3.1/../../../../arm-none-eabi/lib/thumb/v8-m.main+fp/hard\libc_nano.a(libc_a-puts.o)
                0x08009388                puts
 .text.__errno  0x08009398        0xc C:/ST/STM32CubeIDE_2.1.1/STM32CubeIDE/plugins/com.st.stm32cube.ide.mcu.externaltools.gnu-tools-for-stm32.14.3.rel1.win32_1.0.100.202602081740/tools/bin/../lib/gcc/arm-none-eabi/14.3.1/../../../../arm-none-eabi/lib/thumb/v8-m.main+fp/hard\libc_nano.a(libc_a-errno.o)
                0x08009398                __errno
 *(.glue_7)
 .glue_7        0x080093a4        0x0 linker stubs
 *(.glue_7t)
 .glue_7t       0x080093a4        0x0 linker stubs
 *(.eh_frame)
 .eh_frame      0x080093a4        0x0 C:/ST/STM32CubeIDE_2.1.1/STM32CubeIDE/plugins/com.st.stm32cube.ide.mcu.externaltools.gnu-tools-for-stm32.14.3.rel1.win32_1.0.100.202602081740/tools/bin/../lib/gcc/arm-none-eabi/14.3.1/thumb/v8-m.main+fp/hard/crtbegin.o
 *(.init)
 .init          0x080093a4        0x4 C:/ST/STM32CubeIDE_2.1.1/STM32CubeIDE/plugins/com.st.stm32cube.ide.mcu.externaltools.gnu-tools-for-stm32.14.3.rel1.win32_1.0.100.202602081740/tools/bin/../lib/gcc/arm-none-eabi/14.3.1/thumb/v8-m.main+fp/hard/crti.o
                0x080093a4                _init
 .init          0x080093a8        0x8 C:/ST/STM32CubeIDE_2.1.1/STM32CubeIDE/plugins/com.st.stm32cube.ide.mcu.externaltools.gnu-tools-for-stm32.14.3.rel1.win32_1.0.100.202602081740/tools/bin/../lib/gcc/arm-none-eabi/14.3.1/thumb/v8-m.main+fp/hard/crtn.o
 *(.fini)
 .fini          0x080093b0        0x4 C:/ST/STM32CubeIDE_2.1.1/STM32CubeIDE/plugins/com.st.stm32cube.ide.mcu.externaltools.gnu-tools-for-stm32.14.3.rel1.win32_1.0.100.202602081740/tools/bin/../lib/gcc/arm-none-eabi/14.3.1/thumb/v8-m.main+fp/hard/crti.o
                0x080093b0                _fini
 .fini          0x080093b4        0x8 C:/ST/STM32CubeIDE_2.1.1/STM32CubeIDE/plugins/com.st.stm32cube.ide.mcu.externaltools.gnu-tools-for-stm32.14.3.rel1.win32_1.0.100.202602081740/tools/bin/../lib/gcc/arm-none-eabi/14.3.1/thumb/v8-m.main+fp/hard/crtn.o
                0x080093c0                        . = ALIGN (0x8)
 *fill*         0x080093bc        0x4 
                0x080093c0                        _etext = .

.vfp11_veneer   0x080093c0        0x0
 .vfp11_veneer  0x080093c0        0x0 linker stubs

.v4_bx          0x080093c0        0x0
 .v4_bx         0x080093c0        0x0 linker stubs

.iplt           0x080093c0        0x0
 .iplt          0x080093c0        0x0 C:/ST/STM32CubeIDE_2.1.1/STM32CubeIDE/plugins/com.st.stm32cube.ide.mcu.externaltools.gnu-tools-for-stm32.14.3.rel1.win32_1.0.100.202602081740/tools/bin/../lib/gcc/arm-none-eabi/14.3.1/thumb/v8-m.main+fp/hard/crtbegin.o

.rodata         0x080093c0      0x4e0
                0x080093c0                        . = ALIGN (0x8)
 *(.rodata)
 .rodata        0x080093c0       0xf1 CMakeFiles/STM32C5_LSM6DSV80X_Project1.dir/main.c.obj
 *(.rodata*)
 .rodata._printf_float.str1.1
                0x080094b1      0x171 C:/ST/STM32CubeIDE_2.1.1/STM32CubeIDE/plugins/com.st.stm32cube.ide.mcu.externaltools.gnu-tools-for-stm32.14.3.rel1.win32_1.0.100.202602081740/tools/bin/../lib/gcc/arm-none-eabi/14.3.1/../../../../arm-none-eabi/lib/thumb/v8-m.main+fp/hard\libc_nano.a(libc_a-nano-vfprintf_float.o)
                                 0x12 (size before relaxing)
 .rodata._printf_i.str1.1
                0x08009622       0x22 C:/ST/STM32CubeIDE_2.1.1/STM32CubeIDE/plugins/com.st.stm32cube.ide.mcu.externaltools.gnu-tools-for-stm32.14.3.rel1.win32_1.0.100.202602081740/tools/bin/../lib/gcc/arm-none-eabi/14.3.1/../../../../arm-none-eabi/lib/thumb/v8-m.main+fp/hard\libc_nano.a(libc_a-nano-vfprintf_i.o)
 .rodata._dtoa_r.str1.1
                0x08009622       0x8f C:/ST/STM32CubeIDE_2.1.1/STM32CubeIDE/plugins/com.st.stm32cube.ide.mcu.externaltools.gnu-tools-for-stm32.14.3.rel1.win32_1.0.100.202602081740/tools/bin/../lib/gcc/arm-none-eabi/14.3.1/../../../../arm-none-eabi/lib/thumb/v8-m.main+fp/hard\libc_nano.a(libc_a-dtoa.o)
 .rodata._Balloc.str1.1
                0x08009622       0x70 C:/ST/STM32CubeIDE_2.1.1/STM32CubeIDE/plugins/com.st.stm32cube.ide.mcu.externaltools.gnu-tools-for-stm32.14.3.rel1.win32_1.0.100.202602081740/tools/bin/../lib/gcc/arm-none-eabi/14.3.1/../../../../arm-none-eabi/lib/thumb/v8-m.main+fp/hard\libc_nano.a(libc_a-mprec.o)
 .rodata.__multadd.str1.1
                0x08009622       0x11 C:/ST/STM32CubeIDE_2.1.1/STM32CubeIDE/plugins/com.st.stm32cube.ide.mcu.externaltools.gnu-tools-for-stm32.14.3.rel1.win32_1.0.100.202602081740/tools/bin/../lib/gcc/arm-none-eabi/14.3.1/../../../../arm-none-eabi/lib/thumb/v8-m.main+fp/hard\libc_nano.a(libc_a-mprec.o)
 *fill*         0x08009622        0x2 